******************************************************************************
                  TI ARM Linker PC v5.1.1                      
******************************************************************************
>> Linked Tue Jun 23 10:31:13 2015

OUTPUT FILE NAME:   <student.out>
ENTRY POINT SYMBOL: "_c_int00"  address: 00000999


MEMORY CONFIGURATION

         name            origin    length      used     unused   attr    fill
----------------------  --------  ---------  --------  --------  ----  --------
  FLASH                 00000000   00040000  00000ae6  0003f51a  R  X
  SRAM                  20000000   00018000  0000bc28  0000c3d8  RW X


SEGMENT ALLOCATION MAP

run origin  load origin   length   init length attrs members
----------  ----------- ---------- ----------- ----- -------
00000000    00000000    00000aec   00000aec    r-x
  00000000    00000000    0000011c   0000011c    r-- .intvecs
  0000011c    0000011c    00000926   00000926    r-x .text
  00000a48    00000a48    000000a4   000000a4    r-- .cinit
20000000    20000000    0000bc28   00000000    rw-
  20000000    20000000    0000bb80   00000000    rw- .stack
  2000bb80    2000bb80    000000a8   00000000    rw- .data


SECTION ALLOCATION MAP

 output                                  attributes/
section   page    origin      length       input sections
--------  ----  ----------  ----------   ----------------
.intvecs   0    00000000    0000011c     
                  00000000    0000011c     startup_ccs.obj (.intvecs)

.text      0    0000011c    00000926     
                  0000011c    000004c0     main.obj (.text)
                  000005dc    00000144     driverlib-cm3.lib : sysctl.obj (.text:SysCtlClockSet)
                  00000720    0000009c     rtsv7M3_T_le_eabi.lib : memcpy_t2.obj (.text)
                  000007bc    00000094                           : auto_init.obj (.text)
                  00000850    00000060     IntHandlerUART2.obj (.text)
                  000008b0    0000005e     rtsv7M3_T_le_eabi.lib : copy_decompress_rle.obj (.text)
                  0000090e    00000002     --HOLE-- [fill = 0]
                  00000910    00000044                           : cpy_tbl.obj (.text)
                  00000954    00000044                           : exit.obj (.text)
                  00000998    00000034                           : boot.obj (.text)
                  000009cc    00000028     IntHandlerPortH.obj (.text)
                  000009f4    00000018     rtsv7M3_T_le_eabi.lib : args_main.obj (.text)
                  00000a0c    00000014                           : _lock.obj (.text)
                  00000a20    0000000e                           : copy_decompress_none.obj (.text:decompress:none)
                  00000a2e    00000008     startup_ccs.obj (.text)
                  00000a36    00000006     driverlib-cm3.lib : sysctl.obj (.text:SysCtlDelay)
                  00000a3c    00000006     rtsv7M3_T_le_eabi.lib : copy_decompress_rle.obj (.text:decompress:rle24)

.cinit     0    00000a48    000000a4     
                  00000a48    00000093     (.cinit..data.load) [load image, compression = rle]
                  00000adb    00000001     --HOLE-- [fill = 0]
                  00000adc    00000008     (__TI_handler_table)
                  00000ae4    00000008     (__TI_cinit_table)

.stack     0    20000000    0000bb80     UNINITIALIZED
                  20000000    0000bb80     --HOLE--

.data      0    2000bb80    000000a8     UNINITIALIZED
                  2000bb80    00000082     main.obj (.data:codedLetters)
                  2000bc02    0000000b     main.obj (.data)
                  2000bc0d    00000003     --HOLE--
                  2000bc10    00000008     rtsv7M3_T_le_eabi.lib : _lock.obj (.data)
                  2000bc18    00000008                           : exit.obj (.data)
                  2000bc20    00000004     IntHandlerUART2.obj (.data)
                  2000bc24    00000004     rtsv7M3_T_le_eabi.lib : stkdepth_vars.obj (.data)


LINKER GENERATED COPY TABLES

__TI_cinit_table @ 00000ae4 records: 1, size/record: 8, table size: 8
	.data: load addr=00000a48, load size=00000093 bytes, run addr=2000bb80, run size=000000a8 bytes, compression=rle


LINKER GENERATED HANDLER TABLE

__TI_handler_table @ 00000adc records: 2, size/record: 4, table size: 8
	index: 0, handler: __TI_decompress_rle24
	index: 1, handler: __TI_decompress_none


GLOBAL SYMBOLS: SORTED ALPHABETICALLY BY Name 

address    name
--------   ----
00000955   C$$EXIT
000009cd   IntHandlerPortH
00000851   IntHandlerUART2
00000a2f   ResetISR
UNDEFED    SHT$$INIT_ARRAY$$Base
UNDEFED    SHT$$INIT_ARRAY$$Limit
000005dd   SysCtlClockSet
00000a37   SysCtlDelay
2000bb80   __STACK_END
0000bb80   __STACK_SIZE
20000100   __STACK_TOP
00000ae4   __TI_CINIT_Base
00000aec   __TI_CINIT_Limit
00000adc   __TI_Handler_Table_Base
00000ae4   __TI_Handler_Table_Limit
00000001   __TI_args_main
000007bd   __TI_auto_init
2000bc18   __TI_cleanup_ptr
00000a21   __TI_decompress_none
00000a3d   __TI_decompress_rle24
2000bc1c   __TI_dtors_ptr
00000000   __TI_static_base__
00000721   __aeabi_memcpy
00000721   __aeabi_memcpy4
00000721   __aeabi_memcpy8
ffffffff   __binit__
ffffffff   __c_args__
20000000   __stack
000009f5   _args_main
00000999   _c_int00
2000bc10   _lock
00000a1b   _nop
00000a13   _register_lock
00000a0d   _register_unlock
2000bc14   _unlock
00000959   abort
ffffffff   binit
2000bc03   buffer
2000bb80   codedLetters
00000911   copy_in
00000411   displayString
00000961   exit
00000000   g_pfnVectors
2000bc02   isInverted
00000143   main
2000bc24   main_func_sp
00000721   memcpy
00000283   sysConfig
00000397   timerConfig
000003cd   timerWait
0000011d   wait


GLOBAL SYMBOLS: SORTED BY Symbol Address 

address    name
--------   ----
00000000   __TI_static_base__
00000000   g_pfnVectors
00000001   __TI_args_main
0000011d   wait
00000143   main
00000283   sysConfig
00000397   timerConfig
000003cd   timerWait
00000411   displayString
000005dd   SysCtlClockSet
00000721   __aeabi_memcpy
00000721   __aeabi_memcpy4
00000721   __aeabi_memcpy8
00000721   memcpy
000007bd   __TI_auto_init
00000851   IntHandlerUART2
00000911   copy_in
00000955   C$$EXIT
00000959   abort
00000961   exit
00000999   _c_int00
000009cd   IntHandlerPortH
000009f5   _args_main
00000a0d   _register_unlock
00000a13   _register_lock
00000a1b   _nop
00000a21   __TI_decompress_none
00000a2f   ResetISR
00000a37   SysCtlDelay
00000a3d   __TI_decompress_rle24
00000adc   __TI_Handler_Table_Base
00000ae4   __TI_CINIT_Base
00000ae4   __TI_Handler_Table_Limit
00000aec   __TI_CINIT_Limit
0000bb80   __STACK_SIZE
20000000   __stack
20000100   __STACK_TOP
2000bb80   __STACK_END
2000bb80   codedLetters
2000bc02   isInverted
2000bc03   buffer
2000bc10   _lock
2000bc14   _unlock
2000bc18   __TI_cleanup_ptr
2000bc1c   __TI_dtors_ptr
2000bc24   main_func_sp
ffffffff   __binit__
ffffffff   __c_args__
ffffffff   binit
UNDEFED    SHT$$INIT_ARRAY$$Base
UNDEFED    SHT$$INIT_ARRAY$$Limit

[51 symbols]
