******************************************************************************
               TMS320C6x Linker PC v7.4.16                     
******************************************************************************
>> Linked Thu Jun 23 11:20:14 2016

OUTPUT FILE NAME:   <Lab4.out>
ENTRY POINT SYMBOL: "_c_int00"  address: 00002440


MEMORY CONFIGURATION

         name            origin    length      used     unused   attr    fill
----------------------  --------  ---------  --------  --------  ----  --------
  IVECS                 00000000   00000220  00000200  00000020  RWIX
  IRAM                  00000220   0002fde0  0000301a  0002cdc6  RWIX
  SDRAM                 80000000   00100000  00000000  00100000  RWIX
  FLASH                 90000000   00020000  00000000  00020000  RWIX


SECTION ALLOCATION MAP

 output                                  attributes/
section   page    origin      length       input sections
--------  ----  ----------  ----------   ----------------
$BRID      0    00000000    0000018c     COPY SECTION
                  00000000    00000078     csl6713.lib : csl_irq.obj ($BRID)
                  00000078    0000007c                 : csl_mcbsp.obj ($BRID)
                  000000f4    00000054     dsk6713bsl.lib : dsk6713.obj ($BRID)
                  00000148    00000024                    : dsk6713_aic23_opencodec.obj ($BRID)
                  0000016c    00000014                    : dsk6713_aic23_registers.obj ($BRID)
                  00000180    0000000c                    : dsk6713_aic23_setfreq.obj ($BRID)

.vectors   0    00000000    00000200     
                  00000000    00000200     DSK_vectors_AIC23.obj (.vectors)

.bss       0    00000220    00000000     UNINITIALIZED

.text      0    00000220    000024a0     
                  00000220    00000b20     iir_LPHP.obj (.text:retain)
                  00000d40    00000460     dsk6713bsl.lib : dsk6713.obj (.text)
                  000011a0    00000300                    : dsk6713_aic23_opencodec.obj (.text)
                  000014a0    00000240     rts6700.lib : memcpy62.obj (.text:_memcpy)
                  000016e0    000001e0     iir_LPHP.obj (.text)
                  000018c0    000001a0     csl6713.lib : csl_irq.obj (.text:_IRQ_map)
                  00001a60    00000180                 : csl_mcbsp.obj (.text:_MCBSP_reset)
                  00001be0    00000140     rts6700.lib : exit.obj (.text:_exit)
                  00001d20    00000140     dsk6713bsl.lib : dsk6713_aic23_registers.obj (.text)
                  00001e60    00000120     rts6700.lib : autoinit.obj (.text:__auto_init)
                  00001f80    00000100     csl6713.lib : csl_mcbsp.obj (.text:_MCBSP_start)
                  00002080    000000e0                 : csl_mcbsp.obj (.text:_MCBSP_open)
                  00002160    000000e0     rts6700.lib : strasg.obj (.text:__strasg)
                  00002240    000000c0     dsk6713bsl.lib : dsk6713_aic23_setfreq.obj (.text)
                  00002300    000000a0     csl6713.lib : csl_mcbsp.obj (.text:_MCBSP_config)
                  000023a0    000000a0                 : csl_irq.obj (.text:_setMux)
                  00002440    00000080     rts6700.lib : boot.obj (.text:_c_int00)
                  000024c0    00000040     csl6713.lib : csl_irq.obj (.text:_IRQ_enable)
                  00002500    00000040                 : csl_irq.obj (.text:_IRQ_reset)
                  00002540    00000040     rts6700.lib : args_main.obj (.text:__args_main)
                  00002580    00000020     csl6713.lib : csl_irq.obj (.text:_IRQ_globalDisable)
                  000025a0    00000020                 : csl_irq.obj (.text:_IRQ_globalEnable)
                  000025c0    00000020                 : csl_irq.obj (.text:_IRQ_nmiEnable)
                  000025e0    00000020                 : csl_irq.obj (.text:_IRQ_set)
                  00002600    00000020                 : csl_mcbsp.obj (.text:_MCBSP_getXmtEventId)
                  00002620    00000020                 : csl_mcbsp.obj (.text:_MCBSP_read)
                  00002640    00000020                 : csl_mcbsp.obj (.text:_MCBSP_write)
                  00002660    00000020     rts6700.lib : _lock.obj (.text:__nop)
                  00002680    00000020                 : exit.obj (.text:_abort)
                  000026a0    00000020     csl6713.lib : csl_irq.obj (.text)

.stack     0    000026c0    00000400     UNINITIALIZED
                  000026c0    00000008     rts6700.lib : boot.obj (.stack)
                  000026c8    000003f8     --HOLE--

.cinit     0    00002ac0    000003cc     
                  00002ac0    00000192     iir_LPHP.obj (.cinit)
                  00002c52    00000006     --HOLE-- [fill = 0]
                  00002c58    0000012c     csl6713.lib : csl_irq.obj (.cinit)
                  00002d84    00000004     --HOLE-- [fill = 0]
                  00002d88    00000054                 : csl_mcbsp.obj (.cinit)
                  00002ddc    00000004     --HOLE-- [fill = 0]
                  00002de0    00000030     dsk6713bsl.lib : dsk6713_aic23_registers.obj (.cinit)
                  00002e10    0000002c     rts6700.lib : exit.obj (.cinit)
                  00002e3c    00000004     --HOLE-- [fill = 0]
                  00002e40    00000028     dsk6713bsl.lib : dsk6713_aic23_setfreq.obj (.cinit)
                  00002e68    0000001c     rts6700.lib : _lock.obj (.cinit)
                  00002e84    00000004     --HOLE-- [fill = 0]
                  00002e88    00000004     (.pad.cinit) [fill = 0]

.far       0    00002e8c    0000034e     UNINITIALIZED
                  00002e8c    0000013c     iir_LPHP.obj (.far)
                  00002fc8    000000f4     csl6713.lib : csl_irq.obj (.far)
                  000030bc    0000008c     rts6700.lib : exit.obj (.far)
                  00003148    00000038     csl6713.lib : csl_mcbsp.obj (.far)
                  00003180    00000028     dsk6713bsl.lib : dsk6713_aic23_registers.obj (.far)
                  000031a8    00000020                    : dsk6713_aic23_setfreq.obj (.far)
                  000031c8    00000008                    : dsk6713_aic23_opencodec.obj (.far)
                  000031d0    00000008     rts6700.lib : _lock.obj (.far)
                  000031d8    00000002     dsk6713bsl.lib : dsk6713.obj (.far)

.const     0    000031dc    00000060     
                  000031dc    00000040     dsk6713bsl.lib : dsk6713_aic23_opencodec.obj (.const)
                  0000321c    00000020                    : dsk6713.obj (.const)


GLOBAL SYMBOLS: SORTED ALPHABETICALLY BY Name 

address    name
--------   ----
00000220   $bss
00000220   .bss
00000220   .text
00000040   AINT_V
00002680   C$$EXIT
00000140   INT10_V
00000160   INT11_V
00000180   INT12_V
000001a0   INT13_V
000001c0   INT14_V
000001e0   INT15_V
00000060   INT3_V
00000080   INT4_V
000000a0   INT5_V
000000c0   INT6_V
000000e0   INT7_V
00000100   INT8_V
00000120   INT9_V
00000020   NMI_V
00000000   RESET_V
00002e90   _AIC23CfgData
00002fc4   _AIC23_data
00002e8c   _AIC_data
000031c8   _DSK6713_AIC23_codeccontrolhandle
000031cc   _DSK6713_AIC23_codecdatahandle
00001de0   _DSK6713_AIC23_config
000011a0   _DSK6713_AIC23_openCodec
00001dbc   _DSK6713_AIC23_rget
00001d20   _DSK6713_AIC23_rset
00002240   _DSK6713_AIC23_setFreq
00001118   _DSK6713_getVersion
00000d70   _DSK6713_init
00001070   _DSK6713_rget
00001084   _DSK6713_rset
000031d8   _DSK6713_version
00001098   _DSK6713_wait
000010ec   _DSK6713_waitusec
00002f46   _IIR1_accu16
00002fb4   _IIR1_accu32
00002f48   _IIR2_accu16
00002fb8   _IIR2_accu32
00002f4a   _IIR3_accu16
00002fbc   _IIR3_accu32
00002f44   _IIR_accu16
00002fb0   _IIR_accu32
000024c0   _IRQ_enable
00002580   _IRQ_globalDisable
000025a0   _IRQ_globalEnable
000018c0   _IRQ_map
000025c0   _IRQ_nmiEnable
00002500   _IRQ_reset
000025e0   _IRQ_set
00002300   _MCBSP_config
00002600   _MCBSP_getXmtEventId
00002080   _MCBSP_open
00002620   _MCBSP_read
00001a60   _MCBSP_reset
00001f80   _MCBSP_start
00002640   _MCBSP_write
000030b4   __IRQ_dispatchTable
00002ff0   __IRQ_eventTable
000026a0   __IRQ_hookFetchPacket
00003074   __IRQ_intTable
00003178   __MCBSP_hDev0
0000317c   __MCBSP_hDev1
00002ac0   __STACK_END
00000400   __STACK_SIZE
ffffffff   ___TI_pprof_out_hndl
ffffffff   ___TI_prof_data_size
ffffffff   ___TI_prof_data_start
ffffffff   ___binit__
00000220   ___bss__
ffffffff   ___c_args__
00002ac0   ___cinit__
00000220   ___end__
000026c0   ___etext__
ffffffff   ___pinit__
00000220   ___text__
00002540   __args_main
00001e60   __auto_init
00003140   __cleanup_ptr
00003144   __dtors_ptr
000031d0   __lock
00002660   __nop
000026c0   __stack
00002160   __strasg
000031d4   __unlock
00002680   _abort
00002440   _c_int00
00002eb0   _config
00002f54   _delay
00002f64   _delay1
00002f7c   _delay2
00002f8c   _delay3
00001be0   _exit
00002f40   _fs
00002ed8   _hAIC23_handle
00002fac   _i
00000220   _intser_McBSP1
000016e0   _main
000014a0   _memcpy
00002ef4   _scaling_factor
00002f1c   _scaling_factor1
00002f38   _scaling_factor2
00002f20   _sos_Matrix_HP
00002ef8   _sos_Matrix_LP_Cheb1
00002edc   _sos_Matrix_LP_Ellip
00002fc0   _switch_filters
00002f4e   _x1_in
00002f50   _x2_in
00002f52   _x3_in
00002f4c   _x_in
ffffffff   binit
00002ac0   cinit
00000220   end
000026c0   etext
ffffffff   pinit


GLOBAL SYMBOLS: SORTED BY Symbol Address 

address    name
--------   ----
00000000   RESET_V
00000020   NMI_V
00000040   AINT_V
00000060   INT3_V
00000080   INT4_V
000000a0   INT5_V
000000c0   INT6_V
000000e0   INT7_V
00000100   INT8_V
00000120   INT9_V
00000140   INT10_V
00000160   INT11_V
00000180   INT12_V
000001a0   INT13_V
000001c0   INT14_V
000001e0   INT15_V
00000220   $bss
00000220   .bss
00000220   .text
00000220   ___bss__
00000220   ___end__
00000220   ___text__
00000220   _intser_McBSP1
00000220   end
00000400   __STACK_SIZE
00000d70   _DSK6713_init
00001070   _DSK6713_rget
00001084   _DSK6713_rset
00001098   _DSK6713_wait
000010ec   _DSK6713_waitusec
00001118   _DSK6713_getVersion
000011a0   _DSK6713_AIC23_openCodec
000014a0   _memcpy
000016e0   _main
000018c0   _IRQ_map
00001a60   _MCBSP_reset
00001be0   _exit
00001d20   _DSK6713_AIC23_rset
00001dbc   _DSK6713_AIC23_rget
00001de0   _DSK6713_AIC23_config
00001e60   __auto_init
00001f80   _MCBSP_start
00002080   _MCBSP_open
00002160   __strasg
00002240   _DSK6713_AIC23_setFreq
00002300   _MCBSP_config
00002440   _c_int00
000024c0   _IRQ_enable
00002500   _IRQ_reset
00002540   __args_main
00002580   _IRQ_globalDisable
000025a0   _IRQ_globalEnable
000025c0   _IRQ_nmiEnable
000025e0   _IRQ_set
00002600   _MCBSP_getXmtEventId
00002620   _MCBSP_read
00002640   _MCBSP_write
00002660   __nop
00002680   C$$EXIT
00002680   _abort
000026a0   __IRQ_hookFetchPacket
000026c0   ___etext__
000026c0   __stack
000026c0   etext
00002ac0   __STACK_END
00002ac0   ___cinit__
00002ac0   cinit
00002e8c   _AIC_data
00002e90   _AIC23CfgData
00002eb0   _config
00002ed8   _hAIC23_handle
00002edc   _sos_Matrix_LP_Ellip
00002ef4   _scaling_factor
00002ef8   _sos_Matrix_LP_Cheb1
00002f1c   _scaling_factor1
00002f20   _sos_Matrix_HP
00002f38   _scaling_factor2
00002f40   _fs
00002f44   _IIR_accu16
00002f46   _IIR1_accu16
00002f48   _IIR2_accu16
00002f4a   _IIR3_accu16
00002f4c   _x_in
00002f4e   _x1_in
00002f50   _x2_in
00002f52   _x3_in
00002f54   _delay
00002f64   _delay1
00002f7c   _delay2
00002f8c   _delay3
00002fac   _i
00002fb0   _IIR_accu32
00002fb4   _IIR1_accu32
00002fb8   _IIR2_accu32
00002fbc   _IIR3_accu32
00002fc0   _switch_filters
00002fc4   _AIC23_data
00002ff0   __IRQ_eventTable
00003074   __IRQ_intTable
000030b4   __IRQ_dispatchTable
00003140   __cleanup_ptr
00003144   __dtors_ptr
00003178   __MCBSP_hDev0
0000317c   __MCBSP_hDev1
000031c8   _DSK6713_AIC23_codeccontrolhandle
000031cc   _DSK6713_AIC23_codecdatahandle
000031d0   __lock
000031d4   __unlock
000031d8   _DSK6713_version
ffffffff   ___TI_pprof_out_hndl
ffffffff   ___TI_prof_data_size
ffffffff   ___TI_prof_data_start
ffffffff   ___binit__
ffffffff   ___c_args__
ffffffff   ___pinit__
ffffffff   binit
ffffffff   pinit

[117 symbols]
