******************************************************************************
                  TI ARM Linker PC v5.1.1                      
******************************************************************************
>> Linked Wed Jun 10 11:12:39 2015

OUTPUT FILE NAME:   <student.out>
ENTRY POINT SYMBOL: "_c_int00"  address: 00002fa5


MEMORY CONFIGURATION

         name            origin    length      used     unused   attr    fill
----------------------  --------  ---------  --------  --------  ----  --------
  FLASH                 00000000   00040000  00003442  0003cbbe  R  X
  SRAM                  20000000   00018000  00013c3d  000043c3  RW X


SEGMENT ALLOCATION MAP

run origin  load origin   length   init length attrs members
----------  ----------- ---------- ----------- ----- -------
00000000    00000000    00003448   00003448    r-x
  00000000    00000000    0000011c   0000011c    r-- .intvecs
  0000011c    0000011c    0000301e   0000301e    r-x .text
  0000313c    0000313c    00000268   00000268    r-- .const
  000033a8    000033a8    000000a0   000000a0    r-- .cinit
20000000    20000000    00013c40   00000000    rw-
  20000000    20000000    0000bb80   00000000    rw- .stack
  2000bb80    2000bb80    00007d00   00000000    rw- .sysmem
  20013880    20013880    000001f5   00000000    rw- .data
  20013a78    20013a78    000001c8   00000000    rw- .bss


SECTION ALLOCATION MAP

 output                                  attributes/
section   page    origin      length       input sections
--------  ----  ----------  ----------   ----------------
.intvecs   0    00000000    0000011c     
                  00000000    0000011c     startup_ccs.obj (.intvecs)

.text      0    0000011c    0000301e     
                  0000011c    00000e78     rtsv7M3_T_le_eabi.lib : _printfi.obj (.text)
                  00000f94    000003f0     main.obj (.text)
                  00001384    000003cc     rtsv7M3_T_le_eabi.lib : memory.obj (.text)
                  00001750    00000310                           : lowlev.obj (.text)
                  00001a60    000002d4                           : trgdrv.obj (.text)
                  00001d34    000001f4                           : ull_div_t2.obj (.text)
                  00001f28    000001c0                           : fopen.obj (.text)
                  000020e8    000001b6                           : fd_add_t2.obj (.text)
                  0000229e    00000136                           : fd_div_t2.obj (.text)
                  000023d4    00000134                           : fputs.obj (.text)
                  00002508    000000fc                           : fd_mul_t2.obj (.text)
                  00002604    000000dc                           : setvbuf.obj (.text)
                  000026e0    000000c0                           : fflush.obj (.text)
                  000027a0    000000ac                           : _io_perm.obj (.text)
                  0000284c    0000009c                           : fputc.obj (.text)
                  000028e8    0000009c                           : memcpy_t2.obj (.text)
                  00002984    00000098                           : fclose.obj (.text)
                  00002a1c    00000094                           : auto_init.obj (.text)
                  00002ab0    0000007e                           : fd_cmp_t2.obj (.text:__aeabi_cdcmple)
                  00002b2e    0000007e                           : fd_cmp_t2.obj (.text:__aeabi_cdrcmple)
                  00002bac    00000078                           : memset_t2.obj (.text)
                  00002c24    00000070                           : printf.obj (.text)
                  00002c94    00000064                           : fseek.obj (.text)
                  00002cf8    00000060                           : trgmsg.obj (.text)
                  00002d58    0000005e                           : copy_decompress_rle.obj (.text)
                  00002db6    0000005a                           : ltoa.obj (.text)
                  00002e10    0000004c                           : atoi.obj (.text)
                  00002e5c    00000048                           : fd_toi_t2.obj (.text)
                  00002ea4    00000044                           : cpy_tbl.obj (.text)
                  00002ee8    00000044                           : exit.obj (.text)
                  00002f2c    00000044                           : xdtest.obj (.text)
                  00002f70    00000034     InPortEHandler.obj (.text)
                  00002fa4    00000034     rtsv7M3_T_le_eabi.lib : boot.obj (.text)
                  00002fd8    00000030                           : strncpy.obj (.text)
                  00003008    0000002e                           : i_tofd_t2.obj (.text)
                  00003036    0000001a                           : memccpy.obj (.text)
                  00003050    00000018                           : args_main.obj (.text)
                  00003068    00000018                           : ll_mul_t2.obj (.text)
                  00003080    00000018                           : strcmp.obj (.text)
                  00003098    00000016                           : memchr.obj (.text)
                  000030ae    00000016                           : strchr.obj (.text)
                  000030c4    00000014                           : _lock.obj (.text)
                  000030d8    00000014                           : strlen.obj (.text)
                  000030ec    00000012                           : copy_zero_init.obj (.text:decompress:ZI)
                  000030fe    00000012                           : strcpy.obj (.text)
                  00003110    0000000e                           : copy_decompress_none.obj (.text:decompress:none)
                  0000311e    0000000e                           : xdclass.obj (.text)
                  0000312c    00000008     startup_ccs.obj (.text)
                  00003134    00000006     rtsv7M3_T_le_eabi.lib : copy_decompress_rle.obj (.text:decompress:rle24)

.const     0    0000313c    00000268     
                  0000313c    00000102     rtsv7M3_T_le_eabi.lib : ctype.obj (.const:.string:_ctypes_)
                  0000323e    00000002     --HOLE-- [fill = 0]
                  00003240    000000c8     main.obj (.const:$P$T1$2)
                  00003308    0000009c     main.obj (.const:$P$T0$1)

.cinit     0    000033a8    000000a0     
                  000033a8    00000078     (.cinit..data.load) [load image, compression = rle]
                  00003420    0000000c     (__TI_handler_table)
                  0000342c    00000004     --HOLE-- [fill = 0]
                  00003430    00000008     (.cinit..bss.load) [load image, compression = zero_init]
                  00003438    00000010     (__TI_cinit_table)

.stack     0    20000000    0000bb80     UNINITIALIZED
                  20000000    0000bb80     --HOLE--

.sysmem    0    2000bb80    00007d00     UNINITIALIZED
                  2000bb80    00000008     rtsv7M3_T_le_eabi.lib : memory.obj (.sysmem)
                  2000bb88    00007cf8     --HOLE--

.data      0    20013880    000001f5     UNINITIALIZED
                  20013880    000000f0     rtsv7M3_T_le_eabi.lib : defs.obj (.data:_ftable)
                  20013970    000000d0                           : lowlev.obj (.data)
                  20013a40    00000010                           : defs.obj (.data)
                  20013a50    0000000c                           : memory.obj (.data)
                  20013a5c    00000008                           : _lock.obj (.data)
                  20013a64    00000008                           : exit.obj (.data)
                  20013a6c    00000004                           : fopen.obj (.data)
                  20013a70    00000004                           : stkdepth_vars.obj (.data)
                  20013a74    00000001     main.obj (.data)

.bss       0    20013a78    000001c8     UNINITIALIZED
                  20013a78    00000120     rtsv7M3_T_le_eabi.lib : trgmsg.obj (.bss:__CIOBUF_)
                  20013b98    000000a0                           : defs.obj (.bss:__TI_tmpnams)
                  20013c38    00000008     (.common:parmbuf)


LINKER GENERATED COPY TABLES

__TI_cinit_table @ 00003438 records: 2, size/record: 8, table size: 16
	.data: load addr=000033a8, load size=00000078 bytes, run addr=20013880, run size=000001f5 bytes, compression=rle
	.bss: load addr=00003430, load size=00000008 bytes, run addr=20013a78, run size=000001c8 bytes, compression=zero_init


LINKER GENERATED HANDLER TABLE

__TI_handler_table @ 00003420 records: 3, size/record: 4, table size: 12
	index: 0, handler: __TI_decompress_rle24
	index: 1, handler: __TI_decompress_none
	index: 2, handler: __TI_zero_init


GLOBAL SYMBOLS: SORTED ALPHABETICALLY BY Name 

address    name
--------   ----
00002ee9   C$$EXIT
00002d23   C$$IO$$
00001ced   HOSTclock
00001cb5   HOSTclose
00001c77   HOSTgetenv
00001c1b   HOSTlseek
00001bc9   HOSTopen
00001b7d   HOSTread
00001b1f   HOSTrename
00001ae5   HOSTtime
00001aad   HOSTunlink
00001a61   HOSTwrite
00002f71   IntPortEHandler
0000312d   ResetISR
UNDEFED    SHT$$INIT_ARRAY$$Base
UNDEFED    SHT$$INIT_ARRAY$$Limit
0000311f   _Dclass
00002f2d   _Dtest
20013a78   __CIOBUF_
2000bb80   __STACK_END
0000bb80   __STACK_SIZE
20000100   __STACK_TOP
00007d00   __SYSMEM_SIZE
00003438   __TI_CINIT_Base
00003448   __TI_CINIT_Limit
00003420   __TI_Handler_Table_Base
0000342c   __TI_Handler_Table_Limit
00000001   __TI_args_main
00002a1d   __TI_auto_init
00001ff1   __TI_cleanup
20013a64   __TI_cleanup_ptr
00002985   __TI_closefile
00003111   __TI_decompress_none
00003135   __TI_decompress_rle24
000026e1   __TI_doflush
20013a68   __TI_dtors_ptr
20013a40   __TI_ft_end
00000c8b   __TI_printfi
00002803   __TI_rd_ok
00002d27   __TI_readmsg
00000000   __TI_static_base__
20013b98   __TI_tmpnams
00002cf9   __TI_writemsg
000027a1   __TI_wrt_ok
000030ed   __TI_zero_init
00002ab1   __aeabi_cdcmpeq
00002ab1   __aeabi_cdcmple
00002b2f   __aeabi_cdrcmple
00002e5d   __aeabi_d2iz
000020f3   __aeabi_dadd
0000229f   __aeabi_ddiv
00002509   __aeabi_dmul
000020e9   __aeabi_dsub
00003009   __aeabi_i2d
00003069   __aeabi_lmul
00002bad   __aeabi_memclr
00002bad   __aeabi_memclr4
00002bad   __aeabi_memclr8
000028e9   __aeabi_memcpy
000028e9   __aeabi_memcpy4
000028e9   __aeabi_memcpy8
00002baf   __aeabi_memset
00002baf   __aeabi_memset4
00002baf   __aeabi_memset8
20013a4c   __aeabi_stderr
20013a44   __aeabi_stdin
20013a48   __aeabi_stdout
00001d35   __aeabi_uldivmod
ffffffff   __binit__
ffffffff   __c_args__
20000000   __stack
00003051   _args_main
00002fa5   _c_int00
0000313c   _ctypes_
20013880   _ftable
20013a5c   _lock
000030d3   _nop
000030cb   _register_lock
000030c5   _register_unlock
2000bb80   _sys_memory
20013a60   _unlock
00002eed   abort
000019b3   add_device
00002e11   atoi
ffffffff   binit
00001719   calloc
00001961   close
000010c9   configPortE
00002ea5   copy_in
00002ef5   exit
000029eb   fclose
0000272d   fflush
00002047   fopen
0000284d   fputc
000023d5   fputs
00001473   free
0000201d   freopen
00002c95   fseek
00000000   g_pfnVectors
0000193d   lseek
00002db7   ltoa
00001141   main
20013a70   main_func_sp
00001411   malloc
00001639   memalign
00003037   memccpy
00003099   memchr
000028e9   memcpy
00002bb5   memset
00001385   minit
0000188f   open
00001005   portconfig
00002c2d   printf
000028d1   putc
000028d5   putchar
000024df   puts
0000186b   read
00001533   realloc
000017e1   remove
00001843   remove_device
00001805   rename
00002605   setvbuf
000030af   strchr
00003081   strcmp
000030ff   strcpy
000030d9   strlen
00002fd9   strncpy
20013a74   swap
00000feb   timerWait
00000f95   timerconfig
00001039   uartconfig
000017e1   unlink
00001751   write


GLOBAL SYMBOLS: SORTED BY Symbol Address 

address    name
--------   ----
00000000   __TI_static_base__
00000000   g_pfnVectors
00000001   __TI_args_main
00000c8b   __TI_printfi
00000f95   timerconfig
00000feb   timerWait
00001005   portconfig
00001039   uartconfig
000010c9   configPortE
00001141   main
00001385   minit
00001411   malloc
00001473   free
00001533   realloc
00001639   memalign
00001719   calloc
00001751   write
000017e1   remove
000017e1   unlink
00001805   rename
00001843   remove_device
0000186b   read
0000188f   open
0000193d   lseek
00001961   close
000019b3   add_device
00001a61   HOSTwrite
00001aad   HOSTunlink
00001ae5   HOSTtime
00001b1f   HOSTrename
00001b7d   HOSTread
00001bc9   HOSTopen
00001c1b   HOSTlseek
00001c77   HOSTgetenv
00001cb5   HOSTclose
00001ced   HOSTclock
00001d35   __aeabi_uldivmod
00001ff1   __TI_cleanup
0000201d   freopen
00002047   fopen
000020e9   __aeabi_dsub
000020f3   __aeabi_dadd
0000229f   __aeabi_ddiv
000023d5   fputs
000024df   puts
00002509   __aeabi_dmul
00002605   setvbuf
000026e1   __TI_doflush
0000272d   fflush
000027a1   __TI_wrt_ok
00002803   __TI_rd_ok
0000284d   fputc
000028d1   putc
000028d5   putchar
000028e9   __aeabi_memcpy
000028e9   __aeabi_memcpy4
000028e9   __aeabi_memcpy8
000028e9   memcpy
00002985   __TI_closefile
000029eb   fclose
00002a1d   __TI_auto_init
00002ab1   __aeabi_cdcmpeq
00002ab1   __aeabi_cdcmple
00002b2f   __aeabi_cdrcmple
00002bad   __aeabi_memclr
00002bad   __aeabi_memclr4
00002bad   __aeabi_memclr8
00002baf   __aeabi_memset
00002baf   __aeabi_memset4
00002baf   __aeabi_memset8
00002bb5   memset
00002c2d   printf
00002c95   fseek
00002cf9   __TI_writemsg
00002d23   C$$IO$$
00002d27   __TI_readmsg
00002db7   ltoa
00002e11   atoi
00002e5d   __aeabi_d2iz
00002ea5   copy_in
00002ee9   C$$EXIT
00002eed   abort
00002ef5   exit
00002f2d   _Dtest
00002f71   IntPortEHandler
00002fa5   _c_int00
00002fd9   strncpy
00003009   __aeabi_i2d
00003037   memccpy
00003051   _args_main
00003069   __aeabi_lmul
00003081   strcmp
00003099   memchr
000030af   strchr
000030c5   _register_unlock
000030cb   _register_lock
000030d3   _nop
000030d9   strlen
000030ed   __TI_zero_init
000030ff   strcpy
00003111   __TI_decompress_none
0000311f   _Dclass
0000312d   ResetISR
00003135   __TI_decompress_rle24
0000313c   _ctypes_
00003420   __TI_Handler_Table_Base
0000342c   __TI_Handler_Table_Limit
00003438   __TI_CINIT_Base
00003448   __TI_CINIT_Limit
00007d00   __SYSMEM_SIZE
0000bb80   __STACK_SIZE
20000000   __stack
20000100   __STACK_TOP
2000bb80   __STACK_END
2000bb80   _sys_memory
20013880   _ftable
20013a40   __TI_ft_end
20013a44   __aeabi_stdin
20013a48   __aeabi_stdout
20013a4c   __aeabi_stderr
20013a5c   _lock
20013a60   _unlock
20013a64   __TI_cleanup_ptr
20013a68   __TI_dtors_ptr
20013a70   main_func_sp
20013a74   swap
20013a78   __CIOBUF_
20013b98   __TI_tmpnams
ffffffff   __binit__
ffffffff   __c_args__
ffffffff   binit
UNDEFED    SHT$$INIT_ARRAY$$Base
UNDEFED    SHT$$INIT_ARRAY$$Limit

[133 symbols]
