******************************************************************************
                  TI ARM Linker PC v5.1.1                      
******************************************************************************
>> Linked Wed Jul 01 11:14:43 2015

OUTPUT FILE NAME:   <student.out>
ENTRY POINT SYMBOL: "_c_int00"  address: 00000695


MEMORY CONFIGURATION

         name            origin    length      used     unused   attr    fill
----------------------  --------  ---------  --------  --------  ----  --------
  FLASH                 00000000   00040000  00000952  0003f6ae  R  X
  SRAM                  20000000   00018000  0000bd7b  0000c285  RW X


SEGMENT ALLOCATION MAP

run origin  load origin   length   init length attrs members
----------  ----------- ---------- ----------- ----- -------
00000000    00000000    00000958   00000958    r-x
  00000000    00000000    0000011c   0000011c    r-- .intvecs
  0000011c    0000011c    0000062e   0000062e    r-x .text
  00000750    00000750    00000208   00000208    r-- .cinit
20000000    20000000    0000bd7b   00000000    rw-
  20000000    20000000    0000bb80   00000000    rw- .stack
  2000bb80    2000bb80    000001ef   00000000    rw- .data
  2000bd6f    2000bd6f    0000000c   00000000    rw- .bss


SECTION ALLOCATION MAP

 output                                  attributes/
section   page    origin      length       input sections
--------  ----  ----------  ----------   ----------------
.intvecs   0    00000000    0000011c     
                  00000000    0000011c     startup_ccs.obj (.intvecs)

.text      0    0000011c    0000062e     
                  0000011c    00000328     main.obj (.text)
                  00000444    0000009c     rtsv7M3_T_le_eabi.lib : memcpy_t2.obj (.text)
                  000004e0    00000094                           : auto_init.obj (.text)
                  00000574    0000005e                           : copy_decompress_rle.obj (.text)
                  000005d2    00000002     --HOLE-- [fill = 0]
                  000005d4    00000044                           : cpy_tbl.obj (.text)
                  00000618    00000044                           : exit.obj (.text)
                  0000065c    00000038     IntHandlerUART2.obj (.text)
                  00000694    00000034     rtsv7M3_T_le_eabi.lib : boot.obj (.text)
                  000006c8    00000028     IntPortDHandler.obj (.text)
                  000006f0    00000018     rtsv7M3_T_le_eabi.lib : args_main.obj (.text)
                  00000708    00000014                           : _lock.obj (.text)
                  0000071c    00000012                           : copy_zero_init.obj (.text:decompress:ZI)
                  0000072e    0000000e                           : copy_decompress_none.obj (.text:decompress:none)
                  0000073c    00000008     startup_ccs.obj (.text)
                  00000744    00000006     rtsv7M3_T_le_eabi.lib : copy_decompress_rle.obj (.text:decompress:rle24)

.cinit     0    00000750    00000208     
                  00000750    000001de     (.cinit..data.load) [load image, compression = rle]
                  0000092e    00000002     --HOLE-- [fill = 0]
                  00000930    0000000c     (__TI_handler_table)
                  0000093c    00000004     --HOLE-- [fill = 0]
                  00000940    00000008     (.cinit..bss.load) [load image, compression = zero_init]
                  00000948    00000010     (__TI_cinit_table)

.stack     0    20000000    0000bb80     UNINITIALIZED
                  20000000    0000bb80     --HOLE--

.data      0    2000bb80    000001ef     UNINITIALIZED
                  2000bb80    000001d6     main.obj (.data:array)
                  2000bd56    00000002     --HOLE--
                  2000bd58    00000008     rtsv7M3_T_le_eabi.lib : _lock.obj (.data)
                  2000bd60    00000008                           : exit.obj (.data)
                  2000bd68    00000004                           : stkdepth_vars.obj (.data)
                  2000bd6c    00000003     main.obj (.data)

.bss       0    2000bd6f    0000000c     UNINITIALIZED
                  2000bd6f    0000000c     (.common:buffer)


LINKER GENERATED COPY TABLES

__TI_cinit_table @ 00000948 records: 2, size/record: 8, table size: 16
	.data: load addr=00000750, load size=000001de bytes, run addr=2000bb80, run size=000001ef bytes, compression=rle
	.bss: load addr=00000940, load size=00000008 bytes, run addr=2000bd6f, run size=0000000c bytes, compression=zero_init


LINKER GENERATED HANDLER TABLE

__TI_handler_table @ 00000930 records: 3, size/record: 4, table size: 12
	index: 0, handler: __TI_decompress_rle24
	index: 1, handler: __TI_decompress_none
	index: 2, handler: __TI_zero_init


GLOBAL SYMBOLS: SORTED ALPHABETICALLY BY Name 

address    name
--------   ----
00000619   C$$EXIT
0000065d   IntHandlerUART2
000006c9   IntPortDHandler
0000073d   ResetISR
UNDEFED    SHT$$INIT_ARRAY$$Base
UNDEFED    SHT$$INIT_ARRAY$$Limit
2000bb80   __STACK_END
0000bb80   __STACK_SIZE
20000100   __STACK_TOP
00000948   __TI_CINIT_Base
00000958   __TI_CINIT_Limit
00000930   __TI_Handler_Table_Base
0000093c   __TI_Handler_Table_Limit
00000001   __TI_args_main
000004e1   __TI_auto_init
2000bd60   __TI_cleanup_ptr
0000072f   __TI_decompress_none
00000745   __TI_decompress_rle24
2000bd64   __TI_dtors_ptr
00000000   __TI_static_base__
0000071d   __TI_zero_init
00000445   __aeabi_memcpy
00000445   __aeabi_memcpy4
00000445   __aeabi_memcpy8
ffffffff   __binit__
ffffffff   __c_args__
20000000   __stack
000006f1   _args_main
00000695   _c_int00
2000bd58   _lock
00000717   _nop
0000070f   _register_lock
00000709   _register_unlock
2000bd5c   _unlock
0000061d   abort
2000bb80   array
ffffffff   binit
2000bd6f   buffer
000005d5   copy_in
00000625   exit
00000000   g_pfnVectors
2000bd6d   gucNewData
2000bd6e   gucRxChar
000001a9   main
2000bd68   main_func_sp
00000445   memcpy
00000181   timerWait
0000013f   timerconfig
2000bd6c   ucDirection
0000011d   waitLoop


GLOBAL SYMBOLS: SORTED BY Symbol Address 

address    name
--------   ----
00000000   __TI_static_base__
00000000   g_pfnVectors
00000001   __TI_args_main
0000011d   waitLoop
0000013f   timerconfig
00000181   timerWait
000001a9   main
00000445   __aeabi_memcpy
00000445   __aeabi_memcpy4
00000445   __aeabi_memcpy8
00000445   memcpy
000004e1   __TI_auto_init
000005d5   copy_in
00000619   C$$EXIT
0000061d   abort
00000625   exit
0000065d   IntHandlerUART2
00000695   _c_int00
000006c9   IntPortDHandler
000006f1   _args_main
00000709   _register_unlock
0000070f   _register_lock
00000717   _nop
0000071d   __TI_zero_init
0000072f   __TI_decompress_none
0000073d   ResetISR
00000745   __TI_decompress_rle24
00000930   __TI_Handler_Table_Base
0000093c   __TI_Handler_Table_Limit
00000948   __TI_CINIT_Base
00000958   __TI_CINIT_Limit
0000bb80   __STACK_SIZE
20000000   __stack
20000100   __STACK_TOP
2000bb80   __STACK_END
2000bb80   array
2000bd58   _lock
2000bd5c   _unlock
2000bd60   __TI_cleanup_ptr
2000bd64   __TI_dtors_ptr
2000bd68   main_func_sp
2000bd6c   ucDirection
2000bd6d   gucNewData
2000bd6e   gucRxChar
2000bd6f   buffer
ffffffff   __binit__
ffffffff   __c_args__
ffffffff   binit
UNDEFED    SHT$$INIT_ARRAY$$Base
UNDEFED    SHT$$INIT_ARRAY$$Limit

[50 symbols]
