******************************************************************************
               TMS320C6x Linker PC v7.4.20                     
******************************************************************************
>> Linked Tue Apr 25 11:14:46 2017

OUTPUT FILE NAME:   <FFT64_Radix2.out>
ENTRY POINT SYMBOL: "_c_int00"  address: 00009020


MEMORY CONFIGURATION

         name            origin    length      used     unused   attr    fill
----------------------  --------  ---------  --------  --------  ----  --------
  IVECS                 00000000   00000220  00000000  00000220  RWIX
  IRAM                  00000220   0002fde0  0000a7f4  000255ec  RWIX
  SDRAM                 80000000   00100000  00000000  00100000  RWIX
  FLASH                 90000000   00020000  00000000  00020000  RWIX


SECTION ALLOCATION MAP

 output                                  attributes/
section   page    origin      length       input sections
--------  ----  ----------  ----------   ----------------
$BRID      0    00000000    00000054     COPY SECTION
                  00000000    00000054     dsk6713bsl.lib : dsk6713.obj ($BRID)

.text      0    00000220    00009120     
                  00000220    00000920     FFT64_Radix2.obj (.text)
                  00000b40    00000520     rts6700.lib : _printfi.obj (.text:__setfield)
                  00001060    00000480                 : _printfi.obj (.text:__getarg_diouxp)
                  000014e0    00000460                 : _printfi.obj (.text:__printfi)
                  00001940    00000460     dsk6713bsl.lib : dsk6713.obj (.text)
                  00001da0    00000400     rts6700.lib : _printfi.obj (.text:__fcpy)
                  000021a0    000003e0                 : _printfi.obj (.text:_ecvt)
                  00002580    000003e0                 : _printfi.obj (.text:_fcvt)
                  00002960    000003a0                 : cos.obj (.text:_cos)
                  00002d00    000003a0                 : fputs.obj (.text:_fputs)
                  000030a0    000003a0                 : memory.obj (.text:_free)
                  00003440    00000380                 : _printfi.obj (.text:__pproc_fwp)
                  000037c0    00000360                 : sin.obj (.text:_sin)
                  00003b20    00000340                 : _printfi.obj (.text:__pconv_e)
                  00003e60    00000320                 : imath64.obj (.text:__divull)
                  00004180    00000320                 : frcdivd.obj (.text:__frcdivd)
                  000044a0    000002e0                 : _printfi.obj (.text:__pproc_diouxp)
                  00004780    000002e0                 : _printfi.obj (.text:__pproc_str)
                  00004a60    00000280                 : divd.obj (.text:__divd)
                  00004ce0    00000280                 : atan.obj (.text:_atan)
                  00004f60    00000280     radix2.obj (.text)
                  000051e0    00000240     rts6700.lib : imath40.obj (.text:__divul)
                  00005420    00000240                 : memcpy62.obj (.text:_memcpy)
                  00005660    00000220                 : trgdrv.obj (.text:_HOSTrename)
                  00005880    00000220                 : _printfi.obj (.text:__mcpy)
                  00005aa0    00000220                 : setvbuf.obj (.text:_setvbuf)
                  00005cc0    00000200                 : _printfi.obj (.text:__pconv_g)
                  00005ec0    00000200                 : memory.obj (.text:_malloc)
                  000060c0    000001c0                 : _printfi.obj (.text:__ltostr)
                  00006280    000001a0                 : lowlev.obj (.text:_getdevice)
                  00006420    00000180                 : fputc.obj (.text:_fputc)
                  000065a0    00000180     butterfly.obj (.text)
                  00006720    00000160     rts6700.lib : _printfi.obj (.text:__pproc_fflags)
                  00006880    00000160                 : fclose.obj (.text:_fclose)
                  000069e0    00000140                 : trgdrv.obj (.text:_HOSTopen)
                  00006b20    00000140                 : atoi.obj (.text:_atoi)
                  00006c60    00000140                 : exit.obj (.text:_exit)
                  00006da0    00000140                 : ltoa.obj (.text:_ltoa)
                  00006ee0    00000140                 : memset.obj (.text:_memset)
                  00007020    00000120                 : trgdrv.obj (.text:_HOSTlseek)
                  00007140    00000120                 : trgdrv.obj (.text:_HOSTread)
                  00007260    00000120                 : trgdrv.obj (.text:_HOSTwrite)
                  00007380    00000120                 : autoinit.obj (.text:__auto_init)
                  000074a0    00000120                 : fopen.obj (.text:__cleanup)
                  000075c0    00000120                 : _printfi.obj (.text:__div)
                  000076e0    00000120                 : imath40.obj (.text:__divli)
                  00007800    00000120                 : _io_perm.obj (.text:__wrt_ok)
                  00007920    00000120                 : lowlev.obj (.text:_close)
                  00007a40    00000120                 : fseek.obj (.text:_fseek)
                  00007b60    00000120                 : lowlev.obj (.text:_lseek)
                  00007c80    00000120                 : lowlev.obj (.text:_write)
                  00007da0    00000100                 : trgdrv.obj (.text:_HOSTunlink)
                  00007ea0    00000100                 : _printfi.obj (.text:__ecpy)
                  00007fa0    00000100                 : _printfi.obj (.text:__pconv_f)
                  000080a0    00000100                 : _printfi.obj (.text:__pproc_fge)
                  000081a0    000000e0                 : trgdrv.obj (.text:_HOSTclose)
                  00008280    000000e0                 : round.obj (.text:__round)
                  00008360    000000e0                 : strasg.obj (.text:__strasg)
                  00008440    000000e0                 : memory.obj (.text:_minsert)
                  00008520    000000e0                 : modf.obj (.text:_modf)
                  00008600    000000c0                 : divu.obj (.text:__divu)
                  000086c0    000000c0                 : fflush.obj (.text:__doflush)
                  00008780    000000c0                 : fixdi.obj (.text:__fixdi)
                  00008840    000000c0                 : fixdli.obj (.text:__fixdli)
                  00008900    000000c0                 : lowlev.obj (.text:_finddevice)
                  000089c0    000000c0                 : memory.obj (.text:_mremove)
                  00008a80    000000c0                 : trgmsg.obj (.text:_readmsg)
                  00008b40    000000c0                 : trgmsg.obj (.text:_writemsg)
                  00008c00    000000a0                 : fltlid.obj (.text:__fltlid)
                  00008ca0    000000a0                 : mpyll.obj (.text:__mpyll)
                  00008d40    000000a0                 : imath40.obj (.text:__remli)
                  00008de0    000000a0                 : printf.obj (.text:_printf)
                  00008e80    000000a0                 : lowlev.obj (.text:_unlink)
                  00008f20    00000080                 : llshift.obj (.text:__llshl)
                  00008fa0    00000080                 : llshift.obj (.text:__llshru)
                  00009020    00000080                 : boot.obj (.text:_c_int00)
                  000090a0    00000080                 : memccpy.obj (.text:_memccpy)
                  00009120    00000060                 : fltid.obj (.text:__fltid)
                  00009180    00000060                 : imath64.obj (.text:__subcull)
                  000091e0    00000040                 : args_main.obj (.text:__args_main)
                  00009220    00000040                 : trunc.obj (.text:__trunc)
                  00009260    00000020                 : mpyd.obj (.text:__mpyd)
                  00009280    00000020                 : negll.obj (.text:__negll)
                  000092a0    00000020                 : _lock.obj (.text:__nop)
                  000092c0    00000020                 : printf.obj (.text:__outc)
                  000092e0    00000020                 : printf.obj (.text:__outs)
                  00009300    00000020                 : exit.obj (.text:_abort)
                  00009320    00000020                 : remove.obj (.text:_remove)

.far       0    00009340    000008fe     UNINITIALIZED
                  00009340    0000044c     FFT64_Radix2.obj (.far)
                  0000978c    00000194     rts6700.lib : defs.obj (.far)
                  00009920    000000d0                 : trgdrv.obj (.far)
                  000099f0    000000cc                 : lowlev.obj (.far)
                  00009abc    0000008c                 : exit.obj (.far)
                  00009b48    00000060                 : atan.obj (.far)
                  00009ba8    00000040                 : cos.obj (.far)
                  00009be8    00000040                 : sin.obj (.far)
                  00009c28    00000008                 : _lock.obj (.far)
                  00009c30    00000008                 : memory.obj (.far)
                  00009c38    00000004                 : fopen.obj (.far)
                  00009c3c    00000002     dsk6713bsl.lib : dsk6713.obj (.far)

.stack     0    00009c40    00000400     UNINITIALIZED
                  00009c40    00000008     rts6700.lib : boot.obj (.stack)
                  00009c48    000003f8     --HOLE--

.sysmem    0    0000a040    00000400     UNINITIALIZED
                  0000a040    00000008     rts6700.lib : memory.obj (.sysmem)
                  0000a048    000003f8     --HOLE--

.cinit     0    0000a440    00000334     
                  0000a440    000000e0     FFT64_Radix2.obj (.cinit)
                  0000a520    00000070     rts6700.lib : atan.obj (.cinit)
                  0000a590    0000005c                 : defs.obj (.cinit)
                  0000a5ec    00000004     --HOLE-- [fill = 0]
                  0000a5f0    0000005c                 : lowlev.obj (.cinit)
                  0000a64c    00000004     --HOLE-- [fill = 0]
                  0000a650    00000048                 : cos.obj (.cinit)
                  0000a698    00000048                 : sin.obj (.cinit)
                  0000a6e0    0000002c                 : exit.obj (.cinit)
                  0000a70c    00000004     --HOLE-- [fill = 0]
                  0000a710    0000002c                 : memory.obj (.cinit)
                  0000a73c    00000004     --HOLE-- [fill = 0]
                  0000a740    0000001c                 : _lock.obj (.cinit)
                  0000a75c    00000004     --HOLE-- [fill = 0]
                  0000a760    0000000c                 : fopen.obj (.cinit)
                  0000a76c    00000004     --HOLE-- [fill = 0]
                  0000a770    00000004     (.pad.cinit) [fill = 0]

.const     0    0000a774    0000015a     
                  0000a774    00000101     rts6700.lib : ctype.obj (.const)
                  0000a875    00000023                 : _printfi.obj (.const)
                  0000a898    00000020     dsk6713bsl.lib : dsk6713.obj (.const)
                  0000a8b8    00000014     FFT64_Radix2.obj (.const:.string)
                  0000a8cc    00000002     rts6700.lib : fputs.obj (.const)

.cio       0    0000a8d0    00000120     UNINITIALIZED
                  0000a8d0    00000120     rts6700.lib : trgmsg.obj (.cio)

.bss       0    0000a9f0    00000018     UNINITIALIZED
                  0000a9f0    00000018     FFT64_Radix2.obj (.bss)

.switch    0    0000aa08    00000010     
                  0000aa08    00000010     rts6700.lib : frcdivd.obj (.switch)


GLOBAL SYMBOLS: SORTED ALPHABETICALLY BY Name 

address    name
--------   ----
0000a9f0   $bss
0000a9f0   .bss
00000220   .text
00009300   C$$EXIT
00008bec   C$$IO$$
00009344   _AIC23CfgData
00009340   _AIC_data
00001d18   _DSK6713_getVersion
00001970   _DSK6713_init
00001c70   _DSK6713_rget
00001c84   _DSK6713_rset
00009c3c   _DSK6713_version
00001c98   _DSK6713_wait
00001cec   _DSK6713_waitusec
000081a0   _HOSTclose
00007020   _HOSTlseek
000069e0   _HOSTopen
00007140   _HOSTread
00005660   _HOSTrename
00007da0   _HOSTunlink
00007260   _HOSTwrite
0000a9f4   _N_FFT
0000a8d0   __CIOBUF_
0000a040   __STACK_END
00000400   __STACK_SIZE
00000400   __SYSMEM_SIZE
ffffffff   ___TI_pprof_out_hndl
ffffffff   ___TI_prof_data_size
ffffffff   ___TI_prof_data_start
ffffffff   ___binit__
0000a9f0   ___bss__
ffffffff   ___c_args__
0000a440   ___cinit__
0000aa08   ___end__
00009340   ___etext__
ffffffff   ___pinit__
00000220   ___text__
000091e0   __args_main
00007380   __auto_init
000074a0   __cleanup
00009b40   __cleanup_ptr
0000a774   __ctypes_
00004a60   __divd
000076e0   __divli
00008600   __divu
000051e0   __divul
00003e60   __divull
000086c0   __doflush
00009b44   __dtors_ptr
00008780   __fixdi
00008840   __fixdli
00009120   __fltid
00008c00   __fltlid
00004180   __frcdivd
0000991c   __ft_end
0000978c   __ftable
00008f20   __llshl
00008fa0   __llshru
00009c28   __lock
00009260   __mpyd
00008ca0   __mpyll
00009280   __negll
000092a0   __nop
000014e0   __printfi
00008d40   __remli
00008280   __round
00009c40   __stack
00008360   __strasg
00009180   __subcull
0000a040   __sys_memory
0000987c   __tmpnams
00009220   __trunc
00009c2c   __unlock
00007800   __wrt_ok
00009300   _abort
00004ce0   _atan
00006b20   _atoi
000065a0   _butterfly
00009020   _c_int00
00007920   _close
00009364   _config
00002960   _cos
00006c60   _exit
00006880   _fclose
00006420   _fputc
00002d00   _fputs
000030a0   _free
00007a40   _fseek
0000a9f0   _hAIC23_handle
0000a9f8   _i
0000938c   _in_buf
0000970c   _index
0000a9fa   _j
00007b60   _lseek
00006da0   _ltoa
00000220   _main
00005ec0   _malloc
000090a0   _memccpy
00005420   _memcpy
00006ee0   _memset
00008520   _modf
0000958c   _out_buf
0000aa00   _pi
00008de0   _printf
00006420   _putc
00004f60   _radix2
00008a80   _readmsg
00009320   _remove
00005aa0   _setvbuf
000037c0   _sin
00008e80   _unlink
000096cc   _w_i
0000968c   _w_r
00007c80   _write
00008b40   _writemsg
0000948c   _x
ffffffff   binit
0000a440   cinit
0000aa08   end
00009340   etext
ffffffff   pinit


GLOBAL SYMBOLS: SORTED BY Symbol Address 

address    name
--------   ----
00000220   .text
00000220   ___text__
00000220   _main
00000400   __STACK_SIZE
00000400   __SYSMEM_SIZE
000014e0   __printfi
00001970   _DSK6713_init
00001c70   _DSK6713_rget
00001c84   _DSK6713_rset
00001c98   _DSK6713_wait
00001cec   _DSK6713_waitusec
00001d18   _DSK6713_getVersion
00002960   _cos
00002d00   _fputs
000030a0   _free
000037c0   _sin
00003e60   __divull
00004180   __frcdivd
00004a60   __divd
00004ce0   _atan
00004f60   _radix2
000051e0   __divul
00005420   _memcpy
00005660   _HOSTrename
00005aa0   _setvbuf
00005ec0   _malloc
00006420   _fputc
00006420   _putc
000065a0   _butterfly
00006880   _fclose
000069e0   _HOSTopen
00006b20   _atoi
00006c60   _exit
00006da0   _ltoa
00006ee0   _memset
00007020   _HOSTlseek
00007140   _HOSTread
00007260   _HOSTwrite
00007380   __auto_init
000074a0   __cleanup
000076e0   __divli
00007800   __wrt_ok
00007920   _close
00007a40   _fseek
00007b60   _lseek
00007c80   _write
00007da0   _HOSTunlink
000081a0   _HOSTclose
00008280   __round
00008360   __strasg
00008520   _modf
00008600   __divu
000086c0   __doflush
00008780   __fixdi
00008840   __fixdli
00008a80   _readmsg
00008b40   _writemsg
00008bec   C$$IO$$
00008c00   __fltlid
00008ca0   __mpyll
00008d40   __remli
00008de0   _printf
00008e80   _unlink
00008f20   __llshl
00008fa0   __llshru
00009020   _c_int00
000090a0   _memccpy
00009120   __fltid
00009180   __subcull
000091e0   __args_main
00009220   __trunc
00009260   __mpyd
00009280   __negll
000092a0   __nop
00009300   C$$EXIT
00009300   _abort
00009320   _remove
00009340   _AIC_data
00009340   ___etext__
00009340   etext
00009344   _AIC23CfgData
00009364   _config
0000938c   _in_buf
0000948c   _x
0000958c   _out_buf
0000968c   _w_r
000096cc   _w_i
0000970c   _index
0000978c   __ftable
0000987c   __tmpnams
0000991c   __ft_end
00009b40   __cleanup_ptr
00009b44   __dtors_ptr
00009c28   __lock
00009c2c   __unlock
00009c3c   _DSK6713_version
00009c40   __stack
0000a040   __STACK_END
0000a040   __sys_memory
0000a440   ___cinit__
0000a440   cinit
0000a774   __ctypes_
0000a8d0   __CIOBUF_
0000a9f0   $bss
0000a9f0   .bss
0000a9f0   ___bss__
0000a9f0   _hAIC23_handle
0000a9f4   _N_FFT
0000a9f8   _i
0000a9fa   _j
0000aa00   _pi
0000aa08   ___end__
0000aa08   end
ffffffff   ___TI_pprof_out_hndl
ffffffff   ___TI_prof_data_size
ffffffff   ___TI_prof_data_start
ffffffff   ___binit__
ffffffff   ___c_args__
ffffffff   ___pinit__
ffffffff   binit
ffffffff   pinit

[121 symbols]
