<?xml version="1.0"?>
<link_info>
   <banner>TMS320C6x Linker PC v7.4.8</banner>
   <copyright>Copyright (c) 1996-2014 Texas Instruments Incorporated</copyright>
   <link_time>0x55129330</link_time>
   <output_file>FFT_Lab_Starter.out</output_file>
   <entry_point>
      <name>_c_int00</name>
      <address>0x3de0</address>
   </entry_point>
   <input_file_list>
      <input_file id="fl-2">
         <path>.\</path>
         <kind>object</kind>
         <file>cfftr2_dit.obj</file>
         <name>cfftr2_dit.obj</name>
      </input_file>
      <input_file id="fl-3">
         <path>.\</path>
         <kind>object</kind>
         <file>bitrev.obj</file>
         <name>bitrev.obj</name>
      </input_file>
      <input_file id="fl-4">
         <path>.\</path>
         <kind>object</kind>
         <file>FFT_LAB_starter.obj</file>
         <name>FFT_LAB_starter.obj</name>
      </input_file>
      <input_file id="fl-5">
         <path>.\</path>
         <kind>object</kind>
         <file>DSK_vectors_AIC23.obj</file>
         <name>DSK_vectors_AIC23.obj</name>
      </input_file>
      <input_file id="fl-c">
         <path>C:\ti\ccsv5\tools\compiler\c6000_7.4.8\lib\</path>
         <kind>archive</kind>
         <file>csl6713.lib</file>
         <name>csl_irq.obj</name>
      </input_file>
      <input_file id="fl-d">
         <path>C:\ti\ccsv5\tools\compiler\c6000_7.4.8\lib\</path>
         <kind>archive</kind>
         <file>csl6713.lib</file>
         <name>csl_mcbsp.obj</name>
      </input_file>
      <input_file id="fl-e">
         <path>C:\ti\ccsv5\tools\compiler\c6000_7.4.8\lib\</path>
         <kind>archive</kind>
         <file>rts6700.lib</file>
         <name>atan.obj</name>
      </input_file>
      <input_file id="fl-f">
         <path>C:\ti\ccsv5\tools\compiler\c6000_7.4.8\lib\</path>
         <kind>archive</kind>
         <file>rts6700.lib</file>
         <name>boot.obj</name>
      </input_file>
      <input_file id="fl-10">
         <path>C:\ti\ccsv5\tools\compiler\c6000_7.4.8\lib\</path>
         <kind>archive</kind>
         <file>rts6700.lib</file>
         <name>cos.obj</name>
      </input_file>
      <input_file id="fl-11">
         <path>C:\ti\ccsv5\tools\compiler\c6000_7.4.8\lib\</path>
         <kind>archive</kind>
         <file>rts6700.lib</file>
         <name>divd.obj</name>
      </input_file>
      <input_file id="fl-12">
         <path>C:\ti\ccsv5\tools\compiler\c6000_7.4.8\lib\</path>
         <kind>archive</kind>
         <file>rts6700.lib</file>
         <name>divf.obj</name>
      </input_file>
      <input_file id="fl-13">
         <path>C:\ti\ccsv5\tools\compiler\c6000_7.4.8\lib\</path>
         <kind>archive</kind>
         <file>rts6700.lib</file>
         <name>exit.obj</name>
      </input_file>
      <input_file id="fl-14">
         <path>C:\ti\ccsv5\tools\compiler\c6000_7.4.8\lib\</path>
         <kind>archive</kind>
         <file>rts6700.lib</file>
         <name>frcmpyd_div.obj</name>
      </input_file>
      <input_file id="fl-15">
         <path>C:\ti\ccsv5\tools\compiler\c6000_7.4.8\lib\</path>
         <kind>archive</kind>
         <file>rts6700.lib</file>
         <name>llshift.obj</name>
      </input_file>
      <input_file id="fl-16">
         <path>C:\ti\ccsv5\tools\compiler\c6000_7.4.8\lib\</path>
         <kind>archive</kind>
         <file>rts6700.lib</file>
         <name>log10.obj</name>
      </input_file>
      <input_file id="fl-17">
         <path>C:\ti\ccsv5\tools\compiler\c6000_7.4.8\lib\</path>
         <kind>archive</kind>
         <file>rts6700.lib</file>
         <name>modf.obj</name>
      </input_file>
      <input_file id="fl-18">
         <path>C:\ti\ccsv5\tools\compiler\c6000_7.4.8\lib\</path>
         <kind>archive</kind>
         <file>rts6700.lib</file>
         <name>mpyll.obj</name>
      </input_file>
      <input_file id="fl-19">
         <path>C:\ti\ccsv5\tools\compiler\c6000_7.4.8\lib\</path>
         <kind>archive</kind>
         <file>rts6700.lib</file>
         <name>round.obj</name>
      </input_file>
      <input_file id="fl-1a">
         <path>C:\ti\ccsv5\tools\compiler\c6000_7.4.8\lib\</path>
         <kind>archive</kind>
         <file>rts6700.lib</file>
         <name>sin.obj</name>
      </input_file>
      <input_file id="fl-1b">
         <path>C:\ti\ccsv5\tools\compiler\c6000_7.4.8\lib\</path>
         <kind>archive</kind>
         <file>rts6700.lib</file>
         <name>trunc.obj</name>
      </input_file>
      <input_file id="fl-1c">
         <path>C:\ti\ccsv5\tools\compiler\c6000_7.4.8\lib\</path>
         <kind>archive</kind>
         <file>rts6700.lib</file>
         <name>args_main.obj</name>
      </input_file>
      <input_file id="fl-1d">
         <path>C:\ti\ccsv5\tools\compiler\c6000_7.4.8\lib\</path>
         <kind>archive</kind>
         <file>rts6700.lib</file>
         <name>autoinit.obj</name>
      </input_file>
      <input_file id="fl-1e">
         <path>C:\ti\ccsv5\tools\compiler\c6000_7.4.8\lib\</path>
         <kind>archive</kind>
         <file>rts6700.lib</file>
         <name>cpp_init.obj</name>
      </input_file>
      <input_file id="fl-1f">
         <path>C:\ti\ccsv5\tools\compiler\c6000_7.4.8\lib\</path>
         <kind>archive</kind>
         <file>rts6700.lib</file>
         <name>cpy_tbl.obj</name>
      </input_file>
      <input_file id="fl-20">
         <path>C:\ti\ccsv5\tools\compiler\c6000_7.4.8\lib\</path>
         <kind>archive</kind>
         <file>rts6700.lib</file>
         <name>log.obj</name>
      </input_file>
      <input_file id="fl-21">
         <path>C:\ti\ccsv5\tools\compiler\c6000_7.4.8\lib\</path>
         <kind>archive</kind>
         <file>rts6700.lib</file>
         <name>memcpy62.obj</name>
      </input_file>
      <input_file id="fl-22">
         <path>C:\ti\ccsv5\tools\compiler\c6000_7.4.8\lib\</path>
         <kind>archive</kind>
         <file>rts6700.lib</file>
         <name>errno.obj</name>
      </input_file>
      <input_file id="fl-23">
         <path>C:\ti\ccsv5\tools\compiler\c6000_7.4.8\lib\</path>
         <kind>archive</kind>
         <file>rts6700.lib</file>
         <name>frexp.obj</name>
      </input_file>
      <input_file id="fl-24">
         <path>C:\ti\ccsv5\tools\compiler\c6000_7.4.8\lib\</path>
         <kind>archive</kind>
         <file>dsk6713bsl.lib</file>
         <name>dsk6713.obj</name>
      </input_file>
      <input_file id="fl-25">
         <path>C:\ti\ccsv5\tools\compiler\c6000_7.4.8\lib\</path>
         <kind>archive</kind>
         <file>dsk6713bsl.lib</file>
         <name>dsk6713_aic23_opencodec.obj</name>
      </input_file>
      <input_file id="fl-26">
         <path>C:\ti\ccsv5\tools\compiler\c6000_7.4.8\lib\</path>
         <kind>archive</kind>
         <file>dsk6713bsl.lib</file>
         <name>dsk6713_aic23_registers.obj</name>
      </input_file>
      <input_file id="fl-27">
         <path>C:\ti\ccsv5\tools\compiler\c6000_7.4.8\lib\</path>
         <kind>archive</kind>
         <file>dsk6713bsl.lib</file>
         <name>dsk6713_aic23_setfreq.obj</name>
      </input_file>
      <input_file id="fl-9f">
         <path>C:\ti\ccsv5\tools\compiler\c6000_7.4.8\lib\</path>
         <kind>archive</kind>
         <file>rts6700.lib</file>
         <name>strasg.obj</name>
      </input_file>
   </input_file_list>
   <object_component_list>
      <object_component id="oc-1c">
         <name>.vectors</name>
         <load_address>0x0</load_address>
         <run_address>0x0</run_address>
         <size>0x200</size>
         <input_file_ref idref="fl-5"/>
      </object_component>
      <object_component id="oc-93">
         <name>.text</name>
         <load_address>0x220</load_address>
         <run_address>0x220</run_address>
         <size>0x7a0</size>
         <input_file_ref idref="fl-4"/>
      </object_component>
      <object_component id="oc-99">
         <name>.text:__divd</name>
         <load_address>0x9c0</load_address>
         <run_address>0x9c0</run_address>
         <size>0x720</size>
         <input_file_ref idref="fl-11"/>
      </object_component>
      <object_component id="oc-75">
         <name>.text</name>
         <load_address>0x10e0</load_address>
         <run_address>0x10e0</run_address>
         <size>0x460</size>
         <input_file_ref idref="fl-24"/>
      </object_component>
      <object_component id="oc-9b">
         <name>.text:_cos</name>
         <load_address>0x1540</load_address>
         <run_address>0x1540</run_address>
         <size>0x340</size>
         <input_file_ref idref="fl-10"/>
      </object_component>
      <object_component id="oc-9d">
         <name>.text:__divf</name>
         <load_address>0x1880</load_address>
         <run_address>0x1880</run_address>
         <size>0x300</size>
         <input_file_ref idref="fl-12"/>
      </object_component>
      <object_component id="oc-79">
         <name>.text</name>
         <load_address>0x1b80</load_address>
         <run_address>0x1b80</run_address>
         <size>0x300</size>
         <input_file_ref idref="fl-25"/>
      </object_component>
      <object_component id="oc-9c">
         <name>.text:_sin</name>
         <load_address>0x1e80</load_address>
         <run_address>0x1e80</run_address>
         <size>0x2e0</size>
         <input_file_ref idref="fl-1a"/>
      </object_component>
      <object_component id="oc-e">
         <name>.text</name>
         <load_address>0x2160</load_address>
         <run_address>0x2160</run_address>
         <size>0x280</size>
         <input_file_ref idref="fl-2"/>
      </object_component>
      <object_component id="oc-a6">
         <name>.text:_log</name>
         <load_address>0x23e0</load_address>
         <run_address>0x23e0</run_address>
         <size>0x260</size>
         <input_file_ref idref="fl-20"/>
      </object_component>
      <object_component id="oc-96">
         <name>.text:_atan</name>
         <load_address>0x2640</load_address>
         <run_address>0x2640</run_address>
         <size>0x240</size>
         <input_file_ref idref="fl-e"/>
      </object_component>
      <object_component id="oc-91">
         <name>.text:_memcpy</name>
         <load_address>0x2880</load_address>
         <run_address>0x2880</run_address>
         <size>0x240</size>
         <input_file_ref idref="fl-21"/>
      </object_component>
      <object_component id="oc-a0">
         <name>.text:_IRQ_map</name>
         <load_address>0x2ac0</load_address>
         <run_address>0x2ac0</run_address>
         <size>0x1a0</size>
         <input_file_ref idref="fl-c"/>
      </object_component>
      <object_component id="oc-95">
         <name>.text:_MCBSP_reset</name>
         <load_address>0x2c60</load_address>
         <run_address>0x2c60</run_address>
         <size>0x180</size>
         <input_file_ref idref="fl-d"/>
      </object_component>
      <object_component id="oc-18">
         <name>.text:retain</name>
         <load_address>0x2de0</load_address>
         <run_address>0x2de0</run_address>
         <size>0x160</size>
         <input_file_ref idref="fl-4"/>
      </object_component>
      <object_component id="oc-a8">
         <name>.text:__frcmpyd_div</name>
         <load_address>0x2f40</load_address>
         <run_address>0x2f40</run_address>
         <size>0x140</size>
         <input_file_ref idref="fl-14"/>
      </object_component>
      <object_component id="oc-7d">
         <name>.text</name>
         <load_address>0x3080</load_address>
         <run_address>0x3080</run_address>
         <size>0x140</size>
         <input_file_ref idref="fl-26"/>
      </object_component>
      <object_component id="oc-ad">
         <name>.text:_frexp</name>
         <load_address>0x31c0</load_address>
         <run_address>0x31c0</run_address>
         <size>0x120</size>
         <input_file_ref idref="fl-23"/>
      </object_component>
      <object_component id="oc-8f">
         <name>.text:_MCBSP_start</name>
         <load_address>0x32e0</load_address>
         <run_address>0x32e0</run_address>
         <size>0x100</size>
         <input_file_ref idref="fl-d"/>
      </object_component>
      <object_component id="oc-88">
         <name>.text:__auto_init</name>
         <load_address>0x33e0</load_address>
         <run_address>0x33e0</run_address>
         <size>0x100</size>
         <input_file_ref idref="fl-1d"/>
      </object_component>
      <object_component id="oc-8e">
         <name>.text:_MCBSP_open</name>
         <load_address>0x34e0</load_address>
         <run_address>0x34e0</run_address>
         <size>0xe0</size>
         <input_file_ref idref="fl-d"/>
      </object_component>
      <object_component id="oc-aa">
         <name>.text:__nround</name>
         <load_address>0x35c0</load_address>
         <run_address>0x35c0</run_address>
         <size>0xe0</size>
         <input_file_ref idref="fl-19"/>
      </object_component>
      <object_component id="oc-8d">
         <name>.text:__strasg</name>
         <load_address>0x36a0</load_address>
         <run_address>0x36a0</run_address>
         <size>0xe0</size>
         <input_file_ref idref="fl-9f"/>
      </object_component>
      <object_component id="oc-8a">
         <name>.text:_exit</name>
         <load_address>0x3780</load_address>
         <run_address>0x3780</run_address>
         <size>0xe0</size>
         <input_file_ref idref="fl-13"/>
      </object_component>
      <object_component id="oc-ab">
         <name>.text:_modf</name>
         <load_address>0x3860</load_address>
         <run_address>0x3860</run_address>
         <size>0xe0</size>
         <input_file_ref idref="fl-17"/>
      </object_component>
      <object_component id="oc-90">
         <name>.text:_copy_in</name>
         <load_address>0x3940</load_address>
         <run_address>0x3940</run_address>
         <size>0xc0</size>
         <input_file_ref idref="fl-1f"/>
      </object_component>
      <object_component id="oc-9a">
         <name>.text</name>
         <load_address>0x3a00</load_address>
         <run_address>0x3a00</run_address>
         <size>0xc0</size>
         <input_file_ref idref="fl-3"/>
      </object_component>
      <object_component id="oc-81">
         <name>.text</name>
         <load_address>0x3ac0</load_address>
         <run_address>0x3ac0</run_address>
         <size>0xc0</size>
         <input_file_ref idref="fl-27"/>
      </object_component>
      <object_component id="oc-9e">
         <name>.text:_MCBSP_config</name>
         <load_address>0x3b80</load_address>
         <run_address>0x3b80</run_address>
         <size>0xa0</size>
         <input_file_ref idref="fl-d"/>
      </object_component>
      <object_component id="oc-ae">
         <name>.text:__mpyll</name>
         <load_address>0x3c20</load_address>
         <run_address>0x3c20</run_address>
         <size>0xa0</size>
         <input_file_ref idref="fl-18"/>
      </object_component>
      <object_component id="oc-ac">
         <name>.text:_setMux</name>
         <load_address>0x3cc0</load_address>
         <run_address>0x3cc0</run_address>
         <size>0xa0</size>
         <input_file_ref idref="fl-c"/>
      </object_component>
      <object_component id="oc-92">
         <name>.text:___TI_cpp_init</name>
         <load_address>0x3d60</load_address>
         <run_address>0x3d60</run_address>
         <size>0x80</size>
         <input_file_ref idref="fl-1e"/>
      </object_component>
      <object_component id="oc-d">
         <name>.text:_c_int00</name>
         <load_address>0x3de0</load_address>
         <run_address>0x3de0</run_address>
         <size>0x80</size>
         <input_file_ref idref="fl-f"/>
      </object_component>
      <object_component id="oc-98">
         <name>.text:_log10</name>
         <load_address>0x3e60</load_address>
         <run_address>0x3e60</run_address>
         <size>0x80</size>
         <input_file_ref idref="fl-16"/>
      </object_component>
      <object_component id="oc-a7">
         <name>.text:__llshru</name>
         <load_address>0x3ee0</load_address>
         <run_address>0x3ee0</run_address>
         <size>0x60</size>
         <input_file_ref idref="fl-15"/>
      </object_component>
      <object_component id="oc-a4">
         <name>.text:_IRQ_enable</name>
         <load_address>0x3f40</load_address>
         <run_address>0x3f40</run_address>
         <size>0x40</size>
         <input_file_ref idref="fl-c"/>
      </object_component>
      <object_component id="oc-a1">
         <name>.text:_IRQ_reset</name>
         <load_address>0x3f80</load_address>
         <run_address>0x3f80</run_address>
         <size>0x40</size>
         <input_file_ref idref="fl-c"/>
      </object_component>
      <object_component id="oc-89">
         <name>.text:__args_main</name>
         <load_address>0x3fc0</load_address>
         <run_address>0x3fc0</run_address>
         <size>0x40</size>
         <input_file_ref idref="fl-1c"/>
      </object_component>
      <object_component id="oc-a9">
         <name>.text:__trunc</name>
         <load_address>0x4000</load_address>
         <run_address>0x4000</run_address>
         <size>0x40</size>
         <input_file_ref idref="fl-1b"/>
      </object_component>
      <object_component id="oc-97">
         <name>.text:_IRQ_globalDisable</name>
         <load_address>0x4040</load_address>
         <run_address>0x4040</run_address>
         <size>0x20</size>
         <input_file_ref idref="fl-c"/>
      </object_component>
      <object_component id="oc-a2">
         <name>.text:_IRQ_globalEnable</name>
         <load_address>0x4060</load_address>
         <run_address>0x4060</run_address>
         <size>0x20</size>
         <input_file_ref idref="fl-c"/>
      </object_component>
      <object_component id="oc-a3">
         <name>.text:_IRQ_nmiEnable</name>
         <load_address>0x4080</load_address>
         <run_address>0x4080</run_address>
         <size>0x20</size>
         <input_file_ref idref="fl-c"/>
      </object_component>
      <object_component id="oc-a5">
         <name>.text:_IRQ_set</name>
         <load_address>0x40a0</load_address>
         <run_address>0x40a0</run_address>
         <size>0x20</size>
         <input_file_ref idref="fl-c"/>
      </object_component>
      <object_component id="oc-9f">
         <name>.text:_MCBSP_getXmtEventId</name>
         <load_address>0x40c0</load_address>
         <run_address>0x40c0</run_address>
         <size>0x20</size>
         <input_file_ref idref="fl-d"/>
      </object_component>
      <object_component id="oc-8b">
         <name>.text:_MCBSP_read</name>
         <load_address>0x40e0</load_address>
         <run_address>0x40e0</run_address>
         <size>0x20</size>
         <input_file_ref idref="fl-d"/>
      </object_component>
      <object_component id="oc-8c">
         <name>.text:_MCBSP_write</name>
         <load_address>0x4100</load_address>
         <run_address>0x4100</run_address>
         <size>0x20</size>
         <input_file_ref idref="fl-d"/>
      </object_component>
      <object_component id="oc-94">
         <name>.text:_abort</name>
         <load_address>0x4120</load_address>
         <run_address>0x4120</run_address>
         <size>0x20</size>
         <input_file_ref idref="fl-13"/>
      </object_component>
      <object_component id="oc-20">
         <name>.text</name>
         <load_address>0x4140</load_address>
         <run_address>0x4140</run_address>
         <size>0x20</size>
         <input_file_ref idref="fl-c"/>
      </object_component>
      <object_component id="oc-21">
         <name>.cinit</name>
         <load_address>0x4560</load_address>
         <run_address>0x4560</run_address>
         <size>0x12c</size>
         <input_file_ref idref="fl-c"/>
      </object_component>
      <object_component id="oc-16">
         <name>.cinit</name>
         <load_address>0x4690</load_address>
         <run_address>0x4690</run_address>
         <size>0x92</size>
         <input_file_ref idref="fl-4"/>
      </object_component>
      <object_component id="oc-28">
         <name>.cinit</name>
         <load_address>0x4728</load_address>
         <run_address>0x4728</run_address>
         <size>0x70</size>
         <input_file_ref idref="fl-e"/>
      </object_component>
      <object_component id="oc-24">
         <name>.cinit</name>
         <load_address>0x4798</load_address>
         <run_address>0x4798</run_address>
         <size>0x54</size>
         <input_file_ref idref="fl-d"/>
      </object_component>
      <object_component id="oc-31">
         <name>.cinit</name>
         <load_address>0x47f0</load_address>
         <run_address>0x47f0</run_address>
         <size>0x48</size>
         <input_file_ref idref="fl-10"/>
      </object_component>
      <object_component id="oc-53">
         <name>.cinit</name>
         <load_address>0x4838</load_address>
         <run_address>0x4838</run_address>
         <size>0x48</size>
         <input_file_ref idref="fl-1a"/>
      </object_component>
      <object_component id="oc-67">
         <name>.cinit</name>
         <load_address>0x4880</load_address>
         <run_address>0x4880</run_address>
         <size>0x40</size>
         <input_file_ref idref="fl-20"/>
      </object_component>
      <object_component id="oc-7e">
         <name>.cinit</name>
         <load_address>0x48c0</load_address>
         <run_address>0x48c0</run_address>
         <size>0x30</size>
         <input_file_ref idref="fl-26"/>
      </object_component>
      <object_component id="oc-3c">
         <name>.cinit</name>
         <load_address>0x48f0</load_address>
         <run_address>0x48f0</run_address>
         <size>0x2c</size>
         <input_file_ref idref="fl-13"/>
      </object_component>
      <object_component id="oc-82">
         <name>.cinit</name>
         <load_address>0x4920</load_address>
         <run_address>0x4920</run_address>
         <size>0x28</size>
         <input_file_ref idref="fl-27"/>
      </object_component>
      <object_component id="oc-6f">
         <name>.cinit</name>
         <load_address>0x4948</load_address>
         <run_address>0x4948</run_address>
         <size>0xc</size>
         <input_file_ref idref="fl-22"/>
      </object_component>
      <object_component id="oc-2d">
         <name>.stack</name>
         <uninitialized>true</uninitialized>
         <run_address>0x4160</run_address>
         <size>0x8</size>
         <input_file_ref idref="fl-f"/>
      </object_component>
      <object_component id="oc-c5">
         <name>.stack</name>
         <uninitialized>true</uninitialized>
         <run_address>0x4160</run_address>
         <size>0x0</size>
      </object_component>
      <object_component id="oc-7b">
         <name>.const</name>
         <load_address>0x4d0c</load_address>
         <run_address>0x4d0c</run_address>
         <size>0x40</size>
         <input_file_ref idref="fl-25"/>
      </object_component>
      <object_component id="oc-77">
         <name>.const</name>
         <load_address>0x4d4c</load_address>
         <run_address>0x4d4c</run_address>
         <size>0x20</size>
         <input_file_ref idref="fl-24"/>
      </object_component>
      <object_component id="oc-17">
         <name>.far</name>
         <uninitialized>true</uninitialized>
         <run_address>0x4960</run_address>
         <size>0x10c</size>
         <input_file_ref idref="fl-4"/>
      </object_component>
      <object_component id="oc-22">
         <name>.far</name>
         <uninitialized>true</uninitialized>
         <run_address>0x4a6c</run_address>
         <size>0xf4</size>
         <input_file_ref idref="fl-c"/>
      </object_component>
      <object_component id="oc-25">
         <name>.far</name>
         <uninitialized>true</uninitialized>
         <run_address>0x4c40</run_address>
         <size>0x38</size>
         <input_file_ref idref="fl-d"/>
      </object_component>
      <object_component id="oc-29">
         <name>.far</name>
         <uninitialized>true</uninitialized>
         <run_address>0x4b60</run_address>
         <size>0x60</size>
         <input_file_ref idref="fl-e"/>
      </object_component>
      <object_component id="oc-32">
         <name>.far</name>
         <uninitialized>true</uninitialized>
         <run_address>0x4bc0</run_address>
         <size>0x40</size>
         <input_file_ref idref="fl-10"/>
      </object_component>
      <object_component id="oc-3d">
         <name>.far</name>
         <uninitialized>true</uninitialized>
         <run_address>0x4cf0</run_address>
         <size>0xc</size>
         <input_file_ref idref="fl-13"/>
      </object_component>
      <object_component id="oc-54">
         <name>.far</name>
         <uninitialized>true</uninitialized>
         <run_address>0x4c00</run_address>
         <size>0x40</size>
         <input_file_ref idref="fl-1a"/>
      </object_component>
      <object_component id="oc-68">
         <name>.far</name>
         <uninitialized>true</uninitialized>
         <run_address>0x4c78</run_address>
         <size>0x30</size>
         <input_file_ref idref="fl-20"/>
      </object_component>
      <object_component id="oc-70">
         <name>.far</name>
         <uninitialized>true</uninitialized>
         <run_address>0x4d04</run_address>
         <size>0x4</size>
         <input_file_ref idref="fl-22"/>
      </object_component>
      <object_component id="oc-76">
         <name>.far</name>
         <uninitialized>true</uninitialized>
         <run_address>0x4d08</run_address>
         <size>0x2</size>
         <input_file_ref idref="fl-24"/>
      </object_component>
      <object_component id="oc-7a">
         <name>.far</name>
         <uninitialized>true</uninitialized>
         <run_address>0x4cfc</run_address>
         <size>0x8</size>
         <input_file_ref idref="fl-25"/>
      </object_component>
      <object_component id="oc-7f">
         <name>.far</name>
         <uninitialized>true</uninitialized>
         <run_address>0x4ca8</run_address>
         <size>0x28</size>
         <input_file_ref idref="fl-26"/>
      </object_component>
      <object_component id="oc-83">
         <name>.far</name>
         <uninitialized>true</uninitialized>
         <run_address>0x4cd0</run_address>
         <size>0x20</size>
         <input_file_ref idref="fl-27"/>
      </object_component>
      <object_component id="oc-f">
         <name>.debug_info</name>
         <load_address>0x0</load_address>
         <run_address>0x0</run_address>
         <size>0x5c4</size>
         <input_file_ref idref="fl-2"/>
      </object_component>
      <object_component id="oc-11">
         <name>.debug_info</name>
         <load_address>0x5c4</load_address>
         <run_address>0x5c4</run_address>
         <size>0x703</size>
         <input_file_ref idref="fl-3"/>
      </object_component>
      <object_component id="oc-15">
         <name>.debug_info</name>
         <load_address>0xcc7</load_address>
         <run_address>0xcc7</run_address>
         <size>0x1236</size>
         <input_file_ref idref="fl-4"/>
      </object_component>
      <object_component id="oc-1d">
         <name>.debug_info</name>
         <load_address>0x1efd</load_address>
         <run_address>0x1efd</run_address>
         <size>0xd0</size>
         <input_file_ref idref="fl-5"/>
      </object_component>
      <object_component id="oc-27">
         <name>.debug_info</name>
         <load_address>0x1fcd</load_address>
         <run_address>0x1fcd</run_address>
         <size>0x6a1</size>
         <input_file_ref idref="fl-e"/>
      </object_component>
      <object_component id="oc-2c">
         <name>.debug_info</name>
         <load_address>0x266e</load_address>
         <run_address>0x266e</run_address>
         <size>0x708</size>
         <input_file_ref idref="fl-f"/>
      </object_component>
      <object_component id="oc-30">
         <name>.debug_info</name>
         <load_address>0x2d76</load_address>
         <run_address>0x2d76</run_address>
         <size>0x70f</size>
         <input_file_ref idref="fl-10"/>
      </object_component>
      <object_component id="oc-35">
         <name>.debug_info</name>
         <load_address>0x3485</load_address>
         <run_address>0x3485</run_address>
         <size>0x97f</size>
         <input_file_ref idref="fl-11"/>
      </object_component>
      <object_component id="oc-38">
         <name>.debug_info</name>
         <load_address>0x3e04</load_address>
         <run_address>0x3e04</run_address>
         <size>0x8cb</size>
         <input_file_ref idref="fl-12"/>
      </object_component>
      <object_component id="oc-3b">
         <name>.debug_info</name>
         <load_address>0x46cf</load_address>
         <run_address>0x46cf</run_address>
         <size>0x7f7</size>
         <input_file_ref idref="fl-13"/>
      </object_component>
      <object_component id="oc-40">
         <name>.debug_info</name>
         <load_address>0x4ec6</load_address>
         <run_address>0x4ec6</run_address>
         <size>0x6a1</size>
         <input_file_ref idref="fl-14"/>
      </object_component>
      <object_component id="oc-43">
         <name>.debug_info</name>
         <load_address>0x5567</load_address>
         <run_address>0x5567</run_address>
         <size>0x68e</size>
         <input_file_ref idref="fl-15"/>
      </object_component>
      <object_component id="oc-46">
         <name>.debug_info</name>
         <load_address>0x5bf5</load_address>
         <run_address>0x5bf5</run_address>
         <size>0x63e</size>
         <input_file_ref idref="fl-16"/>
      </object_component>
      <object_component id="oc-49">
         <name>.debug_info</name>
         <load_address>0x6233</load_address>
         <run_address>0x6233</run_address>
         <size>0x67d</size>
         <input_file_ref idref="fl-17"/>
      </object_component>
      <object_component id="oc-4c">
         <name>.debug_info</name>
         <load_address>0x68b0</load_address>
         <run_address>0x68b0</run_address>
         <size>0x6b4</size>
         <input_file_ref idref="fl-18"/>
      </object_component>
      <object_component id="oc-4f">
         <name>.debug_info</name>
         <load_address>0x6f64</load_address>
         <run_address>0x6f64</run_address>
         <size>0x656</size>
         <input_file_ref idref="fl-19"/>
      </object_component>
      <object_component id="oc-52">
         <name>.debug_info</name>
         <load_address>0x75ba</load_address>
         <run_address>0x75ba</run_address>
         <size>0x70f</size>
         <input_file_ref idref="fl-1a"/>
      </object_component>
      <object_component id="oc-57">
         <name>.debug_info</name>
         <load_address>0x7cc9</load_address>
         <run_address>0x7cc9</run_address>
         <size>0x64e</size>
         <input_file_ref idref="fl-1b"/>
      </object_component>
      <object_component id="oc-5a">
         <name>.debug_info</name>
         <load_address>0x8317</load_address>
         <run_address>0x8317</run_address>
         <size>0x6de</size>
         <input_file_ref idref="fl-1c"/>
      </object_component>
      <object_component id="oc-5d">
         <name>.debug_info</name>
         <load_address>0x89f5</load_address>
         <run_address>0x89f5</run_address>
         <size>0x869</size>
         <input_file_ref idref="fl-1d"/>
      </object_component>
      <object_component id="oc-60">
         <name>.debug_info</name>
         <load_address>0x925e</load_address>
         <run_address>0x925e</run_address>
         <size>0x6e1</size>
         <input_file_ref idref="fl-1e"/>
      </object_component>
      <object_component id="oc-63">
         <name>.debug_info</name>
         <load_address>0x993f</load_address>
         <run_address>0x993f</run_address>
         <size>0x7d7</size>
         <input_file_ref idref="fl-1f"/>
      </object_component>
      <object_component id="oc-66">
         <name>.debug_info</name>
         <load_address>0xa116</load_address>
         <run_address>0xa116</run_address>
         <size>0x679</size>
         <input_file_ref idref="fl-20"/>
      </object_component>
      <object_component id="oc-6b">
         <name>.debug_info</name>
         <load_address>0xa78f</load_address>
         <run_address>0xa78f</run_address>
         <size>0x785</size>
         <input_file_ref idref="fl-21"/>
      </object_component>
      <object_component id="oc-6e">
         <name>.debug_info</name>
         <load_address>0xaf14</load_address>
         <run_address>0xaf14</run_address>
         <size>0x5df</size>
         <input_file_ref idref="fl-22"/>
      </object_component>
      <object_component id="oc-72">
         <name>.debug_info</name>
         <load_address>0xb4f3</load_address>
         <run_address>0xb4f3</run_address>
         <size>0x698</size>
         <input_file_ref idref="fl-23"/>
      </object_component>
      <object_component id="oc-85">
         <name>.debug_info</name>
         <load_address>0xbb8b</load_address>
         <run_address>0xbb8b</run_address>
         <size>0xd5</size>
         <input_file_ref idref="fl-9f"/>
      </object_component>
      <object_component id="oc-c6">
         <name>.debug_info</name>
         <load_address>0xbc60</load_address>
         <run_address>0xbc60</run_address>
         <size>0x6d</size>
      </object_component>
      <object_component id="oc-10">
         <name>.debug_abbrev</name>
         <load_address>0x0</load_address>
         <run_address>0x0</run_address>
         <size>0x34</size>
         <input_file_ref idref="fl-2"/>
      </object_component>
      <object_component id="oc-14">
         <name>.debug_abbrev</name>
         <load_address>0x34</load_address>
         <run_address>0x34</run_address>
         <size>0xa4</size>
         <input_file_ref idref="fl-3"/>
      </object_component>
      <object_component id="oc-1b">
         <name>.debug_abbrev</name>
         <load_address>0xd8</load_address>
         <run_address>0xd8</run_address>
         <size>0x188</size>
         <input_file_ref idref="fl-4"/>
      </object_component>
      <object_component id="oc-1f">
         <name>.debug_abbrev</name>
         <load_address>0x260</load_address>
         <run_address>0x260</run_address>
         <size>0x20</size>
         <input_file_ref idref="fl-5"/>
      </object_component>
      <object_component id="oc-2b">
         <name>.debug_abbrev</name>
         <load_address>0x280</load_address>
         <run_address>0x280</run_address>
         <size>0xac</size>
         <input_file_ref idref="fl-e"/>
      </object_component>
      <object_component id="oc-2f">
         <name>.debug_abbrev</name>
         <load_address>0x32c</load_address>
         <run_address>0x32c</run_address>
         <size>0xfe</size>
         <input_file_ref idref="fl-f"/>
      </object_component>
      <object_component id="oc-34">
         <name>.debug_abbrev</name>
         <load_address>0x42a</load_address>
         <run_address>0x42a</run_address>
         <size>0xcc</size>
         <input_file_ref idref="fl-10"/>
      </object_component>
      <object_component id="oc-37">
         <name>.debug_abbrev</name>
         <load_address>0x4f6</load_address>
         <run_address>0x4f6</run_address>
         <size>0xf5</size>
         <input_file_ref idref="fl-11"/>
      </object_component>
      <object_component id="oc-3a">
         <name>.debug_abbrev</name>
         <load_address>0x5eb</load_address>
         <run_address>0x5eb</run_address>
         <size>0xe7</size>
         <input_file_ref idref="fl-12"/>
      </object_component>
      <object_component id="oc-3f">
         <name>.debug_abbrev</name>
         <load_address>0x6d2</load_address>
         <run_address>0x6d2</run_address>
         <size>0x119</size>
         <input_file_ref idref="fl-13"/>
      </object_component>
      <object_component id="oc-42">
         <name>.debug_abbrev</name>
         <load_address>0x7eb</load_address>
         <run_address>0x7eb</run_address>
         <size>0x9a</size>
         <input_file_ref idref="fl-14"/>
      </object_component>
      <object_component id="oc-45">
         <name>.debug_abbrev</name>
         <load_address>0x885</load_address>
         <run_address>0x885</run_address>
         <size>0xa3</size>
         <input_file_ref idref="fl-15"/>
      </object_component>
      <object_component id="oc-48">
         <name>.debug_abbrev</name>
         <load_address>0x928</load_address>
         <run_address>0x928</run_address>
         <size>0xa6</size>
         <input_file_ref idref="fl-16"/>
      </object_component>
      <object_component id="oc-4b">
         <name>.debug_abbrev</name>
         <load_address>0x9ce</load_address>
         <run_address>0x9ce</run_address>
         <size>0xa1</size>
         <input_file_ref idref="fl-17"/>
      </object_component>
      <object_component id="oc-4e">
         <name>.debug_abbrev</name>
         <load_address>0xa6f</load_address>
         <run_address>0xa6f</run_address>
         <size>0xa3</size>
         <input_file_ref idref="fl-18"/>
      </object_component>
      <object_component id="oc-51">
         <name>.debug_abbrev</name>
         <load_address>0xb12</load_address>
         <run_address>0xb12</run_address>
         <size>0xaf</size>
         <input_file_ref idref="fl-19"/>
      </object_component>
      <object_component id="oc-56">
         <name>.debug_abbrev</name>
         <load_address>0xbc1</load_address>
         <run_address>0xbc1</run_address>
         <size>0xcc</size>
         <input_file_ref idref="fl-1a"/>
      </object_component>
      <object_component id="oc-59">
         <name>.debug_abbrev</name>
         <load_address>0xc8d</load_address>
         <run_address>0xc8d</run_address>
         <size>0xaf</size>
         <input_file_ref idref="fl-1b"/>
      </object_component>
      <object_component id="oc-5c">
         <name>.debug_abbrev</name>
         <load_address>0xd3c</load_address>
         <run_address>0xd3c</run_address>
         <size>0xe1</size>
         <input_file_ref idref="fl-1c"/>
      </object_component>
      <object_component id="oc-5f">
         <name>.debug_abbrev</name>
         <load_address>0xe1d</load_address>
         <run_address>0xe1d</run_address>
         <size>0x13f</size>
         <input_file_ref idref="fl-1d"/>
      </object_component>
      <object_component id="oc-62">
         <name>.debug_abbrev</name>
         <load_address>0xf5c</load_address>
         <run_address>0xf5c</run_address>
         <size>0xdd</size>
         <input_file_ref idref="fl-1e"/>
      </object_component>
      <object_component id="oc-65">
         <name>.debug_abbrev</name>
         <load_address>0x1039</load_address>
         <run_address>0x1039</run_address>
         <size>0x10c</size>
         <input_file_ref idref="fl-1f"/>
      </object_component>
      <object_component id="oc-6a">
         <name>.debug_abbrev</name>
         <load_address>0x1145</load_address>
         <run_address>0x1145</run_address>
         <size>0xbf</size>
         <input_file_ref idref="fl-20"/>
      </object_component>
      <object_component id="oc-6d">
         <name>.debug_abbrev</name>
         <load_address>0x1204</load_address>
         <run_address>0x1204</run_address>
         <size>0xd5</size>
         <input_file_ref idref="fl-21"/>
      </object_component>
      <object_component id="oc-71">
         <name>.debug_abbrev</name>
         <load_address>0x12d9</load_address>
         <run_address>0x12d9</run_address>
         <size>0x44</size>
         <input_file_ref idref="fl-22"/>
      </object_component>
      <object_component id="oc-74">
         <name>.debug_abbrev</name>
         <load_address>0x131d</load_address>
         <run_address>0x131d</run_address>
         <size>0xb1</size>
         <input_file_ref idref="fl-23"/>
      </object_component>
      <object_component id="oc-87">
         <name>.debug_abbrev</name>
         <load_address>0x13ce</load_address>
         <run_address>0x13ce</run_address>
         <size>0x3a</size>
         <input_file_ref idref="fl-9f"/>
      </object_component>
      <object_component id="oc-c7">
         <name>.debug_abbrev</name>
         <load_address>0x1408</load_address>
         <run_address>0x1408</run_address>
         <size>0xd</size>
      </object_component>
      <object_component id="oc-12">
         <name>.debug_frame</name>
         <load_address>0x0</load_address>
         <run_address>0x0</run_address>
         <size>0x25a</size>
         <input_file_ref idref="fl-3"/>
      </object_component>
      <object_component id="oc-19">
         <name>.debug_frame</name>
         <load_address>0x25a</load_address>
         <run_address>0x25a</run_address>
         <size>0x2de</size>
         <input_file_ref idref="fl-4"/>
      </object_component>
      <object_component id="oc-13">
         <name>.debug_line</name>
         <load_address>0x0</load_address>
         <run_address>0x0</run_address>
         <size>0x54</size>
         <input_file_ref idref="fl-3"/>
      </object_component>
      <object_component id="oc-1a">
         <name>.debug_line</name>
         <load_address>0x54</load_address>
         <run_address>0x54</run_address>
         <size>0xd2</size>
         <input_file_ref idref="fl-4"/>
      </object_component>
      <object_component id="oc-1e">
         <name>.debug_line</name>
         <load_address>0x126</load_address>
         <run_address>0x126</run_address>
         <size>0xc2</size>
         <input_file_ref idref="fl-5"/>
      </object_component>
      <object_component id="oc-2a">
         <name>.debug_line</name>
         <load_address>0x1e8</load_address>
         <run_address>0x1e8</run_address>
         <size>0x53</size>
         <input_file_ref idref="fl-e"/>
      </object_component>
      <object_component id="oc-2e">
         <name>.debug_line</name>
         <load_address>0x23b</load_address>
         <run_address>0x23b</run_address>
         <size>0x3d</size>
         <input_file_ref idref="fl-f"/>
      </object_component>
      <object_component id="oc-33">
         <name>.debug_line</name>
         <load_address>0x278</load_address>
         <run_address>0x278</run_address>
         <size>0x54</size>
         <input_file_ref idref="fl-10"/>
      </object_component>
      <object_component id="oc-36">
         <name>.debug_line</name>
         <load_address>0x2cc</load_address>
         <run_address>0x2cc</run_address>
         <size>0x3c</size>
         <input_file_ref idref="fl-11"/>
      </object_component>
      <object_component id="oc-39">
         <name>.debug_line</name>
         <load_address>0x308</load_address>
         <run_address>0x308</run_address>
         <size>0x3c</size>
         <input_file_ref idref="fl-12"/>
      </object_component>
      <object_component id="oc-3e">
         <name>.debug_line</name>
         <load_address>0x344</load_address>
         <run_address>0x344</run_address>
         <size>0x4f</size>
         <input_file_ref idref="fl-13"/>
      </object_component>
      <object_component id="oc-41">
         <name>.debug_line</name>
         <load_address>0x393</load_address>
         <run_address>0x393</run_address>
         <size>0x3e</size>
         <input_file_ref idref="fl-14"/>
      </object_component>
      <object_component id="oc-44">
         <name>.debug_line</name>
         <load_address>0x3d1</load_address>
         <run_address>0x3d1</run_address>
         <size>0x3f</size>
         <input_file_ref idref="fl-15"/>
      </object_component>
      <object_component id="oc-47">
         <name>.debug_line</name>
         <load_address>0x410</load_address>
         <run_address>0x410</run_address>
         <size>0x38</size>
         <input_file_ref idref="fl-16"/>
      </object_component>
      <object_component id="oc-4a">
         <name>.debug_line</name>
         <load_address>0x448</load_address>
         <run_address>0x448</run_address>
         <size>0x37</size>
         <input_file_ref idref="fl-17"/>
      </object_component>
      <object_component id="oc-4d">
         <name>.debug_line</name>
         <load_address>0x47f</load_address>
         <run_address>0x47f</run_address>
         <size>0x3d</size>
         <input_file_ref idref="fl-18"/>
      </object_component>
      <object_component id="oc-50">
         <name>.debug_line</name>
         <load_address>0x4bc</load_address>
         <run_address>0x4bc</run_address>
         <size>0x38</size>
         <input_file_ref idref="fl-19"/>
      </object_component>
      <object_component id="oc-55">
         <name>.debug_line</name>
         <load_address>0x4f4</load_address>
         <run_address>0x4f4</run_address>
         <size>0x54</size>
         <input_file_ref idref="fl-1a"/>
      </object_component>
      <object_component id="oc-58">
         <name>.debug_line</name>
         <load_address>0x548</load_address>
         <run_address>0x548</run_address>
         <size>0x38</size>
         <input_file_ref idref="fl-1b"/>
      </object_component>
      <object_component id="oc-5b">
         <name>.debug_line</name>
         <load_address>0x580</load_address>
         <run_address>0x580</run_address>
         <size>0x41</size>
         <input_file_ref idref="fl-1c"/>
      </object_component>
      <object_component id="oc-5e">
         <name>.debug_line</name>
         <load_address>0x5c1</load_address>
         <run_address>0x5c1</run_address>
         <size>0x47</size>
         <input_file_ref idref="fl-1d"/>
      </object_component>
      <object_component id="oc-61">
         <name>.debug_line</name>
         <load_address>0x608</load_address>
         <run_address>0x608</run_address>
         <size>0x45</size>
         <input_file_ref idref="fl-1e"/>
      </object_component>
      <object_component id="oc-64">
         <name>.debug_line</name>
         <load_address>0x64d</load_address>
         <run_address>0x64d</run_address>
         <size>0x44</size>
         <input_file_ref idref="fl-1f"/>
      </object_component>
      <object_component id="oc-69">
         <name>.debug_line</name>
         <load_address>0x691</load_address>
         <run_address>0x691</run_address>
         <size>0x3b</size>
         <input_file_ref idref="fl-20"/>
      </object_component>
      <object_component id="oc-6c">
         <name>.debug_line</name>
         <load_address>0x6cc</load_address>
         <run_address>0x6cc</run_address>
         <size>0x4e</size>
         <input_file_ref idref="fl-21"/>
      </object_component>
      <object_component id="oc-73">
         <name>.debug_line</name>
         <load_address>0x71a</load_address>
         <run_address>0x71a</run_address>
         <size>0x38</size>
         <input_file_ref idref="fl-23"/>
      </object_component>
      <object_component id="oc-86">
         <name>.debug_line</name>
         <load_address>0x752</load_address>
         <run_address>0x752</run_address>
         <size>0x48</size>
         <input_file_ref idref="fl-9f"/>
      </object_component>
      <object_component id="oc-23">
         <name>$BRID</name>
         <load_address>0x0</load_address>
         <run_address>0x0</run_address>
         <size>0x78</size>
         <input_file_ref idref="fl-c"/>
      </object_component>
      <object_component id="oc-26">
         <name>$BRID</name>
         <load_address>0x78</load_address>
         <run_address>0x78</run_address>
         <size>0x7c</size>
         <input_file_ref idref="fl-d"/>
      </object_component>
      <object_component id="oc-78">
         <name>$BRID</name>
         <load_address>0xf4</load_address>
         <run_address>0xf4</run_address>
         <size>0x54</size>
         <input_file_ref idref="fl-24"/>
      </object_component>
      <object_component id="oc-7c">
         <name>$BRID</name>
         <load_address>0x148</load_address>
         <run_address>0x148</run_address>
         <size>0x24</size>
         <input_file_ref idref="fl-25"/>
      </object_component>
      <object_component id="oc-80">
         <name>$BRID</name>
         <load_address>0x16c</load_address>
         <run_address>0x16c</run_address>
         <size>0x14</size>
         <input_file_ref idref="fl-26"/>
      </object_component>
      <object_component id="oc-84">
         <name>$BRID</name>
         <load_address>0x180</load_address>
         <run_address>0x180</run_address>
         <size>0xc</size>
         <input_file_ref idref="fl-27"/>
      </object_component>
   </object_component_list>
   <logical_group_list>
      <logical_group id="lg-2">
         <name>.EXT_RAM</name>
         <run_address>0x0</run_address>
         <size>0x0</size>
         <contents>
         </contents>
      </logical_group>
      <logical_group id="lg-3">
         <name>.vectors</name>
         <load_address>0x0</load_address>
         <run_address>0x0</run_address>
         <size>0x200</size>
         <contents>
            <object_component_ref idref="oc-1c"/>
         </contents>
      </logical_group>
      <logical_group id="lg-4">
         <name>.text</name>
         <load_address>0x220</load_address>
         <run_address>0x220</run_address>
         <size>0x3f40</size>
         <contents>
            <object_component_ref idref="oc-93"/>
            <object_component_ref idref="oc-99"/>
            <object_component_ref idref="oc-75"/>
            <object_component_ref idref="oc-9b"/>
            <object_component_ref idref="oc-9d"/>
            <object_component_ref idref="oc-79"/>
            <object_component_ref idref="oc-9c"/>
            <object_component_ref idref="oc-e"/>
            <object_component_ref idref="oc-a6"/>
            <object_component_ref idref="oc-96"/>
            <object_component_ref idref="oc-91"/>
            <object_component_ref idref="oc-a0"/>
            <object_component_ref idref="oc-95"/>
            <object_component_ref idref="oc-18"/>
            <object_component_ref idref="oc-a8"/>
            <object_component_ref idref="oc-7d"/>
            <object_component_ref idref="oc-ad"/>
            <object_component_ref idref="oc-8f"/>
            <object_component_ref idref="oc-88"/>
            <object_component_ref idref="oc-8e"/>
            <object_component_ref idref="oc-aa"/>
            <object_component_ref idref="oc-8d"/>
            <object_component_ref idref="oc-8a"/>
            <object_component_ref idref="oc-ab"/>
            <object_component_ref idref="oc-90"/>
            <object_component_ref idref="oc-9a"/>
            <object_component_ref idref="oc-81"/>
            <object_component_ref idref="oc-9e"/>
            <object_component_ref idref="oc-ae"/>
            <object_component_ref idref="oc-ac"/>
            <object_component_ref idref="oc-92"/>
            <object_component_ref idref="oc-d"/>
            <object_component_ref idref="oc-98"/>
            <object_component_ref idref="oc-a7"/>
            <object_component_ref idref="oc-a4"/>
            <object_component_ref idref="oc-a1"/>
            <object_component_ref idref="oc-89"/>
            <object_component_ref idref="oc-a9"/>
            <object_component_ref idref="oc-97"/>
            <object_component_ref idref="oc-a2"/>
            <object_component_ref idref="oc-a3"/>
            <object_component_ref idref="oc-a5"/>
            <object_component_ref idref="oc-9f"/>
            <object_component_ref idref="oc-8b"/>
            <object_component_ref idref="oc-8c"/>
            <object_component_ref idref="oc-94"/>
            <object_component_ref idref="oc-20"/>
         </contents>
      </logical_group>
      <logical_group id="lg-5">
         <name>.bss</name>
         <run_address>0x220</run_address>
         <size>0x0</size>
         <contents>
         </contents>
      </logical_group>
      <logical_group id="lg-6">
         <name>.cinit</name>
         <load_address>0x4560</load_address>
         <run_address>0x4560</run_address>
         <size>0x3fc</size>
         <contents>
            <object_component_ref idref="oc-21"/>
            <object_component_ref idref="oc-16"/>
            <object_component_ref idref="oc-28"/>
            <object_component_ref idref="oc-24"/>
            <object_component_ref idref="oc-31"/>
            <object_component_ref idref="oc-53"/>
            <object_component_ref idref="oc-67"/>
            <object_component_ref idref="oc-7e"/>
            <object_component_ref idref="oc-3c"/>
            <object_component_ref idref="oc-82"/>
            <object_component_ref idref="oc-6f"/>
         </contents>
      </logical_group>
      <logical_group id="lg-7">
         <name>.stack</name>
         <run_address>0x4160</run_address>
         <size>0x400</size>
         <contents>
            <object_component_ref idref="oc-2d"/>
            <object_component_ref idref="oc-c5"/>
         </contents>
      </logical_group>
      <logical_group id="lg-8">
         <name>.sysmem</name>
         <run_address>0x0</run_address>
         <size>0x0</size>
         <contents>
         </contents>
      </logical_group>
      <logical_group id="lg-9">
         <name>.const</name>
         <load_address>0x4d0c</load_address>
         <run_address>0x4d0c</run_address>
         <size>0x60</size>
         <contents>
            <object_component_ref idref="oc-7b"/>
            <object_component_ref idref="oc-77"/>
         </contents>
      </logical_group>
      <logical_group id="lg-a">
         <name>.switch</name>
         <run_address>0x0</run_address>
         <size>0x0</size>
         <contents>
         </contents>
      </logical_group>
      <logical_group id="lg-b">
         <name>.far</name>
         <run_address>0x4960</run_address>
         <size>0x3aa</size>
         <contents>
            <object_component_ref idref="oc-17"/>
            <object_component_ref idref="oc-22"/>
            <object_component_ref idref="oc-25"/>
            <object_component_ref idref="oc-29"/>
            <object_component_ref idref="oc-32"/>
            <object_component_ref idref="oc-3d"/>
            <object_component_ref idref="oc-54"/>
            <object_component_ref idref="oc-68"/>
            <object_component_ref idref="oc-70"/>
            <object_component_ref idref="oc-76"/>
            <object_component_ref idref="oc-7a"/>
            <object_component_ref idref="oc-7f"/>
            <object_component_ref idref="oc-83"/>
         </contents>
      </logical_group>
      <logical_group id="lg-c">
         <name>.cio</name>
         <run_address>0x0</run_address>
         <size>0x0</size>
         <contents>
         </contents>
      </logical_group>
      <logical_group id="lg-ba">
         <name>.debug_info</name>
         <load_address>0x0</load_address>
         <run_address>0x0</run_address>
         <size>0xbccd</size>
         <contents>
            <object_component_ref idref="oc-f"/>
            <object_component_ref idref="oc-11"/>
            <object_component_ref idref="oc-15"/>
            <object_component_ref idref="oc-1d"/>
            <object_component_ref idref="oc-27"/>
            <object_component_ref idref="oc-2c"/>
            <object_component_ref idref="oc-30"/>
            <object_component_ref idref="oc-35"/>
            <object_component_ref idref="oc-38"/>
            <object_component_ref idref="oc-3b"/>
            <object_component_ref idref="oc-40"/>
            <object_component_ref idref="oc-43"/>
            <object_component_ref idref="oc-46"/>
            <object_component_ref idref="oc-49"/>
            <object_component_ref idref="oc-4c"/>
            <object_component_ref idref="oc-4f"/>
            <object_component_ref idref="oc-52"/>
            <object_component_ref idref="oc-57"/>
            <object_component_ref idref="oc-5a"/>
            <object_component_ref idref="oc-5d"/>
            <object_component_ref idref="oc-60"/>
            <object_component_ref idref="oc-63"/>
            <object_component_ref idref="oc-66"/>
            <object_component_ref idref="oc-6b"/>
            <object_component_ref idref="oc-6e"/>
            <object_component_ref idref="oc-72"/>
            <object_component_ref idref="oc-85"/>
            <object_component_ref idref="oc-c6"/>
         </contents>
      </logical_group>
      <logical_group id="lg-bc">
         <name>.debug_abbrev</name>
         <load_address>0x0</load_address>
         <run_address>0x0</run_address>
         <size>0x1415</size>
         <contents>
            <object_component_ref idref="oc-10"/>
            <object_component_ref idref="oc-14"/>
            <object_component_ref idref="oc-1b"/>
            <object_component_ref idref="oc-1f"/>
            <object_component_ref idref="oc-2b"/>
            <object_component_ref idref="oc-2f"/>
            <object_component_ref idref="oc-34"/>
            <object_component_ref idref="oc-37"/>
            <object_component_ref idref="oc-3a"/>
            <object_component_ref idref="oc-3f"/>
            <object_component_ref idref="oc-42"/>
            <object_component_ref idref="oc-45"/>
            <object_component_ref idref="oc-48"/>
            <object_component_ref idref="oc-4b"/>
            <object_component_ref idref="oc-4e"/>
            <object_component_ref idref="oc-51"/>
            <object_component_ref idref="oc-56"/>
            <object_component_ref idref="oc-59"/>
            <object_component_ref idref="oc-5c"/>
            <object_component_ref idref="oc-5f"/>
            <object_component_ref idref="oc-62"/>
            <object_component_ref idref="oc-65"/>
            <object_component_ref idref="oc-6a"/>
            <object_component_ref idref="oc-6d"/>
            <object_component_ref idref="oc-71"/>
            <object_component_ref idref="oc-74"/>
            <object_component_ref idref="oc-87"/>
            <object_component_ref idref="oc-c7"/>
         </contents>
      </logical_group>
      <logical_group id="lg-be">
         <name>.debug_frame</name>
         <load_address>0x0</load_address>
         <run_address>0x0</run_address>
         <size>0x538</size>
         <contents>
            <object_component_ref idref="oc-12"/>
            <object_component_ref idref="oc-19"/>
         </contents>
      </logical_group>
      <logical_group id="lg-c0">
         <name>.debug_line</name>
         <load_address>0x0</load_address>
         <run_address>0x0</run_address>
         <size>0x79a</size>
         <contents>
            <object_component_ref idref="oc-13"/>
            <object_component_ref idref="oc-1a"/>
            <object_component_ref idref="oc-1e"/>
            <object_component_ref idref="oc-2a"/>
            <object_component_ref idref="oc-2e"/>
            <object_component_ref idref="oc-33"/>
            <object_component_ref idref="oc-36"/>
            <object_component_ref idref="oc-39"/>
            <object_component_ref idref="oc-3e"/>
            <object_component_ref idref="oc-41"/>
            <object_component_ref idref="oc-44"/>
            <object_component_ref idref="oc-47"/>
            <object_component_ref idref="oc-4a"/>
            <object_component_ref idref="oc-4d"/>
            <object_component_ref idref="oc-50"/>
            <object_component_ref idref="oc-55"/>
            <object_component_ref idref="oc-58"/>
            <object_component_ref idref="oc-5b"/>
            <object_component_ref idref="oc-5e"/>
            <object_component_ref idref="oc-61"/>
            <object_component_ref idref="oc-64"/>
            <object_component_ref idref="oc-69"/>
            <object_component_ref idref="oc-6c"/>
            <object_component_ref idref="oc-73"/>
            <object_component_ref idref="oc-86"/>
         </contents>
      </logical_group>
      <logical_group id="lg-c2">
         <name>$BRID</name>
         <load_address>0x0</load_address>
         <run_address>0x0</run_address>
         <size>0x18c</size>
         <contents>
            <object_component_ref idref="oc-23"/>
            <object_component_ref idref="oc-26"/>
            <object_component_ref idref="oc-78"/>
            <object_component_ref idref="oc-7c"/>
            <object_component_ref idref="oc-80"/>
            <object_component_ref idref="oc-84"/>
         </contents>
      </logical_group>
   </logical_group_list>
   <placement_map>
      <memory_area>
         <name>IVECS</name>
         <page_id>0x0</page_id>
         <origin>0x0</origin>
         <length>0x220</length>
         <used_space>0x200</used_space>
         <unused_space>0x20</unused_space>
         <attributes>RWIX</attributes>
         <usage_details>
            <allocated_space>
               <start_address>0x0</start_address>
               <size>0x200</size>
               <logical_group_ref idref="lg-3"/>
            </allocated_space>
            <available_space>
               <start_address>0x200</start_address>
               <size>0x20</size>
            </available_space>
         </usage_details>
      </memory_area>
      <memory_area>
         <name>IRAM</name>
         <page_id>0x0</page_id>
         <origin>0x220</origin>
         <length>0x2fde0</length>
         <used_space>0x4b46</used_space>
         <unused_space>0x2b29a</unused_space>
         <attributes>RWIX</attributes>
         <usage_details>
            <allocated_space>
               <start_address>0x220</start_address>
               <size>0x0</size>
               <logical_group_ref idref="lg-5"/>
            </allocated_space>
            <allocated_space>
               <start_address>0x220</start_address>
               <size>0x3f40</size>
               <logical_group_ref idref="lg-4"/>
            </allocated_space>
            <allocated_space>
               <start_address>0x4160</start_address>
               <size>0x400</size>
               <logical_group_ref idref="lg-7"/>
            </allocated_space>
            <allocated_space>
               <start_address>0x4560</start_address>
               <size>0x3fc</size>
               <logical_group_ref idref="lg-6"/>
            </allocated_space>
            <available_space>
               <start_address>0x495c</start_address>
               <size>0x4</size>
            </available_space>
            <allocated_space>
               <start_address>0x4960</start_address>
               <size>0x3aa</size>
               <logical_group_ref idref="lg-b"/>
            </allocated_space>
            <available_space>
               <start_address>0x4d0a</start_address>
               <size>0x2</size>
            </available_space>
            <allocated_space>
               <start_address>0x4d0c</start_address>
               <size>0x60</size>
               <logical_group_ref idref="lg-9"/>
            </allocated_space>
            <available_space>
               <start_address>0x4d6c</start_address>
               <size>0x2b294</size>
            </available_space>
         </usage_details>
      </memory_area>
      <memory_area>
         <name>SDRAM</name>
         <page_id>0x0</page_id>
         <origin>0x80000000</origin>
         <length>0x100000</length>
         <used_space>0x0</used_space>
         <unused_space>0x100000</unused_space>
         <attributes>RWIX</attributes>
         <usage_details>
         </usage_details>
      </memory_area>
      <memory_area>
         <name>FLASH</name>
         <page_id>0x0</page_id>
         <origin>0x90000000</origin>
         <length>0x20000</length>
         <used_space>0x0</used_space>
         <unused_space>0x20000</unused_space>
         <attributes>RWIX</attributes>
         <usage_details>
         </usage_details>
      </memory_area>
   </placement_map>
   <symbol_table>
      <symbol id="sm-0">
         <name>cinit</name>
         <value>0x4560</value>
      </symbol>
      <symbol id="sm-1">
         <name>___cinit__</name>
         <value>0x4560</value>
      </symbol>
      <symbol id="sm-2">
         <name>pinit</name>
         <value>0xffffffff</value>
      </symbol>
      <symbol id="sm-3">
         <name>___pinit__</name>
         <value>0xffffffff</value>
      </symbol>
      <symbol id="sm-4">
         <name>binit</name>
         <value>0xffffffff</value>
      </symbol>
      <symbol id="sm-5">
         <name>___binit__</name>
         <value>0xffffffff</value>
      </symbol>
      <symbol id="sm-6">
         <name>__STACK_SIZE</name>
         <value>0x400</value>
      </symbol>
      <symbol id="sm-7">
         <name>__STACK_END</name>
         <value>0x4560</value>
      </symbol>
      <symbol id="sm-8">
         <name>___c_args__</name>
         <value>0xffffffff</value>
      </symbol>
      <symbol id="sm-9">
         <name>.text</name>
         <value>0x220</value>
      </symbol>
      <symbol id="sm-a">
         <name>___text__</name>
         <value>0x220</value>
      </symbol>
      <symbol id="sm-b">
         <name>etext</name>
         <value>0x4160</value>
      </symbol>
      <symbol id="sm-c">
         <name>___etext__</name>
         <value>0x4160</value>
      </symbol>
      <symbol id="sm-d">
         <name>.bss</name>
         <value>0x220</value>
      </symbol>
      <symbol id="sm-e">
         <name>___bss__</name>
         <value>0x220</value>
      </symbol>
      <symbol id="sm-f">
         <name>end</name>
         <value>0x220</value>
      </symbol>
      <symbol id="sm-10">
         <name>___end__</name>
         <value>0x220</value>
      </symbol>
      <symbol id="sm-11">
         <name>___TI_pprof_out_hndl</name>
         <value>0xffffffff</value>
      </symbol>
      <symbol id="sm-12">
         <name>___TI_prof_data_start</name>
         <value>0xffffffff</value>
      </symbol>
      <symbol id="sm-13">
         <name>___TI_prof_data_size</name>
         <value>0xffffffff</value>
      </symbol>
      <symbol id="sm-14">
         <name>$bss</name>
         <value>0x220</value>
      </symbol>
      <symbol id="sm-3a">
         <name>_cfftr2_dit</name>
         <value>0x2160</value>
         <object_component_ref idref="oc-e"/>
      </symbol>
      <symbol id="sm-48">
         <name>_bitrev</name>
         <value>0x3a00</value>
         <object_component_ref idref="oc-9a"/>
      </symbol>
      <symbol id="sm-88">
         <name>_main</name>
         <value>0x220</value>
         <object_component_ref idref="oc-93"/>
      </symbol>
      <symbol id="sm-89">
         <name>_intser_McBSP1</name>
         <value>0x2de0</value>
         <object_component_ref idref="oc-18"/>
      </symbol>
      <symbol id="sm-8a">
         <name>_AIC23_data</name>
         <value>0x4a68</value>
         <object_component_ref idref="oc-17"/>
      </symbol>
      <symbol id="sm-8b">
         <name>_x1</name>
         <value>0x49b8</value>
         <object_component_ref idref="oc-17"/>
      </symbol>
      <symbol id="sm-8c">
         <name>_PI</name>
         <value>0x4a20</value>
         <object_component_ref idref="oc-17"/>
      </symbol>
      <symbol id="sm-8d">
         <name>_FFT_sample_count</name>
         <value>0x4a38</value>
         <object_component_ref idref="oc-17"/>
      </symbol>
      <symbol id="sm-8e">
         <name>_indx</name>
         <value>0x4a1c</value>
         <object_component_ref idref="oc-17"/>
      </symbol>
      <symbol id="sm-8f">
         <name>_float_scale</name>
         <value>0x4a5c</value>
         <object_component_ref idref="oc-17"/>
      </symbol>
      <symbol id="sm-90">
         <name>_config</name>
         <value>0x4984</value>
         <object_component_ref idref="oc-17"/>
      </symbol>
      <symbol id="sm-91">
         <name>_count_INT</name>
         <value>0x4a60</value>
         <object_component_ref idref="oc-17"/>
      </symbol>
      <symbol id="sm-92">
         <name>_fs</name>
         <value>0x49b0</value>
         <object_component_ref idref="oc-17"/>
      </symbol>
      <symbol id="sm-93">
         <name>_index</name>
         <value>0x4a28</value>
         <object_component_ref idref="oc-17"/>
      </symbol>
      <symbol id="sm-94">
         <name>_AIC_data</name>
         <value>0x4960</value>
         <object_component_ref idref="oc-17"/>
      </symbol>
      <symbol id="sm-95">
         <name>_out_buf</name>
         <value>0x4a3c</value>
         <object_component_ref idref="oc-17"/>
      </symbol>
      <symbol id="sm-96">
         <name>_hAIC23_handle</name>
         <value>0x49ac</value>
         <object_component_ref idref="oc-17"/>
      </symbol>
      <symbol id="sm-97">
         <name>_AIC23CfgData</name>
         <value>0x4964</value>
         <object_component_ref idref="oc-17"/>
      </symbol>
      <symbol id="sm-98">
         <name>_w</name>
         <value>0x49f8</value>
         <object_component_ref idref="oc-17"/>
      </symbol>
      <symbol id="sm-99">
         <name>_j</name>
         <value>0x4a1a</value>
         <object_component_ref idref="oc-17"/>
      </symbol>
      <symbol id="sm-9a">
         <name>_i</name>
         <value>0x4a18</value>
         <object_component_ref idref="oc-17"/>
      </symbol>
      <symbol id="sm-a2">
         <name>INT8_V</name>
         <value>0x100</value>
         <object_component_ref idref="oc-1c"/>
      </symbol>
      <symbol id="sm-a3">
         <name>INT15_V</name>
         <value>0x1e0</value>
         <object_component_ref idref="oc-1c"/>
      </symbol>
      <symbol id="sm-a4">
         <name>RESET_V</name>
         <value>0x0</value>
         <object_component_ref idref="oc-1c"/>
      </symbol>
      <symbol id="sm-a5">
         <name>INT4_V</name>
         <value>0x80</value>
         <object_component_ref idref="oc-1c"/>
      </symbol>
      <symbol id="sm-a6">
         <name>INT10_V</name>
         <value>0x140</value>
         <object_component_ref idref="oc-1c"/>
      </symbol>
      <symbol id="sm-a7">
         <name>INT7_V</name>
         <value>0xe0</value>
         <object_component_ref idref="oc-1c"/>
      </symbol>
      <symbol id="sm-a8">
         <name>INT14_V</name>
         <value>0x1c0</value>
         <object_component_ref idref="oc-1c"/>
      </symbol>
      <symbol id="sm-a9">
         <name>INT13_V</name>
         <value>0x1a0</value>
         <object_component_ref idref="oc-1c"/>
      </symbol>
      <symbol id="sm-aa">
         <name>INT3_V</name>
         <value>0x60</value>
         <object_component_ref idref="oc-1c"/>
      </symbol>
      <symbol id="sm-ab">
         <name>NMI_V</name>
         <value>0x20</value>
         <object_component_ref idref="oc-1c"/>
      </symbol>
      <symbol id="sm-ac">
         <name>INT6_V</name>
         <value>0xc0</value>
         <object_component_ref idref="oc-1c"/>
      </symbol>
      <symbol id="sm-ad">
         <name>INT12_V</name>
         <value>0x180</value>
         <object_component_ref idref="oc-1c"/>
      </symbol>
      <symbol id="sm-ae">
         <name>INT9_V</name>
         <value>0x120</value>
         <object_component_ref idref="oc-1c"/>
      </symbol>
      <symbol id="sm-af">
         <name>INT5_V</name>
         <value>0xa0</value>
         <object_component_ref idref="oc-1c"/>
      </symbol>
      <symbol id="sm-b0">
         <name>AINT_V</name>
         <value>0x40</value>
         <object_component_ref idref="oc-1c"/>
      </symbol>
      <symbol id="sm-b1">
         <name>INT11_V</name>
         <value>0x160</value>
         <object_component_ref idref="oc-1c"/>
      </symbol>
      <symbol id="sm-cb">
         <name>__IRQ_eventTable</name>
         <value>0x4a94</value>
         <object_component_ref idref="oc-22"/>
      </symbol>
      <symbol id="sm-cc">
         <name>_IRQ_nmiEnable</name>
         <value>0x4080</value>
         <object_component_ref idref="oc-a3"/>
      </symbol>
      <symbol id="sm-cd">
         <name>_IRQ_reset</name>
         <value>0x3f80</value>
         <object_component_ref idref="oc-a1"/>
      </symbol>
      <symbol id="sm-ce">
         <name>__IRQ_intTable</name>
         <value>0x4b18</value>
         <object_component_ref idref="oc-22"/>
      </symbol>
      <symbol id="sm-cf">
         <name>_IRQ_globalEnable</name>
         <value>0x4060</value>
         <object_component_ref idref="oc-a2"/>
      </symbol>
      <symbol id="sm-d0">
         <name>_IRQ_globalDisable</name>
         <value>0x4040</value>
         <object_component_ref idref="oc-97"/>
      </symbol>
      <symbol id="sm-d1">
         <name>_IRQ_map</name>
         <value>0x2ac0</value>
         <object_component_ref idref="oc-a0"/>
      </symbol>
      <symbol id="sm-d2">
         <name>_IRQ_set</name>
         <value>0x40a0</value>
         <object_component_ref idref="oc-a5"/>
      </symbol>
      <symbol id="sm-d3">
         <name>_IRQ_enable</name>
         <value>0x3f40</value>
         <object_component_ref idref="oc-a4"/>
      </symbol>
      <symbol id="sm-d4">
         <name>__IRQ_dispatchTable</name>
         <value>0x4b58</value>
         <object_component_ref idref="oc-22"/>
      </symbol>
      <symbol id="sm-d5">
         <name>__IRQ_hookFetchPacket</name>
         <value>0x4140</value>
         <object_component_ref idref="oc-20"/>
      </symbol>
      <symbol id="sm-eb">
         <name>_MCBSP_reset</name>
         <value>0x2c60</value>
         <object_component_ref idref="oc-95"/>
      </symbol>
      <symbol id="sm-ec">
         <name>_MCBSP_read</name>
         <value>0x40e0</value>
         <object_component_ref idref="oc-8b"/>
      </symbol>
      <symbol id="sm-ed">
         <name>_MCBSP_getXmtEventId</name>
         <value>0x40c0</value>
         <object_component_ref idref="oc-9f"/>
      </symbol>
      <symbol id="sm-ee">
         <name>_MCBSP_open</name>
         <value>0x34e0</value>
         <object_component_ref idref="oc-8e"/>
      </symbol>
      <symbol id="sm-ef">
         <name>__MCBSP_hDev0</name>
         <value>0x4c70</value>
         <object_component_ref idref="oc-25"/>
      </symbol>
      <symbol id="sm-f0">
         <name>__MCBSP_hDev1</name>
         <value>0x4c74</value>
         <object_component_ref idref="oc-25"/>
      </symbol>
      <symbol id="sm-f1">
         <name>_MCBSP_start</name>
         <value>0x32e0</value>
         <object_component_ref idref="oc-8f"/>
      </symbol>
      <symbol id="sm-f2">
         <name>_MCBSP_config</name>
         <value>0x3b80</value>
         <object_component_ref idref="oc-9e"/>
      </symbol>
      <symbol id="sm-f3">
         <name>_MCBSP_write</name>
         <value>0x4100</value>
         <object_component_ref idref="oc-8c"/>
      </symbol>
      <symbol id="sm-101">
         <name>_atan</name>
         <value>0x2640</value>
         <object_component_ref idref="oc-96"/>
      </symbol>
      <symbol id="sm-10d">
         <name>_c_int00</name>
         <value>0x3de0</value>
         <object_component_ref idref="oc-d"/>
      </symbol>
      <symbol id="sm-10e">
         <name>__stack</name>
         <value>0x4160</value>
         <object_component_ref idref="oc-2d"/>
      </symbol>
      <symbol id="sm-11c">
         <name>_cos</name>
         <value>0x1540</value>
         <object_component_ref idref="oc-9b"/>
      </symbol>
      <symbol id="sm-126">
         <name>__divd</name>
         <value>0x9c0</value>
         <object_component_ref idref="oc-99"/>
      </symbol>
      <symbol id="sm-130">
         <name>__divf</name>
         <value>0x1880</value>
         <object_component_ref idref="oc-9d"/>
      </symbol>
      <symbol id="sm-140">
         <name>C$$EXIT</name>
         <value>0x4120</value>
         <object_component_ref idref="oc-94"/>
      </symbol>
      <symbol id="sm-141">
         <name>_exit</name>
         <value>0x3780</value>
         <object_component_ref idref="oc-8a"/>
      </symbol>
      <symbol id="sm-142">
         <name>___TI_enable_exit_profile_output</name>
         <value>0x4cf8</value>
         <object_component_ref idref="oc-3d"/>
      </symbol>
      <symbol id="sm-143">
         <name>_abort</name>
         <value>0x4120</value>
         <object_component_ref idref="oc-94"/>
      </symbol>
      <symbol id="sm-144">
         <name>__cleanup_ptr</name>
         <value>0x4cf0</value>
         <object_component_ref idref="oc-3d"/>
      </symbol>
      <symbol id="sm-145">
         <name>__dtors_ptr</name>
         <value>0x4cf4</value>
         <object_component_ref idref="oc-3d"/>
      </symbol>
      <symbol id="sm-14f">
         <name>__frcmpyd_div</name>
         <value>0x2f40</value>
         <object_component_ref idref="oc-a8"/>
      </symbol>
      <symbol id="sm-159">
         <name>__llshru</name>
         <value>0x3ee0</value>
         <object_component_ref idref="oc-a7"/>
      </symbol>
      <symbol id="sm-163">
         <name>_log10</name>
         <value>0x3e60</value>
         <object_component_ref idref="oc-98"/>
      </symbol>
      <symbol id="sm-16d">
         <name>_modf</name>
         <value>0x3860</value>
         <object_component_ref idref="oc-ab"/>
      </symbol>
      <symbol id="sm-177">
         <name>__mpyll</name>
         <value>0x3c20</value>
         <object_component_ref idref="oc-ae"/>
      </symbol>
      <symbol id="sm-181">
         <name>__nround</name>
         <value>0x35c0</value>
         <object_component_ref idref="oc-aa"/>
      </symbol>
      <symbol id="sm-18f">
         <name>_sin</name>
         <value>0x1e80</value>
         <object_component_ref idref="oc-9c"/>
      </symbol>
      <symbol id="sm-199">
         <name>__trunc</name>
         <value>0x4000</value>
         <object_component_ref idref="oc-a9"/>
      </symbol>
      <symbol id="sm-1a3">
         <name>__args_main</name>
         <value>0x3fc0</value>
         <object_component_ref idref="oc-89"/>
      </symbol>
      <symbol id="sm-1a4">
         <name>__TI_args_main</name>
         <value>0x1</value>
      </symbol>
      <symbol id="sm-1ae">
         <name>__auto_init</name>
         <value>0x33e0</value>
         <object_component_ref idref="oc-88"/>
      </symbol>
      <symbol id="sm-1b8">
         <name>___TI_cpp_init</name>
         <value>0x3d60</value>
         <object_component_ref idref="oc-92"/>
      </symbol>
      <symbol id="sm-1c2">
         <name>_copy_in</name>
         <value>0x3940</value>
         <object_component_ref idref="oc-90"/>
      </symbol>
      <symbol id="sm-1d0">
         <name>_log</name>
         <value>0x23e0</value>
         <object_component_ref idref="oc-a6"/>
      </symbol>
      <symbol id="sm-1da">
         <name>_memcpy</name>
         <value>0x2880</value>
         <object_component_ref idref="oc-91"/>
      </symbol>
      <symbol id="sm-1e4">
         <name>_errno</name>
         <value>0x4d04</value>
         <object_component_ref idref="oc-70"/>
      </symbol>
      <symbol id="sm-1ee">
         <name>_frexp</name>
         <value>0x31c0</value>
         <object_component_ref idref="oc-ad"/>
      </symbol>
      <symbol id="sm-1f8">
         <name>_DSK6713_init</name>
         <value>0x1110</value>
         <object_component_ref idref="oc-75"/>
      </symbol>
      <symbol id="sm-1f9">
         <name>_DSK6713_version</name>
         <value>0x4d08</value>
         <object_component_ref idref="oc-76"/>
      </symbol>
      <symbol id="sm-1fa">
         <name>_DSK6713_rget</name>
         <value>0x1410</value>
         <object_component_ref idref="oc-75"/>
      </symbol>
      <symbol id="sm-1fb">
         <name>_DSK6713_wait</name>
         <value>0x1438</value>
         <object_component_ref idref="oc-75"/>
      </symbol>
      <symbol id="sm-1fc">
         <name>_DSK6713_rset</name>
         <value>0x1424</value>
         <object_component_ref idref="oc-75"/>
      </symbol>
      <symbol id="sm-1fd">
         <name>_DSK6713_waitusec</name>
         <value>0x148c</value>
         <object_component_ref idref="oc-75"/>
      </symbol>
      <symbol id="sm-1fe">
         <name>_DSK6713_getVersion</name>
         <value>0x14b8</value>
         <object_component_ref idref="oc-75"/>
      </symbol>
      <symbol id="sm-208">
         <name>_DSK6713_AIC23_codeccontrolhandle</name>
         <value>0x4cfc</value>
         <object_component_ref idref="oc-7a"/>
      </symbol>
      <symbol id="sm-209">
         <name>_DSK6713_AIC23_codecdatahandle</name>
         <value>0x4d00</value>
         <object_component_ref idref="oc-7a"/>
      </symbol>
      <symbol id="sm-20a">
         <name>_DSK6713_AIC23_openCodec</name>
         <value>0x1b80</value>
         <object_component_ref idref="oc-79"/>
      </symbol>
      <symbol id="sm-214">
         <name>_DSK6713_AIC23_config</name>
         <value>0x3140</value>
         <object_component_ref idref="oc-7d"/>
      </symbol>
      <symbol id="sm-215">
         <name>_DSK6713_AIC23_rget</name>
         <value>0x311c</value>
         <object_component_ref idref="oc-7d"/>
      </symbol>
      <symbol id="sm-216">
         <name>_DSK6713_AIC23_rset</name>
         <value>0x3080</value>
         <object_component_ref idref="oc-7d"/>
      </symbol>
      <symbol id="sm-220">
         <name>_DSK6713_AIC23_setFreq</name>
         <value>0x3ac0</value>
         <object_component_ref idref="oc-81"/>
      </symbol>
      <symbol id="sm-228">
         <name>__strasg</name>
         <value>0x36a0</value>
         <object_component_ref idref="oc-8d"/>
      </symbol>
   </symbol_table>
</link_info>
