******************************************************************************
               TMS320C6x Linker PC v7.4.8                      
******************************************************************************
>> Linked Wed Mar 25 11:51:28 2015

OUTPUT FILE NAME:   <FFT_Lab_Starter.out>
ENTRY POINT SYMBOL: "_c_int00"  address: 00003de0


MEMORY CONFIGURATION

         name            origin    length      used     unused   attr    fill
----------------------  --------  ---------  --------  --------  ----  --------
  IVECS                 00000000   00000220  00000200  00000020  RWIX
  IRAM                  00000220   0002fde0  00004b46  0002b29a  RWIX
  SDRAM                 80000000   00100000  00000000  00100000  RWIX
  FLASH                 90000000   00020000  00000000  00020000  RWIX


SECTION ALLOCATION MAP

 output                                  attributes/
section   page    origin      length       input sections
--------  ----  ----------  ----------   ----------------
.vectors   0    00000000    00000200     
                  00000000    00000200     DSK_vectors_AIC23.obj (.vectors)

$BRID      0    00000000    0000018c     COPY SECTION
                  00000000    00000078     csl6713.lib : csl_irq.obj ($BRID)
                  00000078    0000007c                 : csl_mcbsp.obj ($BRID)
                  000000f4    00000054     dsk6713bsl.lib : dsk6713.obj ($BRID)
                  00000148    00000024                    : dsk6713_aic23_opencodec.obj ($BRID)
                  0000016c    00000014                    : dsk6713_aic23_registers.obj ($BRID)
                  00000180    0000000c                    : dsk6713_aic23_setfreq.obj ($BRID)

.text      0    00000220    00003f40     
                  00000220    000007a0     FFT_LAB_starter.obj (.text)
                  000009c0    00000720     rts6700.lib : divd.obj (.text:__divd)
                  000010e0    00000460     dsk6713bsl.lib : dsk6713.obj (.text)
                  00001540    00000340     rts6700.lib : cos.obj (.text:_cos)
                  00001880    00000300                 : divf.obj (.text:__divf)
                  00001b80    00000300     dsk6713bsl.lib : dsk6713_aic23_opencodec.obj (.text)
                  00001e80    000002e0     rts6700.lib : sin.obj (.text:_sin)
                  00002160    00000280     cfftr2_dit.obj (.text)
                  000023e0    00000260     rts6700.lib : log.obj (.text:_log)
                  00002640    00000240                 : atan.obj (.text:_atan)
                  00002880    00000240                 : memcpy62.obj (.text:_memcpy)
                  00002ac0    000001a0     csl6713.lib : csl_irq.obj (.text:_IRQ_map)
                  00002c60    00000180                 : csl_mcbsp.obj (.text:_MCBSP_reset)
                  00002de0    00000160     FFT_LAB_starter.obj (.text:retain)
                  00002f40    00000140     rts6700.lib : frcmpyd_div.obj (.text:__frcmpyd_div)
                  00003080    00000140     dsk6713bsl.lib : dsk6713_aic23_registers.obj (.text)
                  000031c0    00000120     rts6700.lib : frexp.obj (.text:_frexp)
                  000032e0    00000100     csl6713.lib : csl_mcbsp.obj (.text:_MCBSP_start)
                  000033e0    00000100     rts6700.lib : autoinit.obj (.text:__auto_init)
                  000034e0    000000e0     csl6713.lib : csl_mcbsp.obj (.text:_MCBSP_open)
                  000035c0    000000e0     rts6700.lib : round.obj (.text:__nround)
                  000036a0    000000e0                 : strasg.obj (.text:__strasg)
                  00003780    000000e0                 : exit.obj (.text:_exit)
                  00003860    000000e0                 : modf.obj (.text:_modf)
                  00003940    000000c0                 : cpy_tbl.obj (.text:_copy_in)
                  00003a00    000000c0     bitrev.obj (.text)
                  00003ac0    000000c0     dsk6713bsl.lib : dsk6713_aic23_setfreq.obj (.text)
                  00003b80    000000a0     csl6713.lib : csl_mcbsp.obj (.text:_MCBSP_config)
                  00003c20    000000a0     rts6700.lib : mpyll.obj (.text:__mpyll)
                  00003cc0    000000a0     csl6713.lib : csl_irq.obj (.text:_setMux)
                  00003d60    00000080     rts6700.lib : cpp_init.obj (.text:___TI_cpp_init)
                  00003de0    00000080                 : boot.obj (.text:_c_int00)
                  00003e60    00000080                 : log10.obj (.text:_log10)
                  00003ee0    00000060                 : llshift.obj (.text:__llshru)
                  00003f40    00000040     csl6713.lib : csl_irq.obj (.text:_IRQ_enable)
                  00003f80    00000040                 : csl_irq.obj (.text:_IRQ_reset)
                  00003fc0    00000040     rts6700.lib : args_main.obj (.text:__args_main)
                  00004000    00000040                 : trunc.obj (.text:__trunc)
                  00004040    00000020     csl6713.lib : csl_irq.obj (.text:_IRQ_globalDisable)
                  00004060    00000020                 : csl_irq.obj (.text:_IRQ_globalEnable)
                  00004080    00000020                 : csl_irq.obj (.text:_IRQ_nmiEnable)
                  000040a0    00000020                 : csl_irq.obj (.text:_IRQ_set)
                  000040c0    00000020                 : csl_mcbsp.obj (.text:_MCBSP_getXmtEventId)
                  000040e0    00000020                 : csl_mcbsp.obj (.text:_MCBSP_read)
                  00004100    00000020                 : csl_mcbsp.obj (.text:_MCBSP_write)
                  00004120    00000020     rts6700.lib : exit.obj (.text:_abort)
                  00004140    00000020     csl6713.lib : csl_irq.obj (.text)

.bss       0    00000220    00000000     UNINITIALIZED

.stack     0    00004160    00000400     UNINITIALIZED
                  00004160    00000008     rts6700.lib : boot.obj (.stack)
                  00004168    000003f8     --HOLE--

.cinit     0    00004560    000003fc     
                  00004560    0000012c     csl6713.lib : csl_irq.obj (.cinit)
                  0000468c    00000004     --HOLE-- [fill = 0]
                  00004690    00000092     FFT_LAB_starter.obj (.cinit)
                  00004722    00000006     --HOLE-- [fill = 0]
                  00004728    00000070     rts6700.lib : atan.obj (.cinit)
                  00004798    00000054     csl6713.lib : csl_mcbsp.obj (.cinit)
                  000047ec    00000004     --HOLE-- [fill = 0]
                  000047f0    00000048     rts6700.lib : cos.obj (.cinit)
                  00004838    00000048                 : sin.obj (.cinit)
                  00004880    00000040                 : log.obj (.cinit)
                  000048c0    00000030     dsk6713bsl.lib : dsk6713_aic23_registers.obj (.cinit)
                  000048f0    0000002c     rts6700.lib : exit.obj (.cinit)
                  0000491c    00000004     --HOLE-- [fill = 0]
                  00004920    00000028     dsk6713bsl.lib : dsk6713_aic23_setfreq.obj (.cinit)
                  00004948    0000000c     rts6700.lib : errno.obj (.cinit)
                  00004954    00000004     --HOLE-- [fill = 0]
                  00004958    00000004     (.pad.cinit) [fill = 0]

.far       0    00004960    000003aa     UNINITIALIZED
                  00004960    0000010c     FFT_LAB_starter.obj (.far)
                  00004a6c    000000f4     csl6713.lib : csl_irq.obj (.far)
                  00004b60    00000060     rts6700.lib : atan.obj (.far)
                  00004bc0    00000040                 : cos.obj (.far)
                  00004c00    00000040                 : sin.obj (.far)
                  00004c40    00000038     csl6713.lib : csl_mcbsp.obj (.far)
                  00004c78    00000030     rts6700.lib : log.obj (.far)
                  00004ca8    00000028     dsk6713bsl.lib : dsk6713_aic23_registers.obj (.far)
                  00004cd0    00000020                    : dsk6713_aic23_setfreq.obj (.far)
                  00004cf0    0000000c     rts6700.lib : exit.obj (.far)
                  00004cfc    00000008     dsk6713bsl.lib : dsk6713_aic23_opencodec.obj (.far)
                  00004d04    00000004     rts6700.lib : errno.obj (.far)
                  00004d08    00000002     dsk6713bsl.lib : dsk6713.obj (.far)

.const     0    00004d0c    00000060     
                  00004d0c    00000040     dsk6713bsl.lib : dsk6713_aic23_opencodec.obj (.const)
                  00004d4c    00000020                    : dsk6713.obj (.const)


GLOBAL SYMBOLS: SORTED ALPHABETICALLY BY Name 

address    name
--------   ----
00000220   $bss
00000220   .bss
00000220   .text
00000040   AINT_V
00004120   C$$EXIT
00000140   INT10_V
00000160   INT11_V
00000180   INT12_V
000001a0   INT13_V
000001c0   INT14_V
000001e0   INT15_V
00000060   INT3_V
00000080   INT4_V
000000a0   INT5_V
000000c0   INT6_V
000000e0   INT7_V
00000100   INT8_V
00000120   INT9_V
00000020   NMI_V
00000000   RESET_V
00004964   _AIC23CfgData
00004a68   _AIC23_data
00004960   _AIC_data
00004cfc   _DSK6713_AIC23_codeccontrolhandle
00004d00   _DSK6713_AIC23_codecdatahandle
00003140   _DSK6713_AIC23_config
00001b80   _DSK6713_AIC23_openCodec
0000311c   _DSK6713_AIC23_rget
00003080   _DSK6713_AIC23_rset
00003ac0   _DSK6713_AIC23_setFreq
000014b8   _DSK6713_getVersion
00001110   _DSK6713_init
00001410   _DSK6713_rget
00001424   _DSK6713_rset
00004d08   _DSK6713_version
00001438   _DSK6713_wait
0000148c   _DSK6713_waitusec
00004a38   _FFT_sample_count
00003f40   _IRQ_enable
00004040   _IRQ_globalDisable
00004060   _IRQ_globalEnable
00002ac0   _IRQ_map
00004080   _IRQ_nmiEnable
00003f80   _IRQ_reset
000040a0   _IRQ_set
00003b80   _MCBSP_config
000040c0   _MCBSP_getXmtEventId
000034e0   _MCBSP_open
000040e0   _MCBSP_read
00002c60   _MCBSP_reset
000032e0   _MCBSP_start
00004100   _MCBSP_write
00004a20   _PI
00004b58   __IRQ_dispatchTable
00004a94   __IRQ_eventTable
00004140   __IRQ_hookFetchPacket
00004b18   __IRQ_intTable
00004c70   __MCBSP_hDev0
00004c74   __MCBSP_hDev1
00004560   __STACK_END
00000400   __STACK_SIZE
00000001   __TI_args_main
00003d60   ___TI_cpp_init
00004cf8   ___TI_enable_exit_profile_output
ffffffff   ___TI_pprof_out_hndl
ffffffff   ___TI_prof_data_size
ffffffff   ___TI_prof_data_start
ffffffff   ___binit__
00000220   ___bss__
ffffffff   ___c_args__
00004560   ___cinit__
00000220   ___end__
00004160   ___etext__
ffffffff   ___pinit__
00000220   ___text__
00003fc0   __args_main
000033e0   __auto_init
00004cf0   __cleanup_ptr
000009c0   __divd
00001880   __divf
00004cf4   __dtors_ptr
00002f40   __frcmpyd_div
00003ee0   __llshru
00003c20   __mpyll
000035c0   __nround
00004160   __stack
000036a0   __strasg
00004000   __trunc
00004120   _abort
00002640   _atan
00003a00   _bitrev
00003de0   _c_int00
00002160   _cfftr2_dit
00004984   _config
00003940   _copy_in
00001540   _cos
00004a60   _count_INT
00004d04   _errno
00003780   _exit
00004a5c   _float_scale
000031c0   _frexp
000049b0   _fs
000049ac   _hAIC23_handle
00004a18   _i
00004a28   _index
00004a1c   _indx
00002de0   _intser_McBSP1
00004a1a   _j
000023e0   _log
00003e60   _log10
00000220   _main
00002880   _memcpy
00003860   _modf
00004a3c   _out_buf
00001e80   _sin
000049f8   _w
000049b8   _x1
ffffffff   binit
00004560   cinit
00000220   end
00004160   etext
ffffffff   pinit


GLOBAL SYMBOLS: SORTED BY Symbol Address 

address    name
--------   ----
00000000   RESET_V
00000001   __TI_args_main
00000020   NMI_V
00000040   AINT_V
00000060   INT3_V
00000080   INT4_V
000000a0   INT5_V
000000c0   INT6_V
000000e0   INT7_V
00000100   INT8_V
00000120   INT9_V
00000140   INT10_V
00000160   INT11_V
00000180   INT12_V
000001a0   INT13_V
000001c0   INT14_V
000001e0   INT15_V
00000220   $bss
00000220   .bss
00000220   .text
00000220   ___bss__
00000220   ___end__
00000220   ___text__
00000220   _main
00000220   end
00000400   __STACK_SIZE
000009c0   __divd
00001110   _DSK6713_init
00001410   _DSK6713_rget
00001424   _DSK6713_rset
00001438   _DSK6713_wait
0000148c   _DSK6713_waitusec
000014b8   _DSK6713_getVersion
00001540   _cos
00001880   __divf
00001b80   _DSK6713_AIC23_openCodec
00001e80   _sin
00002160   _cfftr2_dit
000023e0   _log
00002640   _atan
00002880   _memcpy
00002ac0   _IRQ_map
00002c60   _MCBSP_reset
00002de0   _intser_McBSP1
00002f40   __frcmpyd_div
00003080   _DSK6713_AIC23_rset
0000311c   _DSK6713_AIC23_rget
00003140   _DSK6713_AIC23_config
000031c0   _frexp
000032e0   _MCBSP_start
000033e0   __auto_init
000034e0   _MCBSP_open
000035c0   __nround
000036a0   __strasg
00003780   _exit
00003860   _modf
00003940   _copy_in
00003a00   _bitrev
00003ac0   _DSK6713_AIC23_setFreq
00003b80   _MCBSP_config
00003c20   __mpyll
00003d60   ___TI_cpp_init
00003de0   _c_int00
00003e60   _log10
00003ee0   __llshru
00003f40   _IRQ_enable
00003f80   _IRQ_reset
00003fc0   __args_main
00004000   __trunc
00004040   _IRQ_globalDisable
00004060   _IRQ_globalEnable
00004080   _IRQ_nmiEnable
000040a0   _IRQ_set
000040c0   _MCBSP_getXmtEventId
000040e0   _MCBSP_read
00004100   _MCBSP_write
00004120   C$$EXIT
00004120   _abort
00004140   __IRQ_hookFetchPacket
00004160   ___etext__
00004160   __stack
00004160   etext
00004560   __STACK_END
00004560   ___cinit__
00004560   cinit
00004960   _AIC_data
00004964   _AIC23CfgData
00004984   _config
000049ac   _hAIC23_handle
000049b0   _fs
000049b8   _x1
000049f8   _w
00004a18   _i
00004a1a   _j
00004a1c   _indx
00004a20   _PI
00004a28   _index
00004a38   _FFT_sample_count
00004a3c   _out_buf
00004a5c   _float_scale
00004a60   _count_INT
00004a68   _AIC23_data
00004a94   __IRQ_eventTable
00004b18   __IRQ_intTable
00004b58   __IRQ_dispatchTable
00004c70   __MCBSP_hDev0
00004c74   __MCBSP_hDev1
00004cf0   __cleanup_ptr
00004cf4   __dtors_ptr
00004cf8   ___TI_enable_exit_profile_output
00004cfc   _DSK6713_AIC23_codeccontrolhandle
00004d00   _DSK6713_AIC23_codecdatahandle
00004d04   _errno
00004d08   _DSK6713_version
ffffffff   ___TI_pprof_out_hndl
ffffffff   ___TI_prof_data_size
ffffffff   ___TI_prof_data_start
ffffffff   ___binit__
ffffffff   ___c_args__
ffffffff   ___pinit__
ffffffff   binit
ffffffff   pinit

[122 symbols]
