******************************************************************************
                  TI ARM Linker PC v5.0.4                      
******************************************************************************
>> Linked Wed Oct 16 07:05:44 2013

OUTPUT FILE NAME:   <student.out>
ENTRY POINT SYMBOL: "_c_int00"  address: 00002bc1


MEMORY CONFIGURATION

         name            origin    length      used     unused   attr    fill
----------------------  --------  ---------  --------  --------  ----  --------
  FLASH                 00000000   00040000  00002ef7  0003d109  R  X
  SRAM                  20000000   00018000  000051d8  00012e28  RW X


SEGMENT ALLOCATION MAP

run origin  load origin   length   init length attrs members
----------  ----------- ---------- ----------- ----- -------
00000000    00000000    00002f00   00002f00    r-x
  00000000    00000000    0000011c   0000011c    r-- .intvecs
  0000011c    0000011c    00002c3a   00002c3a    r-x .text
  00002d58    00002d58    00000101   00000101    r-- .const
  00002e60    00002e60    000000a0   000000a0    r-- .cinit
20000000    20000000    00004e20   00000000    rw-
  20000000    20000000    00003e80   00000000    rw- .stack
  20003e80    20003e80    00000fa0   00000000    rw- .sysmem
20004e20    20004e20    000003b8   000001f0    rw-
  20004e20    20004e20    000001f0   000001f0    rw- .data
  20005010    20005010    000001c8   00000000    rw- .bss


SECTION ALLOCATION MAP

 output                                  attributes/
section   page    origin      length       input sections
--------  ----  ----------  ----------   ----------------
.intvecs   0    00000000    0000011c     
                  00000000    0000011c     startup_ccs.obj (.intvecs)

.text      0    0000011c    00002c3a     
                  0000011c    00000e7a     rtsv7M3_T_le_eabi.lib : _printfi.obj (.text)
                  00000f96    00000002     --HOLE-- [fill = 0]
                  00000f98    000003d8                           : memory.obj (.text)
                  00001370    00000378                           : lowlev.obj (.text)
                  000016e8    000002e4                           : trgdrv.obj (.text)
                  000019cc    000001f4                           : ull_div_t2.obj (.text)
                  00001bc0    000001c0                           : fopen.obj (.text)
                  00001d80    000001b6                           : fd_add_t2.obj (.text)
                  00001f36    00000136                           : fd_div_t2.obj (.text)
                  0000206c    00000130                           : fputs.obj (.text)
                  0000219c    000000fc                           : fd_mul_t2.obj (.text)
                  00002298    000000cc                           : setvbuf.obj (.text)
                  00002364    000000ac                           : _io_perm.obj (.text)
                  00002410    000000a8                           : fflush.obj (.text)
                  000024b8    0000009c                           : fputc.obj (.text)
                  00002554    0000009c                           : memcpy_t2.obj (.text)
                  000025f0    00000094                           : auto_init.obj (.text)
                  00002684    00000084                           : fclose.obj (.text)
                  00002708    0000007e                           : fd_cmp_t2.obj (.text)
                  00002786    00000002     --HOLE-- [fill = 0]
                  00002788    0000007c     main.obj (.text)
                  00002804    00000078     rtsv7M3_T_le_eabi.lib : memset_t2.obj (.text)
                  0000287c    00000070                           : printf.obj (.text)
                  000028ec    00000064                           : fseek.obj (.text)
                  00002950    00000060                           : trgmsg.obj (.text)
                  000029b0    0000005e                           : copy_decompress_rle.obj (.text)
                  00002a0e    00000056                           : ltoa.obj (.text)
                  00002a64    0000004c                           : atoi.obj (.text)
                  00002ab0    00000048                           : fd_toi_t2.obj (.text)
                  00002af8    00000044                           : cpy_tbl.obj (.text)
                  00002b3c    00000044                           : xdtest.obj (.text)
                  00002b80    00000040                           : exit.obj (.text)
                  00002bc0    00000034                           : boot.obj (.text)
                  00002bf4    00000030                           : strncpy.obj (.text)
                  00002c24    0000002e                           : i_tofd_t2.obj (.text)
                  00002c52    0000001a                           : memccpy.obj (.text)
                  00002c6c    00000018                           : args_main.obj (.text)
                  00002c84    00000018                           : ll_mul_t2.obj (.text)
                  00002c9c    00000018                           : strcmp.obj (.text)
                  00002cb4    00000016                           : memchr.obj (.text)
                  00002cca    00000016                           : strchr.obj (.text)
                  00002ce0    00000014                           : _lock.obj (.text)
                  00002cf4    00000014                           : strlen.obj (.text)
                  00002d08    00000012                           : copy_zero_init.obj (.text:decompress:ZI)
                  00002d1a    00000012                           : strcpy.obj (.text)
                  00002d2c    0000000e                           : copy_decompress_none.obj (.text:decompress:none)
                  00002d3a    0000000e                           : xdclass.obj (.text)
                  00002d48    00000008     startup_ccs.obj (.text)
                  00002d50    00000006     rtsv7M3_T_le_eabi.lib : copy_decompress_rle.obj (.text:decompress:rle24)

.const     0    00002d58    00000101     
                  00002d58    00000101     rtsv7M3_T_le_eabi.lib : ctype.obj (.const:.string:_ctypes_)

.cinit     0    00002e60    000000a0     
                  00002e60    00000078     (.cinit..data.load) [load image, compression = rle]
                  00002ed8    0000000c     (__TI_handler_table)
                  00002ee4    00000004     --HOLE-- [fill = 0]
                  00002ee8    00000008     (.cinit..bss.load) [load image, compression = zero_init]
                  00002ef0    00000010     (__TI_cinit_table)

.stack     0    20000000    00003e80     UNINITIALIZED
                  20000000    00003e80     --HOLE--

.sysmem    0    20003e80    00000fa0     UNINITIALIZED
                  20003e80    00000008     rtsv7M3_T_le_eabi.lib : memory.obj (.sysmem)
                  20003e88    00000f98     --HOLE--

.data      0    20004e20    000001f0     
                  20004e20    000000f0     rtsv7M3_T_le_eabi.lib : defs.obj (.data:_ftable)
                  20004f10    000000cc                           : lowlev.obj (.data)
                  20004fdc    00000010                           : defs.obj (.data)
                  20004fec    0000000c                           : memory.obj (.data)
                  20004ff8    00000008                           : _lock.obj (.data)
                  20005000    00000008                           : exit.obj (.data)
                  20005008    00000004                           : fopen.obj (.data)
                  2000500c    00000004                           : stkdepth_vars.obj (.data)

.bss       0    20005010    000001c8     UNINITIALIZED
                  20005010    00000120     rtsv7M3_T_le_eabi.lib : trgmsg.obj (.bss:__CIOBUF_)
                  20005130    000000a0                           : defs.obj (.bss:_tmpnams)
                  200051d0    00000008                           : trgdrv.obj (.bss)


LINKER GENERATED COPY TABLES

__TI_cinit_table @ 00002ef0 records: 2, size/record: 8, table size: 16
	.data: load addr=00002e60, load size=00000078 bytes, run addr=20004e20, run size=000001f0 bytes, compression=rle
	.bss: load addr=00002ee8, load size=00000008 bytes, run addr=20005010, run size=000001c8 bytes, compression=zero_init


LINKER GENERATED HANDLER TABLE

__TI_handler_table @ 00002ed8 records: 3, size/record: 4, table size: 12
	index: 0, handler: __TI_decompress_rle24
	index: 1, handler: __TI_decompress_none
	index: 2, handler: __TI_zero_init


GLOBAL SYMBOLS: SORTED ALPHABETICALLY BY Name 

address    name
--------   ----
00002b81   C$$EXIT
0000297b   C$$IO$$
0000197f   HOSTclock
00001945   HOSTclose
00001907   HOSTgetenv
000018ab   HOSTlseek
0000185b   HOSTopen
0000180d   HOSTread
000017ad   HOSTrename
00001771   HOSTtime
00001737   HOSTunlink
000016e9   HOSTwrite
00002d49   ResetISR
UNDEFED    SHT$$INIT_ARRAY$$Base
UNDEFED    SHT$$INIT_ARRAY$$Limit
00002d3b   _Dclass
00002b3d   _Dtest
20005010   __CIOBUF_
20003e80   __STACK_END
00003e80   __STACK_SIZE
20000100   __STACK_TOP
00000fa0   __SYSMEM_SIZE
00002ef0   __TI_CINIT_Base
00002f00   __TI_CINIT_Limit
00002ed8   __TI_Handler_Table_Base
00002ee4   __TI_Handler_Table_Limit
00000001   __TI_args_main
000025f1   __TI_auto_init
00002d2d   __TI_decompress_none
00002d51   __TI_decompress_rle24
00000000   __TI_static_base__
00002d09   __TI_zero_init
00002709   __aeabi_cdcmpeq
00002709   __aeabi_cdcmple
00002ab1   __aeabi_d2iz
00001d8b   __aeabi_dadd
00001f37   __aeabi_ddiv
0000219d   __aeabi_dmul
00001d81   __aeabi_dsub
00002c25   __aeabi_i2d
00002c85   __aeabi_lmul
00002805   __aeabi_memclr
00002805   __aeabi_memclr4
00002805   __aeabi_memclr8
00002555   __aeabi_memcpy
00002555   __aeabi_memcpy4
00002555   __aeabi_memcpy8
00002807   __aeabi_memset
00002807   __aeabi_memset4
00002807   __aeabi_memset8
20004fe8   __aeabi_stderr
20004fe0   __aeabi_stdin
20004fe4   __aeabi_stdout
000019cd   __aeabi_uldivmod
ffffffff   __binit__
ffffffff   __c_args__
20000000   __stack
00002c6d   _args_main
00002bc1   _c_int00
00001c89   _cleanup
20005000   _cleanup_ptr
00002685   _closefile
00002d58   _ctypes_
00002411   _doflush
20005004   _dtors_ptr
20004fdc   _ft_end
20004e20   _ftable
20004ff8   _lock
00002cef   _nop
00000c8f   _printfi
000023c7   _rd_ok
00002ce7   _register_lock
00002ce1   _register_unlock
20003e80   _sys_memory
20005130   _tmpnams
20004ffc   _unlock
00002365   _wrt_ok
00002b85   abort
00001655   add_device
00002a65   atoi
ffffffff   binit
00001331   calloc
00001601   close
00002af9   copy_in
00002b8d   exit
000026df   fclose
0000245d   fflush
00001cdf   fopen
000024b9   fputc
0000206d   fputs
00001087   free
00001cb5   freopen
000028ed   fseek
00000000   g_pfnVectors
000015b3   lseek
00002a0f   ltoa
000027ab   main
2000500c   main_func_sp
00001025   malloc
0000125b   memalign
00002c53   memccpy
00002cb5   memchr
00002555   memcpy
0000280d   memset
00000f99   minit
00001527   open
00002885   printf
0000253f   putc
00002543   putchar
00002173   puts
000014af   read
0000297f   readmsg
00001151   realloc
00001427   remove
00001487   remove_device
0000144b   rename
00002299   setvbuf
00002ccb   strchr
00002c9d   strcmp
00002d1b   strcpy
00002cf5   strlen
00002bf5   strncpy
00001427   unlink
00002789   wait
00001371   write
00002951   writemsg


GLOBAL SYMBOLS: SORTED BY Symbol Address 

address    name
--------   ----
00000000   __TI_static_base__
00000000   g_pfnVectors
00000001   __TI_args_main
00000c8f   _printfi
00000f99   minit
00000fa0   __SYSMEM_SIZE
00001025   malloc
00001087   free
00001151   realloc
0000125b   memalign
00001331   calloc
00001371   write
00001427   remove
00001427   unlink
0000144b   rename
00001487   remove_device
000014af   read
00001527   open
000015b3   lseek
00001601   close
00001655   add_device
000016e9   HOSTwrite
00001737   HOSTunlink
00001771   HOSTtime
000017ad   HOSTrename
0000180d   HOSTread
0000185b   HOSTopen
000018ab   HOSTlseek
00001907   HOSTgetenv
00001945   HOSTclose
0000197f   HOSTclock
000019cd   __aeabi_uldivmod
00001c89   _cleanup
00001cb5   freopen
00001cdf   fopen
00001d81   __aeabi_dsub
00001d8b   __aeabi_dadd
00001f37   __aeabi_ddiv
0000206d   fputs
00002173   puts
0000219d   __aeabi_dmul
00002299   setvbuf
00002365   _wrt_ok
000023c7   _rd_ok
00002411   _doflush
0000245d   fflush
000024b9   fputc
0000253f   putc
00002543   putchar
00002555   __aeabi_memcpy
00002555   __aeabi_memcpy4
00002555   __aeabi_memcpy8
00002555   memcpy
000025f1   __TI_auto_init
00002685   _closefile
000026df   fclose
00002709   __aeabi_cdcmpeq
00002709   __aeabi_cdcmple
00002789   wait
000027ab   main
00002805   __aeabi_memclr
00002805   __aeabi_memclr4
00002805   __aeabi_memclr8
00002807   __aeabi_memset
00002807   __aeabi_memset4
00002807   __aeabi_memset8
0000280d   memset
00002885   printf
000028ed   fseek
00002951   writemsg
0000297b   C$$IO$$
0000297f   readmsg
00002a0f   ltoa
00002a65   atoi
00002ab1   __aeabi_d2iz
00002af9   copy_in
00002b3d   _Dtest
00002b81   C$$EXIT
00002b85   abort
00002b8d   exit
00002bc1   _c_int00
00002bf5   strncpy
00002c25   __aeabi_i2d
00002c53   memccpy
00002c6d   _args_main
00002c85   __aeabi_lmul
00002c9d   strcmp
00002cb5   memchr
00002ccb   strchr
00002ce1   _register_unlock
00002ce7   _register_lock
00002cef   _nop
00002cf5   strlen
00002d09   __TI_zero_init
00002d1b   strcpy
00002d2d   __TI_decompress_none
00002d3b   _Dclass
00002d49   ResetISR
00002d51   __TI_decompress_rle24
00002d58   _ctypes_
00002ed8   __TI_Handler_Table_Base
00002ee4   __TI_Handler_Table_Limit
00002ef0   __TI_CINIT_Base
00002f00   __TI_CINIT_Limit
00003e80   __STACK_SIZE
20000000   __stack
20000100   __STACK_TOP
20003e80   __STACK_END
20003e80   _sys_memory
20004e20   _ftable
20004fdc   _ft_end
20004fe0   __aeabi_stdin
20004fe4   __aeabi_stdout
20004fe8   __aeabi_stderr
20004ff8   _lock
20004ffc   _unlock
20005000   _cleanup_ptr
20005004   _dtors_ptr
2000500c   main_func_sp
20005010   __CIOBUF_
20005130   _tmpnams
ffffffff   __binit__
ffffffff   __c_args__
ffffffff   binit
UNDEFED    SHT$$INIT_ARRAY$$Base
UNDEFED    SHT$$INIT_ARRAY$$Limit

[126 symbols]
