V3 3
FL D:/VHDL_Codes/MOD16_UD_CNT_WLOAD.vhd 2015/12/01.02:57:44 P.49d
EN work/MOD16_UD_CNT_WLOAD 1448963182 FL D:/VHDL_Codes/MOD16_UD_CNT_WLOAD.vhd \
      PB ieee/std_logic_1164 1354696159 PB ieee/NUMERIC_STD 1354696164
AR work/MOD16_UD_CNT_WLOAD/BEHAVIORAL 1448963183 \
      FL D:/VHDL_Codes/MOD16_UD_CNT_WLOAD.vhd EN work/MOD16_UD_CNT_WLOAD 1448963182
