******************************************************************************
                  TI ARM Linker PC v5.1.1                      
******************************************************************************
>> Linked Tue Jun 30 13:59:13 2015

OUTPUT FILE NAME:   <student.out>
ENTRY POINT SYMBOL: "_c_int00"  address: 00002f05


MEMORY CONFIGURATION

         name            origin    length      used     unused   attr    fill
----------------------  --------  ---------  --------  --------  ----  --------
  FLASH                 00000000   00040000  00003404  0003cbfc  R  X
  SRAM                  20000000   00018000  00013e20  000041e0  RW X


SEGMENT ALLOCATION MAP

run origin  load origin   length   init length attrs members
----------  ----------- ---------- ----------- ----- -------
00000000    00000000    00003408   00003408    r-x
  00000000    00000000    0000011c   0000011c    r-- .intvecs
  0000011c    0000011c    00002f7e   00002f7e    r-x .text
  0000309a    0000309a    00000102   00000102    r-- .const
  000031a0    000031a0    00000268   00000268    r-- .cinit
20000000    20000000    00013e20   00000000    rw-
  20000000    20000000    0000bb80   00000000    rw- .stack
  2000bb80    2000bb80    00007d00   00000000    rw- .sysmem
  20013880    20013880    000003cc   00000000    rw- .data
  20013c4c    20013c4c    000001d4   00000000    rw- .bss


SECTION ALLOCATION MAP

 output                                  attributes/
section   page    origin      length       input sections
--------  ----  ----------  ----------   ----------------
.intvecs   0    00000000    0000011c     
                  00000000    0000011c     startup_ccs.obj (.intvecs)

.text      0    0000011c    00002f7e     
                  0000011c    00000e78     rtsv7M3_T_le_eabi.lib : _printfi.obj (.text)
                  00000f94    000003cc                           : memory.obj (.text)
                  00001360    0000034c     main.obj (.text)
                  000016ac    00000310     rtsv7M3_T_le_eabi.lib : lowlev.obj (.text)
                  000019bc    000002d4                           : trgdrv.obj (.text)
                  00001c90    000001f4                           : ull_div_t2.obj (.text)
                  00001e84    000001c0                           : fopen.obj (.text)
                  00002044    000001b6                           : fd_add_t2.obj (.text)
                  000021fa    00000136                           : fd_div_t2.obj (.text)
                  00002330    00000134                           : fputs.obj (.text)
                  00002464    000000fc                           : fd_mul_t2.obj (.text)
                  00002560    000000dc                           : setvbuf.obj (.text)
                  0000263c    000000c0                           : fflush.obj (.text)
                  000026fc    000000ac                           : _io_perm.obj (.text)
                  000027a8    0000009c                           : fputc.obj (.text)
                  00002844    0000009c                           : memcpy_t2.obj (.text)
                  000028e0    00000098                           : fclose.obj (.text)
                  00002978    00000094                           : auto_init.obj (.text)
                  00002a0c    0000007e                           : fd_cmp_t2.obj (.text:__aeabi_cdcmple)
                  00002a8a    0000007e                           : fd_cmp_t2.obj (.text:__aeabi_cdrcmple)
                  00002b08    00000078                           : memset_t2.obj (.text)
                  00002b80    00000070                           : printf.obj (.text)
                  00002bf0    00000064                           : fseek.obj (.text)
                  00002c54    00000060                           : trgmsg.obj (.text)
                  00002cb4    0000005e                           : copy_decompress_rle.obj (.text)
                  00002d12    0000005a                           : ltoa.obj (.text)
                  00002d6c    0000004c                           : atoi.obj (.text)
                  00002db8    00000048                           : fd_toi_t2.obj (.text)
                  00002e00    00000044                           : cpy_tbl.obj (.text)
                  00002e44    00000044                           : exit.obj (.text)
                  00002e88    00000044                           : xdtest.obj (.text)
                  00002ecc    00000038     IntPortDHandler.obj (.text)
                  00002f04    00000034     rtsv7M3_T_le_eabi.lib : boot.obj (.text)
                  00002f38    00000030                           : strncpy.obj (.text)
                  00002f68    0000002e                           : i_tofd_t2.obj (.text)
                  00002f96    0000001a                           : memccpy.obj (.text)
                  00002fb0    00000018                           : args_main.obj (.text)
                  00002fc8    00000018                           : ll_mul_t2.obj (.text)
                  00002fe0    00000018                           : strcmp.obj (.text)
                  00002ff8    00000016                           : memchr.obj (.text)
                  0000300e    00000016                           : strchr.obj (.text)
                  00003024    00000014                           : _lock.obj (.text)
                  00003038    00000014                           : strlen.obj (.text)
                  0000304c    00000012                           : copy_zero_init.obj (.text:decompress:ZI)
                  0000305e    00000012                           : strcpy.obj (.text)
                  00003070    0000000e                           : copy_decompress_none.obj (.text:decompress:none)
                  0000307e    0000000e                           : xdclass.obj (.text)
                  0000308c    00000008     startup_ccs.obj (.text)
                  00003094    00000006     rtsv7M3_T_le_eabi.lib : copy_decompress_rle.obj (.text:decompress:rle24)

.const     0    0000309a    00000102     
                  0000309a    00000102     rtsv7M3_T_le_eabi.lib : ctype.obj (.const:.string:_ctypes_)

.cinit     0    000031a0    00000268     
                  000031a0    00000243     (.cinit..data.load) [load image, compression = rle]
                  000033e3    00000001     --HOLE-- [fill = 0]
                  000033e4    0000000c     (__TI_handler_table)
                  000033f0    00000008     (.cinit..bss.load) [load image, compression = zero_init]
                  000033f8    00000010     (__TI_cinit_table)

.stack     0    20000000    0000bb80     UNINITIALIZED
                  20000000    0000bb80     --HOLE--

.sysmem    0    2000bb80    00007d00     UNINITIALIZED
                  2000bb80    00000008     rtsv7M3_T_le_eabi.lib : memory.obj (.sysmem)
                  2000bb88    00007cf8     --HOLE--

.data      0    20013880    000003cc     UNINITIALIZED
                  20013880    000001d6     main.obj (.data:array)
                  20013a56    00000001     main.obj (.data)
                  20013a57    00000001     --HOLE--
                  20013a58    000000f0     rtsv7M3_T_le_eabi.lib : defs.obj (.data:_ftable)
                  20013b48    000000d0                           : lowlev.obj (.data)
                  20013c18    00000010                           : defs.obj (.data)
                  20013c28    0000000c                           : memory.obj (.data)
                  20013c34    00000008                           : _lock.obj (.data)
                  20013c3c    00000008                           : exit.obj (.data)
                  20013c44    00000004                           : fopen.obj (.data)
                  20013c48    00000004                           : stkdepth_vars.obj (.data)

.bss       0    20013c4c    000001d4     UNINITIALIZED
                  20013c4c    00000120     rtsv7M3_T_le_eabi.lib : trgmsg.obj (.bss:__CIOBUF_)
                  20013d6c    000000a0                           : defs.obj (.bss:__TI_tmpnams)
                  20013e0c    0000000c     (.common:buffer)
                  20013e18    00000008     (.common:parmbuf)


LINKER GENERATED COPY TABLES

__TI_cinit_table @ 000033f8 records: 2, size/record: 8, table size: 16
	.data: load addr=000031a0, load size=00000243 bytes, run addr=20013880, run size=000003cc bytes, compression=rle
	.bss: load addr=000033f0, load size=00000008 bytes, run addr=20013c4c, run size=000001d4 bytes, compression=zero_init


LINKER GENERATED HANDLER TABLE

__TI_handler_table @ 000033e4 records: 3, size/record: 4, table size: 12
	index: 0, handler: __TI_decompress_rle24
	index: 1, handler: __TI_decompress_none
	index: 2, handler: __TI_zero_init


GLOBAL SYMBOLS: SORTED ALPHABETICALLY BY Name 

address    name
--------   ----
00002e45   C$$EXIT
00002c7f   C$$IO$$
00001c49   HOSTclock
00001c11   HOSTclose
00001bd3   HOSTgetenv
00001b77   HOSTlseek
00001b25   HOSTopen
00001ad9   HOSTread
00001a7b   HOSTrename
00001a41   HOSTtime
00001a09   HOSTunlink
000019bd   HOSTwrite
00002ecd   IntPortDHandler
0000308d   ResetISR
UNDEFED    SHT$$INIT_ARRAY$$Base
UNDEFED    SHT$$INIT_ARRAY$$Limit
0000307f   _Dclass
00002e89   _Dtest
20013c4c   __CIOBUF_
2000bb80   __STACK_END
0000bb80   __STACK_SIZE
20000100   __STACK_TOP
00007d00   __SYSMEM_SIZE
000033f8   __TI_CINIT_Base
00003408   __TI_CINIT_Limit
000033e4   __TI_Handler_Table_Base
000033f0   __TI_Handler_Table_Limit
00000001   __TI_args_main
00002979   __TI_auto_init
00001f4d   __TI_cleanup
20013c3c   __TI_cleanup_ptr
000028e1   __TI_closefile
00003071   __TI_decompress_none
00003095   __TI_decompress_rle24
0000263d   __TI_doflush
20013c40   __TI_dtors_ptr
20013c18   __TI_ft_end
00000c8b   __TI_printfi
0000275f   __TI_rd_ok
00002c83   __TI_readmsg
00000000   __TI_static_base__
20013d6c   __TI_tmpnams
00002c55   __TI_writemsg
000026fd   __TI_wrt_ok
0000304d   __TI_zero_init
00002a0d   __aeabi_cdcmpeq
00002a0d   __aeabi_cdcmple
00002a8b   __aeabi_cdrcmple
00002db9   __aeabi_d2iz
0000204f   __aeabi_dadd
000021fb   __aeabi_ddiv
00002465   __aeabi_dmul
00002045   __aeabi_dsub
00002f69   __aeabi_i2d
00002fc9   __aeabi_lmul
00002b09   __aeabi_memclr
00002b09   __aeabi_memclr4
00002b09   __aeabi_memclr8
00002845   __aeabi_memcpy
00002845   __aeabi_memcpy4
00002845   __aeabi_memcpy8
00002b0b   __aeabi_memset
00002b0b   __aeabi_memset4
00002b0b   __aeabi_memset8
20013c24   __aeabi_stderr
20013c1c   __aeabi_stdin
20013c20   __aeabi_stdout
00001c91   __aeabi_uldivmod
ffffffff   __binit__
ffffffff   __c_args__
20000000   __stack
00002fb1   _args_main
00002f05   _c_int00
0000309a   _ctypes_
20013a58   _ftable
20013c34   _lock
00003033   _nop
0000302b   _register_lock
00003025   _register_unlock
2000bb80   _sys_memory
20013c38   _unlock
00002e49   abort
0000190f   add_device
20013880   array
00002d6d   atoi
ffffffff   binit
20013e0c   buffer
00001329   calloc
000018bd   close
00002e01   copy_in
00002e51   exit
00002947   fclose
00002689   fflush
00001fa3   fopen
000027a9   fputc
00002331   fputs
00001083   free
00001f79   freopen
00002bf1   fseek
00000000   g_pfnVectors
00001899   lseek
00002d13   ltoa
000013ed   main
20013c48   main_func_sp
00001021   malloc
00001249   memalign
00002f97   memccpy
00002ff9   memchr
00002845   memcpy
00002b11   memset
00000f95   minit
000017eb   open
00002b89   printf
0000282d   putc
00002831   putchar
0000243b   puts
000017c7   read
00001143   realloc
0000173d   remove
0000179f   remove_device
00001761   rename
00002561   setvbuf
0000300f   strchr
00002fe1   strcmp
0000305f   strcpy
00003039   strlen
00002f39   strncpy
000013c5   timerWait
00001383   timerconfig
20013a56   ucDirection
0000173d   unlink
00001361   waitLoop
000016ad   write


GLOBAL SYMBOLS: SORTED BY Symbol Address 

address    name
--------   ----
00000000   __TI_static_base__
00000000   g_pfnVectors
00000001   __TI_args_main
00000c8b   __TI_printfi
00000f95   minit
00001021   malloc
00001083   free
00001143   realloc
00001249   memalign
00001329   calloc
00001361   waitLoop
00001383   timerconfig
000013c5   timerWait
000013ed   main
000016ad   write
0000173d   remove
0000173d   unlink
00001761   rename
0000179f   remove_device
000017c7   read
000017eb   open
00001899   lseek
000018bd   close
0000190f   add_device
000019bd   HOSTwrite
00001a09   HOSTunlink
00001a41   HOSTtime
00001a7b   HOSTrename
00001ad9   HOSTread
00001b25   HOSTopen
00001b77   HOSTlseek
00001bd3   HOSTgetenv
00001c11   HOSTclose
00001c49   HOSTclock
00001c91   __aeabi_uldivmod
00001f4d   __TI_cleanup
00001f79   freopen
00001fa3   fopen
00002045   __aeabi_dsub
0000204f   __aeabi_dadd
000021fb   __aeabi_ddiv
00002331   fputs
0000243b   puts
00002465   __aeabi_dmul
00002561   setvbuf
0000263d   __TI_doflush
00002689   fflush
000026fd   __TI_wrt_ok
0000275f   __TI_rd_ok
000027a9   fputc
0000282d   putc
00002831   putchar
00002845   __aeabi_memcpy
00002845   __aeabi_memcpy4
00002845   __aeabi_memcpy8
00002845   memcpy
000028e1   __TI_closefile
00002947   fclose
00002979   __TI_auto_init
00002a0d   __aeabi_cdcmpeq
00002a0d   __aeabi_cdcmple
00002a8b   __aeabi_cdrcmple
00002b09   __aeabi_memclr
00002b09   __aeabi_memclr4
00002b09   __aeabi_memclr8
00002b0b   __aeabi_memset
00002b0b   __aeabi_memset4
00002b0b   __aeabi_memset8
00002b11   memset
00002b89   printf
00002bf1   fseek
00002c55   __TI_writemsg
00002c7f   C$$IO$$
00002c83   __TI_readmsg
00002d13   ltoa
00002d6d   atoi
00002db9   __aeabi_d2iz
00002e01   copy_in
00002e45   C$$EXIT
00002e49   abort
00002e51   exit
00002e89   _Dtest
00002ecd   IntPortDHandler
00002f05   _c_int00
00002f39   strncpy
00002f69   __aeabi_i2d
00002f97   memccpy
00002fb1   _args_main
00002fc9   __aeabi_lmul
00002fe1   strcmp
00002ff9   memchr
0000300f   strchr
00003025   _register_unlock
0000302b   _register_lock
00003033   _nop
00003039   strlen
0000304d   __TI_zero_init
0000305f   strcpy
00003071   __TI_decompress_none
0000307f   _Dclass
0000308d   ResetISR
00003095   __TI_decompress_rle24
0000309a   _ctypes_
000033e4   __TI_Handler_Table_Base
000033f0   __TI_Handler_Table_Limit
000033f8   __TI_CINIT_Base
00003408   __TI_CINIT_Limit
00007d00   __SYSMEM_SIZE
0000bb80   __STACK_SIZE
20000000   __stack
20000100   __STACK_TOP
2000bb80   __STACK_END
2000bb80   _sys_memory
20013880   array
20013a56   ucDirection
20013a58   _ftable
20013c18   __TI_ft_end
20013c1c   __aeabi_stdin
20013c20   __aeabi_stdout
20013c24   __aeabi_stderr
20013c34   _lock
20013c38   _unlock
20013c3c   __TI_cleanup_ptr
20013c40   __TI_dtors_ptr
20013c48   main_func_sp
20013c4c   __CIOBUF_
20013d6c   __TI_tmpnams
20013e0c   buffer
ffffffff   __binit__
ffffffff   __c_args__
ffffffff   binit
UNDEFED    SHT$$INIT_ARRAY$$Base
UNDEFED    SHT$$INIT_ARRAY$$Limit

[133 symbols]
