V3 3
FL D:/ISE_Projects/lab3-2.3/ADDED/MOD16_UD_CNT_WLOAD.vhd 2015/12/01.11:35:02 P.49d
EN work/MOD16_UD_CNT_WLOAD 1448966744 \
      FL D:/ISE_Projects/lab3-2.3/ADDED/MOD16_UD_CNT_WLOAD.vhd \
      PB ieee/std_logic_1164 1354696159 PB ieee/NUMERIC_STD 1354696164
AR work/MOD16_UD_CNT_WLOAD/BEHAVIORAL 1448966745 \
      FL D:/ISE_Projects/lab3-2.3/ADDED/MOD16_UD_CNT_WLOAD.vhd \
      EN work/MOD16_UD_CNT_WLOAD 1448966744
