******************************************************************************
               TMS320C6x Linker PC v7.4.8                      
******************************************************************************
>> Linked Thu May 07 11:35:41 2015

OUTPUT FILE NAME:   <FFT_Lab_Starter.out>
ENTRY POINT SYMBOL: "_c_int00"  address: 00004180


MEMORY CONFIGURATION

         name            origin    length      used     unused   attr    fill
----------------------  --------  ---------  --------  --------  ----  --------
  IVECS                 00000000   00000220  00000200  00000020  RWIX
  IRAM                  00000220   0002fde0  000054d6  0002a90a  RWIX
  SDRAM                 80000000   00100000  00000000  00100000  RWIX
  FLASH                 90000000   00020000  00000000  00020000  RWIX


SECTION ALLOCATION MAP

 output                                  attributes/
section   page    origin      length       input sections
--------  ----  ----------  ----------   ----------------
.vectors   0    00000000    00000200     
                  00000000    00000200     DSK_vectors_AIC23.obj (.vectors)

$BRID      0    00000000    0000018c     COPY SECTION
                  00000000    00000078     csl6713.lib : csl_irq.obj ($BRID)
                  00000078    0000007c                 : csl_mcbsp.obj ($BRID)
                  000000f4    00000054     dsk6713bsl.lib : dsk6713.obj ($BRID)
                  00000148    00000024                    : dsk6713_aic23_opencodec.obj ($BRID)
                  0000016c    00000014                    : dsk6713_aic23_registers.obj ($BRID)
                  00000180    0000000c                    : dsk6713_aic23_setfreq.obj ($BRID)

.text      0    00000220    000042c0     
                  00000220    00000980     FFT_LAB_starter.obj (.text)
                  00000ba0    00000720     rts6700.lib : divd.obj (.text:__divd)
                  000012c0    00000460     dsk6713bsl.lib : dsk6713.obj (.text)
                  00001720    00000340     rts6700.lib : cos.obj (.text:_cos)
                  00001a60    00000300                 : divf.obj (.text:__divf)
                  00001d60    00000300     dsk6713bsl.lib : dsk6713_aic23_opencodec.obj (.text)
                  00002060    000002e0     rts6700.lib : sin.obj (.text:_sin)
                  00002340    00000280     cfftr2_dit.obj (.text)
                  000025c0    00000260     rts6700.lib : log.obj (.text:_log)
                  00002820    00000240                 : atan.obj (.text:_atan)
                  00002a60    00000240                 : memcpy62.obj (.text:_memcpy)
                  00002ca0    000001e0     FFT_LAB_starter.obj (.text:retain)
                  00002e80    000001a0     csl6713.lib : csl_irq.obj (.text:_IRQ_map)
                  00003020    00000180                 : csl_mcbsp.obj (.text:_MCBSP_reset)
                  000031a0    00000140     rts6700.lib : frcmpyd_div.obj (.text:__frcmpyd_div)
                  000032e0    00000140                 : sqrt.obj (.text:_sqrt)
                  00003420    00000140     dsk6713bsl.lib : dsk6713_aic23_registers.obj (.text)
                  00003560    00000120     rts6700.lib : frexp.obj (.text:_frexp)
                  00003680    00000100     csl6713.lib : csl_mcbsp.obj (.text:_MCBSP_start)
                  00003780    00000100     rts6700.lib : autoinit.obj (.text:__auto_init)
                  00003880    000000e0     csl6713.lib : csl_mcbsp.obj (.text:_MCBSP_open)
                  00003960    000000e0     rts6700.lib : round.obj (.text:__nround)
                  00003a40    000000e0                 : strasg.obj (.text:__strasg)
                  00003b20    000000e0                 : exit.obj (.text:_exit)
                  00003c00    000000e0                 : modf.obj (.text:_modf)
                  00003ce0    000000c0                 : cpy_tbl.obj (.text:_copy_in)
                  00003da0    000000c0     bitrev.obj (.text)
                  00003e60    000000c0     dsk6713bsl.lib : dsk6713_aic23_setfreq.obj (.text)
                  00003f20    000000a0     csl6713.lib : csl_mcbsp.obj (.text:_MCBSP_config)
                  00003fc0    000000a0     rts6700.lib : mpyll.obj (.text:__mpyll)
                  00004060    000000a0     csl6713.lib : csl_irq.obj (.text:_setMux)
                  00004100    00000080     rts6700.lib : cpp_init.obj (.text:___TI_cpp_init)
                  00004180    00000080                 : boot.obj (.text:_c_int00)
                  00004200    00000080                 : log10.obj (.text:_log10)
                  00004280    00000060                 : llshift.obj (.text:__llshru)
                  000042e0    00000040     csl6713.lib : csl_irq.obj (.text:_IRQ_enable)
                  00004320    00000040                 : csl_irq.obj (.text:_IRQ_reset)
                  00004360    00000040     rts6700.lib : args_main.obj (.text:__args_main)
                  000043a0    00000040                 : trunc.obj (.text:__trunc)
                  000043e0    00000020     csl6713.lib : csl_irq.obj (.text:_IRQ_globalDisable)
                  00004400    00000020                 : csl_irq.obj (.text:_IRQ_globalEnable)
                  00004420    00000020                 : csl_irq.obj (.text:_IRQ_nmiEnable)
                  00004440    00000020                 : csl_irq.obj (.text:_IRQ_set)
                  00004460    00000020                 : csl_mcbsp.obj (.text:_MCBSP_getXmtEventId)
                  00004480    00000020                 : csl_mcbsp.obj (.text:_MCBSP_read)
                  000044a0    00000020     rts6700.lib : exit.obj (.text:_abort)
                  000044c0    00000020     csl6713.lib : csl_irq.obj (.text)

.bss       0    00000220    00000000     UNINITIALIZED

.far       0    000044e0    000009aa     UNINITIALIZED
                  000044e0    0000070c     FFT_LAB_starter.obj (.far)
                  00004bec    000000f4     csl6713.lib : csl_irq.obj (.far)
                  00004ce0    00000060     rts6700.lib : atan.obj (.far)
                  00004d40    00000040                 : cos.obj (.far)
                  00004d80    00000040                 : sin.obj (.far)
                  00004dc0    00000038     csl6713.lib : csl_mcbsp.obj (.far)
                  00004df8    00000030     rts6700.lib : log.obj (.far)
                  00004e28    00000028     dsk6713bsl.lib : dsk6713_aic23_registers.obj (.far)
                  00004e50    00000020                    : dsk6713_aic23_setfreq.obj (.far)
                  00004e70    0000000c     rts6700.lib : exit.obj (.far)
                  00004e7c    00000008     dsk6713bsl.lib : dsk6713_aic23_opencodec.obj (.far)
                  00004e84    00000004     rts6700.lib : errno.obj (.far)
                  00004e88    00000002     dsk6713bsl.lib : dsk6713.obj (.far)

.stack     0    00004e90    00000400     UNINITIALIZED
                  00004e90    00000008     rts6700.lib : boot.obj (.stack)
                  00004e98    000003f8     --HOLE--

.cinit     0    00005290    0000040c     
                  00005290    0000012c     csl6713.lib : csl_irq.obj (.cinit)
                  000053bc    00000004     --HOLE-- [fill = 0]
                  000053c0    000000a2     FFT_LAB_starter.obj (.cinit)
                  00005462    00000006     --HOLE-- [fill = 0]
                  00005468    00000070     rts6700.lib : atan.obj (.cinit)
                  000054d8    00000054     csl6713.lib : csl_mcbsp.obj (.cinit)
                  0000552c    00000004     --HOLE-- [fill = 0]
                  00005530    00000048     rts6700.lib : cos.obj (.cinit)
                  00005578    00000048                 : sin.obj (.cinit)
                  000055c0    00000040                 : log.obj (.cinit)
                  00005600    00000030     dsk6713bsl.lib : dsk6713_aic23_registers.obj (.cinit)
                  00005630    0000002c     rts6700.lib : exit.obj (.cinit)
                  0000565c    00000004     --HOLE-- [fill = 0]
                  00005660    00000028     dsk6713bsl.lib : dsk6713_aic23_setfreq.obj (.cinit)
                  00005688    0000000c     rts6700.lib : errno.obj (.cinit)
                  00005694    00000004     --HOLE-- [fill = 0]
                  00005698    00000004     (.pad.cinit) [fill = 0]

.const     0    0000569c    00000060     
                  0000569c    00000040     dsk6713bsl.lib : dsk6713_aic23_opencodec.obj (.const)
                  000056dc    00000020                    : dsk6713.obj (.const)


GLOBAL SYMBOLS: SORTED ALPHABETICALLY BY Name 

address    name
--------   ----
00000220   $bss
00000220   .bss
00000220   .text
00000040   AINT_V
000044a0   C$$EXIT
00000140   INT10_V
00000160   INT11_V
00000180   INT12_V
000001a0   INT13_V
000001c0   INT14_V
000001e0   INT15_V
00000060   INT3_V
00000080   INT4_V
000000a0   INT5_V
000000c0   INT6_V
000000e0   INT7_V
00000100   INT8_V
00000120   INT9_V
00000020   NMI_V
00000000   RESET_V
000044e4   _AIC23CfgData
00004be8   _AIC23_data
000044e0   _AIC_data
00004e7c   _DSK6713_AIC23_codeccontrolhandle
00004e80   _DSK6713_AIC23_codecdatahandle
000034e0   _DSK6713_AIC23_config
00001d60   _DSK6713_AIC23_openCodec
000034bc   _DSK6713_AIC23_rget
00003420   _DSK6713_AIC23_rset
00003e60   _DSK6713_AIC23_setFreq
00001698   _DSK6713_getVersion
000012f0   _DSK6713_init
000015f0   _DSK6713_rget
00001604   _DSK6713_rset
00004e88   _DSK6713_version
00001618   _DSK6713_wait
0000166c   _DSK6713_waitusec
00004738   _FFT_buf
00004ad8   _FFT_sample_count
000042e0   _IRQ_enable
000043e0   _IRQ_globalDisable
00004400   _IRQ_globalEnable
00002e80   _IRQ_map
00004420   _IRQ_nmiEnable
00004320   _IRQ_reset
00004440   _IRQ_set
00003f20   _MCBSP_config
00004460   _MCBSP_getXmtEventId
00003880   _MCBSP_open
00004480   _MCBSP_read
00003020   _MCBSP_reset
00003680   _MCBSP_start
00004a50   _PI
00004cd8   __IRQ_dispatchTable
00004c14   __IRQ_eventTable
000044c0   __IRQ_hookFetchPacket
00004c98   __IRQ_intTable
00004df0   __MCBSP_hDev0
00004df4   __MCBSP_hDev1
00005290   __STACK_END
00000400   __STACK_SIZE
00000001   __TI_args_main
00004100   ___TI_cpp_init
00004e78   ___TI_enable_exit_profile_output
ffffffff   ___TI_pprof_out_hndl
ffffffff   ___TI_prof_data_size
ffffffff   ___TI_prof_data_start
ffffffff   ___binit__
00000220   ___bss__
ffffffff   ___c_args__
00005290   ___cinit__
00000220   ___end__
000044e0   ___etext__
ffffffff   ___pinit__
00000220   ___text__
00004360   __args_main
00003780   __auto_init
00004e70   __cleanup_ptr
00000ba0   __divd
00001a60   __divf
00004e74   __dtors_ptr
000031a0   __frcmpyd_div
00004280   __llshru
00003fc0   __mpyll
00003960   __nround
00004e90   __stack
00003a40   __strasg
000043a0   __trunc
000044a0   _abort
00004a3c   _amp_ratio
00002820   _atan
00003da0   _bitrev
00004180   _c_int00
00002340   _cfftr2_dit
00004504   _config
00003ce0   _copy_in
00001720   _cos
00004be0   _count_INT
00004e84   _errno
00003b20   _exit
00004bdc   _float_scale
00003560   _frexp
00004530   _fs
0000452c   _hAIC23_handle
00004a44   _i
00004a58   _index
00004a48   _indx
00002ca0   _intser_McBSP1
00004a46   _j
000025c0   _log
00004200   _log10
00000220   _main
00002a60   _memcpy
00003c00   _modf
00004adc   _out_buf
00004a38   _pFFT_buf
00004a40   _phase_diff
00002060   _sin
000032e0   _sqrt
00004938   _w
00004538   _x1
ffffffff   binit
00005290   cinit
00000220   end
000044e0   etext
ffffffff   pinit


GLOBAL SYMBOLS: SORTED BY Symbol Address 

address    name
--------   ----
00000000   RESET_V
00000001   __TI_args_main
00000020   NMI_V
00000040   AINT_V
00000060   INT3_V
00000080   INT4_V
000000a0   INT5_V
000000c0   INT6_V
000000e0   INT7_V
00000100   INT8_V
00000120   INT9_V
00000140   INT10_V
00000160   INT11_V
00000180   INT12_V
000001a0   INT13_V
000001c0   INT14_V
000001e0   INT15_V
00000220   $bss
00000220   .bss
00000220   .text
00000220   ___bss__
00000220   ___end__
00000220   ___text__
00000220   _main
00000220   end
00000400   __STACK_SIZE
00000ba0   __divd
000012f0   _DSK6713_init
000015f0   _DSK6713_rget
00001604   _DSK6713_rset
00001618   _DSK6713_wait
0000166c   _DSK6713_waitusec
00001698   _DSK6713_getVersion
00001720   _cos
00001a60   __divf
00001d60   _DSK6713_AIC23_openCodec
00002060   _sin
00002340   _cfftr2_dit
000025c0   _log
00002820   _atan
00002a60   _memcpy
00002ca0   _intser_McBSP1
00002e80   _IRQ_map
00003020   _MCBSP_reset
000031a0   __frcmpyd_div
000032e0   _sqrt
00003420   _DSK6713_AIC23_rset
000034bc   _DSK6713_AIC23_rget
000034e0   _DSK6713_AIC23_config
00003560   _frexp
00003680   _MCBSP_start
00003780   __auto_init
00003880   _MCBSP_open
00003960   __nround
00003a40   __strasg
00003b20   _exit
00003c00   _modf
00003ce0   _copy_in
00003da0   _bitrev
00003e60   _DSK6713_AIC23_setFreq
00003f20   _MCBSP_config
00003fc0   __mpyll
00004100   ___TI_cpp_init
00004180   _c_int00
00004200   _log10
00004280   __llshru
000042e0   _IRQ_enable
00004320   _IRQ_reset
00004360   __args_main
000043a0   __trunc
000043e0   _IRQ_globalDisable
00004400   _IRQ_globalEnable
00004420   _IRQ_nmiEnable
00004440   _IRQ_set
00004460   _MCBSP_getXmtEventId
00004480   _MCBSP_read
000044a0   C$$EXIT
000044a0   _abort
000044c0   __IRQ_hookFetchPacket
000044e0   _AIC_data
000044e0   ___etext__
000044e0   etext
000044e4   _AIC23CfgData
00004504   _config
0000452c   _hAIC23_handle
00004530   _fs
00004538   _x1
00004738   _FFT_buf
00004938   _w
00004a38   _pFFT_buf
00004a3c   _amp_ratio
00004a40   _phase_diff
00004a44   _i
00004a46   _j
00004a48   _indx
00004a50   _PI
00004a58   _index
00004ad8   _FFT_sample_count
00004adc   _out_buf
00004bdc   _float_scale
00004be0   _count_INT
00004be8   _AIC23_data
00004c14   __IRQ_eventTable
00004c98   __IRQ_intTable
00004cd8   __IRQ_dispatchTable
00004df0   __MCBSP_hDev0
00004df4   __MCBSP_hDev1
00004e70   __cleanup_ptr
00004e74   __dtors_ptr
00004e78   ___TI_enable_exit_profile_output
00004e7c   _DSK6713_AIC23_codeccontrolhandle
00004e80   _DSK6713_AIC23_codecdatahandle
00004e84   _errno
00004e88   _DSK6713_version
00004e90   __stack
00005290   __STACK_END
00005290   ___cinit__
00005290   cinit
ffffffff   ___TI_pprof_out_hndl
ffffffff   ___TI_prof_data_size
ffffffff   ___TI_prof_data_start
ffffffff   ___binit__
ffffffff   ___c_args__
ffffffff   ___pinit__
ffffffff   binit
ffffffff   pinit

[126 symbols]
