******************************************************************************
               TMS320C6x Linker PC v7.4.20                     
******************************************************************************
>> Linked Tue Apr 25 11:55:37 2017

OUTPUT FILE NAME:   <Copy of FFT64_Analyzer.out>
ENTRY POINT SYMBOL: "_c_int00"  address: 00001a80


MEMORY CONFIGURATION

         name            origin    length      used     unused   attr    fill
----------------------  --------  ---------  --------  --------  ----  --------
  IVECS                 00000000   00000220  00000200  00000020  RWIX
  IRAM                  00000220   0002fde0  000033fc  0002c9e4  RWIX
  SDRAM                 80000000   00100000  00000000  00100000  RWIX
  FLASH                 90000000   00020000  00000000  00020000  RWIX


SECTION ALLOCATION MAP

 output                                  attributes/
section   page    origin      length       input sections
--------  ----  ----------  ----------   ----------------
$BRID      0    00000000    0000018c     COPY SECTION
                  00000000    00000078     csl6713.lib : csl_irq.obj ($BRID)
                  00000078    0000007c                 : csl_mcbsp.obj ($BRID)
                  000000f4    00000054     dsk6713bsl.lib : dsk6713.obj ($BRID)
                  00000148    00000024                    : dsk6713_aic23_opencodec.obj ($BRID)
                  0000016c    00000014                    : dsk6713_aic23_registers.obj ($BRID)
                  00000180    0000000c                    : dsk6713_aic23_setfreq.obj ($BRID)

.vectors   0    00000000    00000200     
                  00000000    00000200     DSK_vectors_AIC23.obj (.vectors)

.text      0    00000220    00001ae0     
                  00000220    00000460     dsk6713bsl.lib : dsk6713.obj (.text)
                  00000680    00000300                    : dsk6713_aic23_opencodec.obj (.text)
                  00000980    00000240     rts6700.lib : memcpy62.obj (.text:_memcpy)
                  00000bc0    000001c0     FFT64_Analyzer.obj (.text:retain)
                  00000d80    000001a0     csl6713.lib : csl_irq.obj (.text:_IRQ_map)
                  00000f20    00000180     FFT64_Analyzer.obj (.text)
                  000010a0    00000180     csl6713.lib : csl_mcbsp.obj (.text:_MCBSP_reset)
                  00001220    00000140     rts6700.lib : exit.obj (.text:_exit)
                  00001360    00000140     dsk6713bsl.lib : dsk6713_aic23_registers.obj (.text)
                  000014a0    00000120     rts6700.lib : autoinit.obj (.text:__auto_init)
                  000015c0    00000100     csl6713.lib : csl_mcbsp.obj (.text:_MCBSP_start)
                  000016c0    000000e0                 : csl_mcbsp.obj (.text:_MCBSP_open)
                  000017a0    000000e0     rts6700.lib : strasg.obj (.text:__strasg)
                  00001880    000000c0     dsk6713bsl.lib : dsk6713_aic23_setfreq.obj (.text)
                  00001940    000000a0     csl6713.lib : csl_mcbsp.obj (.text:_MCBSP_config)
                  000019e0    000000a0                 : csl_irq.obj (.text:_setMux)
                  00001a80    00000080     rts6700.lib : boot.obj (.text:_c_int00)
                  00001b00    00000040     csl6713.lib : csl_irq.obj (.text:_IRQ_enable)
                  00001b40    00000040                 : csl_irq.obj (.text:_IRQ_reset)
                  00001b80    00000040     rts6700.lib : args_main.obj (.text:__args_main)
                  00001bc0    00000020     csl6713.lib : csl_irq.obj (.text:_IRQ_globalDisable)
                  00001be0    00000020                 : csl_irq.obj (.text:_IRQ_globalEnable)
                  00001c00    00000020                 : csl_irq.obj (.text:_IRQ_nmiEnable)
                  00001c20    00000020                 : csl_irq.obj (.text:_IRQ_set)
                  00001c40    00000020                 : csl_mcbsp.obj (.text:_MCBSP_getXmtEventId)
                  00001c60    00000020                 : csl_mcbsp.obj (.text:_MCBSP_read)
                  00001c80    00000020                 : csl_mcbsp.obj (.text:_MCBSP_write)
                  00001ca0    00000020     rts6700.lib : _lock.obj (.text:__nop)
                  00001cc0    00000020                 : exit.obj (.text:_abort)
                  00001ce0    00000020     csl6713.lib : csl_irq.obj (.text)

.far       0    00001d00    00001202     UNINITIALIZED
                  00001d00    00000ff0     FFT64_Analyzer.obj (.far)
                  00002cf0    000000f4     csl6713.lib : csl_irq.obj (.far)
                  00002de4    0000008c     rts6700.lib : exit.obj (.far)
                  00002e70    00000038     csl6713.lib : csl_mcbsp.obj (.far)
                  00002ea8    00000028     dsk6713bsl.lib : dsk6713_aic23_registers.obj (.far)
                  00002ed0    00000020                    : dsk6713_aic23_setfreq.obj (.far)
                  00002ef0    00000008                    : dsk6713_aic23_opencodec.obj (.far)
                  00002ef8    00000008     rts6700.lib : _lock.obj (.far)
                  00002f00    00000002     dsk6713bsl.lib : dsk6713.obj (.far)

.stack     0    00002f08    00000400     UNINITIALIZED
                  00002f08    00000008     rts6700.lib : boot.obj (.stack)
                  00002f10    000003f8     --HOLE--

.cinit     0    00003308    000002ac     
                  00003308    0000012c     csl6713.lib : csl_irq.obj (.cinit)
                  00003434    00000004     --HOLE-- [fill = 0]
                  00003438    00000072     FFT64_Analyzer.obj (.cinit)
                  000034aa    00000006     --HOLE-- [fill = 0]
                  000034b0    00000054     csl6713.lib : csl_mcbsp.obj (.cinit)
                  00003504    00000004     --HOLE-- [fill = 0]
                  00003508    00000030     dsk6713bsl.lib : dsk6713_aic23_registers.obj (.cinit)
                  00003538    0000002c     rts6700.lib : exit.obj (.cinit)
                  00003564    00000004     --HOLE-- [fill = 0]
                  00003568    00000028     dsk6713bsl.lib : dsk6713_aic23_setfreq.obj (.cinit)
                  00003590    0000001c     rts6700.lib : _lock.obj (.cinit)
                  000035ac    00000004     --HOLE-- [fill = 0]
                  000035b0    00000004     (.pad.cinit) [fill = 0]

.const     0    000035b4    00000060     
                  000035b4    00000040     dsk6713bsl.lib : dsk6713_aic23_opencodec.obj (.const)
                  000035f4    00000020                    : dsk6713.obj (.const)

.bss       0    00003614    0000000e     UNINITIALIZED
                  00003614    0000000e     FFT64_Analyzer.obj (.bss)


GLOBAL SYMBOLS: SORTED ALPHABETICALLY BY Name 

address    name
--------   ----
00003614   $bss
00003614   .bss
00000220   .text
00000040   AINT_V
00001cc0   C$$EXIT
00000140   INT10_V
00000160   INT11_V
00000180   INT12_V
000001a0   INT13_V
000001c0   INT14_V
000001e0   INT15_V
00000060   INT3_V
00000080   INT4_V
000000a0   INT5_V
000000c0   INT6_V
000000e0   INT7_V
00000100   INT8_V
00000120   INT9_V
00000020   NMI_V
00000000   RESET_V
00001d04   _AIC23CfgData
00002cec   _AIC23_data
00001d00   _AIC_data
00002ef0   _DSK6713_AIC23_codeccontrolhandle
00002ef4   _DSK6713_AIC23_codecdatahandle
00001420   _DSK6713_AIC23_config
00000680   _DSK6713_AIC23_openCodec
000013fc   _DSK6713_AIC23_rget
00001360   _DSK6713_AIC23_rset
00001880   _DSK6713_AIC23_setFreq
000005f8   _DSK6713_getVersion
00000250   _DSK6713_init
00000550   _DSK6713_rget
00000564   _DSK6713_rset
00002f00   _DSK6713_version
00000578   _DSK6713_wait
000005cc   _DSK6713_waitusec
00001b00   _IRQ_enable
00001bc0   _IRQ_globalDisable
00001be0   _IRQ_globalEnable
00000d80   _IRQ_map
00001c00   _IRQ_nmiEnable
00001b40   _IRQ_reset
00001c20   _IRQ_set
00001940   _MCBSP_config
00001c40   _MCBSP_getXmtEventId
000016c0   _MCBSP_open
00001c60   _MCBSP_read
000010a0   _MCBSP_reset
000015c0   _MCBSP_start
00001c80   _MCBSP_write
00002ddc   __IRQ_dispatchTable
00002d18   __IRQ_eventTable
00001ce0   __IRQ_hookFetchPacket
00002d9c   __IRQ_intTable
00002ea0   __MCBSP_hDev0
00002ea4   __MCBSP_hDev1
00003308   __STACK_END
00000400   __STACK_SIZE
ffffffff   ___TI_pprof_out_hndl
ffffffff   ___TI_prof_data_size
ffffffff   ___TI_prof_data_start
ffffffff   ___binit__
00003614   ___bss__
ffffffff   ___c_args__
00003308   ___cinit__
00003622   ___end__
00001d00   ___etext__
ffffffff   ___pinit__
00000220   ___text__
00001b80   __args_main
000014a0   __auto_init
00002e68   __cleanup_ptr
00002e6c   __dtors_ptr
00002ef8   __lock
00001ca0   __nop
00002f08   __stack
000017a0   __strasg
00002efc   __unlock
00001cc0   _abort
00001a80   _c_int00
00001d24   _config
00003620   _count_INT
00001220   _exit
0000361c   _fs
00003614   _hAIC23_handle
00001d4c   _inBuf_L
0000251c   _inBuf_R
00000bc0   _intser_McBSP1
00000f20   _main
00000980   _memcpy
ffffffff   binit
00003308   cinit
00003622   end
00001d00   etext
ffffffff   pinit


GLOBAL SYMBOLS: SORTED BY Symbol Address 

address    name
--------   ----
00000000   RESET_V
00000020   NMI_V
00000040   AINT_V
00000060   INT3_V
00000080   INT4_V
000000a0   INT5_V
000000c0   INT6_V
000000e0   INT7_V
00000100   INT8_V
00000120   INT9_V
00000140   INT10_V
00000160   INT11_V
00000180   INT12_V
000001a0   INT13_V
000001c0   INT14_V
000001e0   INT15_V
00000220   .text
00000220   ___text__
00000250   _DSK6713_init
00000400   __STACK_SIZE
00000550   _DSK6713_rget
00000564   _DSK6713_rset
00000578   _DSK6713_wait
000005cc   _DSK6713_waitusec
000005f8   _DSK6713_getVersion
00000680   _DSK6713_AIC23_openCodec
00000980   _memcpy
00000bc0   _intser_McBSP1
00000d80   _IRQ_map
00000f20   _main
000010a0   _MCBSP_reset
00001220   _exit
00001360   _DSK6713_AIC23_rset
000013fc   _DSK6713_AIC23_rget
00001420   _DSK6713_AIC23_config
000014a0   __auto_init
000015c0   _MCBSP_start
000016c0   _MCBSP_open
000017a0   __strasg
00001880   _DSK6713_AIC23_setFreq
00001940   _MCBSP_config
00001a80   _c_int00
00001b00   _IRQ_enable
00001b40   _IRQ_reset
00001b80   __args_main
00001bc0   _IRQ_globalDisable
00001be0   _IRQ_globalEnable
00001c00   _IRQ_nmiEnable
00001c20   _IRQ_set
00001c40   _MCBSP_getXmtEventId
00001c60   _MCBSP_read
00001c80   _MCBSP_write
00001ca0   __nop
00001cc0   C$$EXIT
00001cc0   _abort
00001ce0   __IRQ_hookFetchPacket
00001d00   _AIC_data
00001d00   ___etext__
00001d00   etext
00001d04   _AIC23CfgData
00001d24   _config
00001d4c   _inBuf_L
0000251c   _inBuf_R
00002cec   _AIC23_data
00002d18   __IRQ_eventTable
00002d9c   __IRQ_intTable
00002ddc   __IRQ_dispatchTable
00002e68   __cleanup_ptr
00002e6c   __dtors_ptr
00002ea0   __MCBSP_hDev0
00002ea4   __MCBSP_hDev1
00002ef0   _DSK6713_AIC23_codeccontrolhandle
00002ef4   _DSK6713_AIC23_codecdatahandle
00002ef8   __lock
00002efc   __unlock
00002f00   _DSK6713_version
00002f08   __stack
00003308   __STACK_END
00003308   ___cinit__
00003308   cinit
00003614   $bss
00003614   .bss
00003614   ___bss__
00003614   _hAIC23_handle
0000361c   _fs
00003620   _count_INT
00003622   ___end__
00003622   end
ffffffff   ___TI_pprof_out_hndl
ffffffff   ___TI_prof_data_size
ffffffff   ___TI_prof_data_start
ffffffff   ___binit__
ffffffff   ___c_args__
ffffffff   ___pinit__
ffffffff   binit
ffffffff   pinit

[96 symbols]
