******************************************************************************
               TMS320C6x Linker PC v7.4.20                     
******************************************************************************
>> Linked Tue Apr 25 09:23:20 2017

OUTPUT FILE NAME:   <FFT8_Radix2.out>
ENTRY POINT SYMBOL: "_c_int00"  address: 00008d40


MEMORY CONFIGURATION

         name            origin    length      used     unused   attr    fill
----------------------  --------  ---------  --------  --------  ----  --------
  IVECS                 00000000   00000220  00000000  00000220  RWIX
  IRAM                  00000220   0002fde0  0000a114  00025ccc  RWIX
  SDRAM                 80000000   00100000  00000000  00100000  RWIX
  FLASH                 90000000   00020000  00000000  00020000  RWIX


SECTION ALLOCATION MAP

 output                                  attributes/
section   page    origin      length       input sections
--------  ----  ----------  ----------   ----------------
$BRID      0    00000000    00000054     COPY SECTION
                  00000000    00000054     dsk6713bsl.lib : dsk6713.obj ($BRID)

.text      0    00000220    00008e40     
                  00000220    00000640     FFT8_Radix2.obj (.text)
                  00000860    00000520     rts6700.lib : _printfi.obj (.text:__setfield)
                  00000d80    00000480                 : _printfi.obj (.text:__getarg_diouxp)
                  00001200    00000460                 : _printfi.obj (.text:__printfi)
                  00001660    00000460     dsk6713bsl.lib : dsk6713.obj (.text)
                  00001ac0    00000400     rts6700.lib : _printfi.obj (.text:__fcpy)
                  00001ec0    000003e0                 : _printfi.obj (.text:_ecvt)
                  000022a0    000003e0                 : _printfi.obj (.text:_fcvt)
                  00002680    000003a0                 : cos.obj (.text:_cos)
                  00002a20    000003a0                 : fputs.obj (.text:_fputs)
                  00002dc0    000003a0                 : memory.obj (.text:_free)
                  00003160    00000380                 : _printfi.obj (.text:__pproc_fwp)
                  000034e0    00000360                 : sin.obj (.text:_sin)
                  00003840    00000340                 : _printfi.obj (.text:__pconv_e)
                  00003b80    00000320                 : imath64.obj (.text:__divull)
                  00003ea0    00000320                 : frcdivd.obj (.text:__frcdivd)
                  000041c0    000002e0                 : _printfi.obj (.text:__pproc_diouxp)
                  000044a0    000002e0                 : _printfi.obj (.text:__pproc_str)
                  00004780    00000280                 : divd.obj (.text:__divd)
                  00004a00    00000280                 : atan.obj (.text:_atan)
                  00004c80    00000280     radix2.obj (.text)
                  00004f00    00000240     rts6700.lib : imath40.obj (.text:__divul)
                  00005140    00000240                 : memcpy62.obj (.text:_memcpy)
                  00005380    00000220                 : trgdrv.obj (.text:_HOSTrename)
                  000055a0    00000220                 : _printfi.obj (.text:__mcpy)
                  000057c0    00000220                 : setvbuf.obj (.text:_setvbuf)
                  000059e0    00000200                 : _printfi.obj (.text:__pconv_g)
                  00005be0    00000200                 : memory.obj (.text:_malloc)
                  00005de0    000001c0                 : _printfi.obj (.text:__ltostr)
                  00005fa0    000001a0                 : lowlev.obj (.text:_getdevice)
                  00006140    00000180                 : fputc.obj (.text:_fputc)
                  000062c0    00000180     butterfly.obj (.text)
                  00006440    00000160     rts6700.lib : _printfi.obj (.text:__pproc_fflags)
                  000065a0    00000160                 : fclose.obj (.text:_fclose)
                  00006700    00000140                 : trgdrv.obj (.text:_HOSTopen)
                  00006840    00000140                 : atoi.obj (.text:_atoi)
                  00006980    00000140                 : exit.obj (.text:_exit)
                  00006ac0    00000140                 : ltoa.obj (.text:_ltoa)
                  00006c00    00000140                 : memset.obj (.text:_memset)
                  00006d40    00000120                 : trgdrv.obj (.text:_HOSTlseek)
                  00006e60    00000120                 : trgdrv.obj (.text:_HOSTread)
                  00006f80    00000120                 : trgdrv.obj (.text:_HOSTwrite)
                  000070a0    00000120                 : autoinit.obj (.text:__auto_init)
                  000071c0    00000120                 : fopen.obj (.text:__cleanup)
                  000072e0    00000120                 : _printfi.obj (.text:__div)
                  00007400    00000120                 : imath40.obj (.text:__divli)
                  00007520    00000120                 : _io_perm.obj (.text:__wrt_ok)
                  00007640    00000120                 : lowlev.obj (.text:_close)
                  00007760    00000120                 : fseek.obj (.text:_fseek)
                  00007880    00000120                 : lowlev.obj (.text:_lseek)
                  000079a0    00000120                 : lowlev.obj (.text:_write)
                  00007ac0    00000100                 : trgdrv.obj (.text:_HOSTunlink)
                  00007bc0    00000100                 : _printfi.obj (.text:__ecpy)
                  00007cc0    00000100                 : _printfi.obj (.text:__pconv_f)
                  00007dc0    00000100                 : _printfi.obj (.text:__pproc_fge)
                  00007ec0    000000e0                 : trgdrv.obj (.text:_HOSTclose)
                  00007fa0    000000e0                 : round.obj (.text:__round)
                  00008080    000000e0                 : strasg.obj (.text:__strasg)
                  00008160    000000e0                 : memory.obj (.text:_minsert)
                  00008240    000000e0                 : modf.obj (.text:_modf)
                  00008320    000000c0                 : divu.obj (.text:__divu)
                  000083e0    000000c0                 : fflush.obj (.text:__doflush)
                  000084a0    000000c0                 : fixdi.obj (.text:__fixdi)
                  00008560    000000c0                 : fixdli.obj (.text:__fixdli)
                  00008620    000000c0                 : lowlev.obj (.text:_finddevice)
                  000086e0    000000c0                 : memory.obj (.text:_mremove)
                  000087a0    000000c0                 : trgmsg.obj (.text:_readmsg)
                  00008860    000000c0                 : trgmsg.obj (.text:_writemsg)
                  00008920    000000a0                 : fltlid.obj (.text:__fltlid)
                  000089c0    000000a0                 : mpyll.obj (.text:__mpyll)
                  00008a60    000000a0                 : imath40.obj (.text:__remli)
                  00008b00    000000a0                 : printf.obj (.text:_printf)
                  00008ba0    000000a0                 : lowlev.obj (.text:_unlink)
                  00008c40    00000080                 : llshift.obj (.text:__llshl)
                  00008cc0    00000080                 : llshift.obj (.text:__llshru)
                  00008d40    00000080                 : boot.obj (.text:_c_int00)
                  00008dc0    00000080                 : memccpy.obj (.text:_memccpy)
                  00008e40    00000060                 : fltid.obj (.text:__fltid)
                  00008ea0    00000060                 : imath64.obj (.text:__subcull)
                  00008f00    00000040                 : args_main.obj (.text:__args_main)
                  00008f40    00000040                 : trunc.obj (.text:__trunc)
                  00008f80    00000020                 : mpyd.obj (.text:__mpyd)
                  00008fa0    00000020                 : negll.obj (.text:__negll)
                  00008fc0    00000020                 : _lock.obj (.text:__nop)
                  00008fe0    00000020                 : printf.obj (.text:__outc)
                  00009000    00000020                 : printf.obj (.text:__outs)
                  00009020    00000020                 : exit.obj (.text:_abort)
                  00009040    00000020                 : remove.obj (.text:_remove)

.far       0    00009060    0000056e     UNINITIALIZED
                  00009060    00000194     rts6700.lib : defs.obj (.far)
                  000091f4    000000d0                 : trgdrv.obj (.far)
                  000092c4    000000cc                 : lowlev.obj (.far)
                  00009390    000000bc     FFT8_Radix2.obj (.far)
                  0000944c    0000008c     rts6700.lib : exit.obj (.far)
                  000094d8    00000060                 : atan.obj (.far)
                  00009538    00000040                 : cos.obj (.far)
                  00009578    00000040                 : sin.obj (.far)
                  000095b8    00000008                 : _lock.obj (.far)
                  000095c0    00000008                 : memory.obj (.far)
                  000095c8    00000004                 : fopen.obj (.far)
                  000095cc    00000002     dsk6713bsl.lib : dsk6713.obj (.far)

.stack     0    000095d0    00000400     UNINITIALIZED
                  000095d0    00000008     rts6700.lib : boot.obj (.stack)
                  000095d8    000003f8     --HOLE--

.sysmem    0    000099d0    00000400     UNINITIALIZED
                  000099d0    00000008     rts6700.lib : memory.obj (.sysmem)
                  000099d8    000003f8     --HOLE--

.cinit     0    00009dd0    000002c4     
                  00009dd0    00000070     FFT8_Radix2.obj (.cinit)
                  00009e40    00000070     rts6700.lib : atan.obj (.cinit)
                  00009eb0    0000005c                 : defs.obj (.cinit)
                  00009f0c    00000004     --HOLE-- [fill = 0]
                  00009f10    0000005c                 : lowlev.obj (.cinit)
                  00009f6c    00000004     --HOLE-- [fill = 0]
                  00009f70    00000048                 : cos.obj (.cinit)
                  00009fb8    00000048                 : sin.obj (.cinit)
                  0000a000    0000002c                 : exit.obj (.cinit)
                  0000a02c    00000004     --HOLE-- [fill = 0]
                  0000a030    0000002c                 : memory.obj (.cinit)
                  0000a05c    00000004     --HOLE-- [fill = 0]
                  0000a060    0000001c                 : _lock.obj (.cinit)
                  0000a07c    00000004     --HOLE-- [fill = 0]
                  0000a080    0000000c                 : fopen.obj (.cinit)
                  0000a08c    00000004     --HOLE-- [fill = 0]
                  0000a090    00000004     (.pad.cinit) [fill = 0]

.const     0    0000a094    0000015a     
                  0000a094    00000101     rts6700.lib : ctype.obj (.const)
                  0000a195    00000023                 : _printfi.obj (.const)
                  0000a1b8    00000020     dsk6713bsl.lib : dsk6713.obj (.const)
                  0000a1d8    00000014     FFT8_Radix2.obj (.const:.string)
                  0000a1ec    00000002     rts6700.lib : fputs.obj (.const)

.cio       0    0000a1f0    00000120     UNINITIALIZED
                  0000a1f0    00000120     rts6700.lib : trgmsg.obj (.cio)

.bss       0    0000a310    00000018     UNINITIALIZED
                  0000a310    00000018     FFT8_Radix2.obj (.bss)

.switch    0    0000a328    00000010     
                  0000a328    00000010     rts6700.lib : frcdivd.obj (.switch)


GLOBAL SYMBOLS: SORTED ALPHABETICALLY BY Name 

address    name
--------   ----
0000a310   $bss
0000a310   .bss
00000220   .text
00009020   C$$EXIT
0000890c   C$$IO$$
00009394   _AIC23CfgData
00009390   _AIC_data
00001a38   _DSK6713_getVersion
00001690   _DSK6713_init
00001990   _DSK6713_rget
000019a4   _DSK6713_rset
000095cc   _DSK6713_version
000019b8   _DSK6713_wait
00001a0c   _DSK6713_waitusec
00007ec0   _HOSTclose
00006d40   _HOSTlseek
00006700   _HOSTopen
00006e60   _HOSTread
00005380   _HOSTrename
00007ac0   _HOSTunlink
00006f80   _HOSTwrite
0000a314   _N_FFT
0000a1f0   __CIOBUF_
000099d0   __STACK_END
00000400   __STACK_SIZE
00000400   __SYSMEM_SIZE
ffffffff   ___TI_pprof_out_hndl
ffffffff   ___TI_prof_data_size
ffffffff   ___TI_prof_data_start
ffffffff   ___binit__
0000a310   ___bss__
ffffffff   ___c_args__
00009dd0   ___cinit__
0000a328   ___end__
00009060   ___etext__
ffffffff   ___pinit__
00000220   ___text__
00008f00   __args_main
000070a0   __auto_init
000071c0   __cleanup
000094d0   __cleanup_ptr
0000a094   __ctypes_
00004780   __divd
00007400   __divli
00008320   __divu
00004f00   __divul
00003b80   __divull
000083e0   __doflush
000094d4   __dtors_ptr
000084a0   __fixdi
00008560   __fixdli
00008e40   __fltid
00008920   __fltlid
00003ea0   __frcdivd
000091f0   __ft_end
00009060   __ftable
00008c40   __llshl
00008cc0   __llshru
000095b8   __lock
00008f80   __mpyd
000089c0   __mpyll
00008fa0   __negll
00008fc0   __nop
00001200   __printfi
00008a60   __remli
00007fa0   __round
000095d0   __stack
00008080   __strasg
00008ea0   __subcull
000099d0   __sys_memory
00009150   __tmpnams
00008f40   __trunc
000095bc   __unlock
00007520   __wrt_ok
00009020   _abort
00004a00   _atan
00006840   _atoi
000062c0   _butterfly
00008d40   _c_int00
00007640   _close
000093b4   _config
00002680   _cos
00006980   _exit
000065a0   _fclose
00006140   _fputc
00002a20   _fputs
00002dc0   _free
00007760   _fseek
0000a310   _hAIC23_handle
0000a318   _i
000093dc   _in_buf
0000943c   _index
0000a31a   _j
00007880   _lseek
00006ac0   _ltoa
00000220   _main
00005be0   _malloc
00008dc0   _memccpy
00005140   _memcpy
00006c00   _memset
00008240   _modf
0000940c   _out_buf
0000a320   _pi
00008b00   _printf
00006140   _putc
00004c80   _radix2
000087a0   _readmsg
00009040   _remove
000057c0   _setvbuf
000034e0   _sin
00008ba0   _unlink
00009434   _w_i
0000942c   _w_r
000079a0   _write
00008860   _writemsg
000093ec   _x
ffffffff   binit
00009dd0   cinit
0000a328   end
00009060   etext
ffffffff   pinit


GLOBAL SYMBOLS: SORTED BY Symbol Address 

address    name
--------   ----
00000220   .text
00000220   ___text__
00000220   _main
00000400   __STACK_SIZE
00000400   __SYSMEM_SIZE
00001200   __printfi
00001690   _DSK6713_init
00001990   _DSK6713_rget
000019a4   _DSK6713_rset
000019b8   _DSK6713_wait
00001a0c   _DSK6713_waitusec
00001a38   _DSK6713_getVersion
00002680   _cos
00002a20   _fputs
00002dc0   _free
000034e0   _sin
00003b80   __divull
00003ea0   __frcdivd
00004780   __divd
00004a00   _atan
00004c80   _radix2
00004f00   __divul
00005140   _memcpy
00005380   _HOSTrename
000057c0   _setvbuf
00005be0   _malloc
00006140   _fputc
00006140   _putc
000062c0   _butterfly
000065a0   _fclose
00006700   _HOSTopen
00006840   _atoi
00006980   _exit
00006ac0   _ltoa
00006c00   _memset
00006d40   _HOSTlseek
00006e60   _HOSTread
00006f80   _HOSTwrite
000070a0   __auto_init
000071c0   __cleanup
00007400   __divli
00007520   __wrt_ok
00007640   _close
00007760   _fseek
00007880   _lseek
000079a0   _write
00007ac0   _HOSTunlink
00007ec0   _HOSTclose
00007fa0   __round
00008080   __strasg
00008240   _modf
00008320   __divu
000083e0   __doflush
000084a0   __fixdi
00008560   __fixdli
000087a0   _readmsg
00008860   _writemsg
0000890c   C$$IO$$
00008920   __fltlid
000089c0   __mpyll
00008a60   __remli
00008b00   _printf
00008ba0   _unlink
00008c40   __llshl
00008cc0   __llshru
00008d40   _c_int00
00008dc0   _memccpy
00008e40   __fltid
00008ea0   __subcull
00008f00   __args_main
00008f40   __trunc
00008f80   __mpyd
00008fa0   __negll
00008fc0   __nop
00009020   C$$EXIT
00009020   _abort
00009040   _remove
00009060   ___etext__
00009060   __ftable
00009060   etext
00009150   __tmpnams
000091f0   __ft_end
00009390   _AIC_data
00009394   _AIC23CfgData
000093b4   _config
000093dc   _in_buf
000093ec   _x
0000940c   _out_buf
0000942c   _w_r
00009434   _w_i
0000943c   _index
000094d0   __cleanup_ptr
000094d4   __dtors_ptr
000095b8   __lock
000095bc   __unlock
000095cc   _DSK6713_version
000095d0   __stack
000099d0   __STACK_END
000099d0   __sys_memory
00009dd0   ___cinit__
00009dd0   cinit
0000a094   __ctypes_
0000a1f0   __CIOBUF_
0000a310   $bss
0000a310   .bss
0000a310   ___bss__
0000a310   _hAIC23_handle
0000a314   _N_FFT
0000a318   _i
0000a31a   _j
0000a320   _pi
0000a328   ___end__
0000a328   end
ffffffff   ___TI_pprof_out_hndl
ffffffff   ___TI_prof_data_size
ffffffff   ___TI_prof_data_start
ffffffff   ___binit__
ffffffff   ___c_args__
ffffffff   ___pinit__
ffffffff   binit
ffffffff   pinit

[121 symbols]
